******************************************************************************
            TI ARM Clang Linker PC v4.0.4                      
******************************************************************************
>> Linked Sun May  3 14:03:32 2026

OUTPUT FILE NAME:   <CMPE146Lab8E2.out>
ENTRY POINT SYMBOL: "_c_int00_noargs"  address: 00003f79


MEMORY CONFIGURATION

         name            origin    length      used     unused   attr    fill
----------------------  --------  ---------  --------  --------  ----  --------
  FLASH                 00000000   00020000  000042f0  0001bd10  R  X
  SRAM                  20200000   00008000  0000318c  00004e74  RW X
  BCR_CONFIG            41c00000   000000ff  00000000  000000ff  R   
  BSL_CONFIG            41c00100   00000080  00000000  00000080  R   


SEGMENT ALLOCATION MAP

run origin  load origin   length   init length attrs members
----------  ----------- ---------- ----------- ----- -------
00000000    00000000    000042f0   000042f0    r-x
  00000000    00000000    000000c0   000000c0    r-- .intvecs
  000000c0    000000c0    000041d0   000041d0    r-x .text
  00004290    00004290    00000018   00000018    r-- .rodata
  000042a8    000042a8    00000048   00000048    r-- .cinit
20200000    20200000    00002f8c   00000000    rw-
  20200000    20200000    00002f0c   00000000    rw- .bss
  20202f0c    20202f0c    00000080   00000000    rw- .data
20207e00    20207e00    00000200   00000000    rw-
  20207e00    20207e00    00000200   00000000    rw- .stack


SECTION ALLOCATION MAP

 output                                  attributes/
section   page    origin      length       input sections
--------  ----  ----------  ----------   ----------------
.intvecs   0    00000000    000000c0     
                  00000000    000000c0     startup_mspm0g350x_ticlang.o (.intvecs)

.text      0    000000c0    000041d0     
                  000000c0    00000294     freertos_builds_LP_MSPM0G3507_release_ticlang.lib : heap_4.o (.text.pvPortMalloc)
                  00000354    00000210                                                       : tasks.o (.text.xTaskIncrementTick)
                  00000564    000001f8                                                       : tasks.o (.text.xTaskResumeAll)
                  0000075c    000001de                                                       : queue.o (.text.xQueueSemaphoreTake)
                  0000093a    000001d2                                                       : queue.o (.text.xQueueGenericSend)
                  00000b0c    000001a4                                                       : queue.o (.text.xQueueReceive)
                  00000cb0    000001a0                                                       : port.o (.text.vPortSuppressTicksAndSleep)
                  00000e50    00000190                                                       : tasks.o (.text.xTaskRemoveFromEventList)
                  00000fe0    0000015c                                                       : timers.o (.text.prvProcessReceivedCommands)
                  0000113c    0000014c                                                       : pthread.o (.text.pthread_create)
                  00001288    00000144                                                       : tasks.o (.text.vTaskPriorityDisinheritAfterTimeout)
                  000013cc    00000128                                                       : tasks.o (.text.prvAddNewTaskToReadyList)
                  000014f4    00000128                                                       : tasks.o (.text.xTaskPriorityInherit)
                  0000161c    00000124                                                       : tasks.o (.text.vTaskSuspend)
                  00001740    0000011c                                                       : tasks.o (.text.vTaskDelete)
                  0000185c    00000114                                                       : port.o (.text.pxPortInitialiseStack)
                  00001970    0000010e                                                       : queue.o (.text.xQueueGiveFromISR)
                  00001a7e    00000002     startup_mspm0g350x_ticlang.o (.text.Default_Handler)
                  00001a80    0000010c     freertos_builds_LP_MSPM0G3507_release_ticlang.lib : heap_4.o (.text.prvInsertBlockIntoFreeList)
                  00001b8c    0000010c                                                       : tasks.o (.text.vTaskSwitchContext)
                  00001c98    00000108                                                       : tasks.o (.text.xTaskPriorityDisinherit)
                  00001da0    00000104                                                       : tasks.o (.text.prvInitialiseNewTask)
                  00001ea4    000000f8                                                       : heap_4.o (.text.vPortFree)
                  00001f9c    000000e4                                                       : tasks.o (.text.prvAddCurrentTaskToDelayedList)
                  00002080    000000e4                                                       : queue.o (.text.xQueueGenericReset)
                  00002164    000000d4                                                       : queue.o (.text.prvCopyDataToQueue)
                  00002238    000000cc                                                       : tasks.o (.text.prvCreateIdleTasks)
                  00002304    000000b6                                                       : queue.o (.text.prvUnlockQueue)
                  000023ba    00000002     libclang_rt.builtins.a : aeabi_div0.c.obj (.text.__aeabi_idiv0)
                  000023bc    000000b4     multitask-led.o (.text.main)
                  00002470    000000b4     freertos_builds_LP_MSPM0G3507_release_ticlang.lib : tasks.o (.text.xTaskCheckForTimeOut)
                  00002524    000000a0                                                       : heap_4.o (.text.prvHeapInit)
                  000025c4    000000a0                                                       : queue.o (.text.xQueueGenericCreateStatic)
                  00002664    0000009a     libc.a : memcpy16.S.obj (.text:memcpy)
                  000026fe    00000002            : _lock.c.obj (.text._nop)
                  00002700    00000098     multitask-led.o (.text.controlTask)
                  00002798    00000098     freertos_builds_LP_MSPM0G3507_release_ticlang.lib : tasks.o (.text.prvCreateStaticTask)
                  00002830    00000094                                                       : queue.o (.text.xQueueGenericCreate)
                  000028c4    0000008c                                                       : timers.o (.text.prvProcessTimerOrBlockTask)
                  00002950    0000008c                                                       : pthread.o (.text.removeThreadKeys)
                  000029dc    00000084                                                       : tasks.o (.text.prvCreateTask)
                  00002a60    00000084                                                       : timers.o (.text.prvInsertTimerInActiveList)
                  00002ae4    00000084                                                       : tasks.o (.text.vTaskStepTick)
                  00002b68    00000080                                                       : port.o (.text.xPortStartScheduler)
                  00002be8    0000007c                                                       : memory.o (.text.calloc)
                  00002c64    0000007c                                                       : tasks.o (.text.eTaskConfirmSleepModeStatus)
                  00002ce0    0000007c                                                       : tasks.o (.text.prvInitialiseTaskLists)
                  00002d5c    0000007c                                                       : timers.o (.text.xTimerCreateTimerTask)
                  00002dd8    0000007c     libc.a : copy_decompress_lzss.c.obj (.text:decompress:lzss)
                  00002e54    00000078     freertos_builds_LP_MSPM0G3507_release_ticlang.lib : tasks.o (.text.prvGetExpectedIdleTime)
                  00002ecc    00000074                                                       : tasks.o (.text.vTaskPlaceOnEventListRestricted)
                  00002f40    0000006e                                                       : pthread.o (.text.pthread_exit)
                  00002fae    00000002     multitask-led.o (.text.vApplicationStackOverflowHook)
                  00002fb0    0000006c     freertos_builds_LP_MSPM0G3507_release_ticlang.lib : timers.o (.text.prvCheckForValidListAndQueue)
                  0000301c    0000006c                                                       : list.o (.text.vListInsert)
                  00003088    0000006a                                                       : queue.o (.text.vQueueWaitForMessageRestricted)
                  000030f2    00000002     --HOLE-- [fill = 0]
                  000030f4    00000068                                                       : tasks.o (.text.vTaskStartScheduler)
                  0000315c    00000064                                                       : semaphore.o (.text.sem_init)
                  000031c0    00000062     libc.a : memset16.S.obj (.text:memset)
                  00003222    00000002     --HOLE-- [fill = 0]
                  00003224    00000060     freertos_builds_LP_MSPM0G3507_release_ticlang.lib : tasks.o (.text.pvTaskGetThreadLocalStoragePointer)
                  00003284    0000005c                                                       : tasks.o (.text.prvIdleTask)
                  000032e0    0000005a                                                       : pthread.o (.text.pthread_setcancelstate)
                  0000333a    00000002     --HOLE-- [fill = 0]
                  0000333c    00000058                                                       : tasks.o (.text.vTaskSetThreadLocalStoragePointer)
                  00003394    00000056     libclang_rt.builtins.a : aeabi_idivmod.S.obj (.text.__aeabi_idivmod)
                  000033ea    00000002     --HOLE-- [fill = 0]
                  000033ec    00000054     freertos_builds_LP_MSPM0G3507_release_ticlang.lib : aeabi_portable.o (.text.__aeabi_errno_addr)
                  00003440    00000054                                                       : port.o (.text.vPortSetupTimerInterrupt)
                  00003494    00000054                                                       : queue.o (.text.xQueueCreateCountingSemaphore)
                  000034e8    00000050                                                       : tasks.o (.text.prvCheckTasksWaitingTermination)
                  00003538    00000050                                                       : tasks.o (.text.prvDeleteTCB)
                  00003588    00000050                                                       : timers.o (.text.prvProcessExpiredTimer)
                  000035d8    00000050                                                       : sleep.o (.text.usleep)
                  00003628    00000050                                                       : tasks.o (.text.vTaskDelay)
                  00003678    0000004e                                                       : semaphore.o (.text.sem_post)
                  000036c6    0000004c                                                       : tasks.o (.text.xTaskCreateStatic)
                  00003712    0000004a                                                       : memory.o (.text.malloc)
                  0000375c    00000048                                                       : sleep.o (.text.sleep)
                  000037a4    00000048                                                       : list.o (.text.uxListRemove)
                  000037ec    00000048                                                       : tasks.o (.text.xTaskCreate)
                  00003834    00000048                                                       : tasks.o (.text.xTaskGetApplicationTaskTag)
                  0000387c    00000046                                                       : queue.o (.text.prvInitialiseNewQueue)
                  000038c2    0000000e                                                       : list.o (.text.vListInitialiseItem)
                  000038d0    00000044                                                       : portasm.o (.text.PendSV_Handler)
                  00003914    00000044                                                       : queue.o (.text.prvCopyDataFromQueue)
                  00003958    00000044                                                       : timers.o (.text.prvSwitchTimerLists)
                  0000399c    00000040     libclang_rt.builtins.a : aeabi_uidivmod.S.obj (.text.__aeabi_uidivmod)
                  000039dc    00000040     multitask-led.o (.text.timingTask)
                  00003a1c    0000003c     freertos_builds_LP_MSPM0G3507_release_ticlang.lib : timers.o (.text.prvSampleTimeNow)
                  00003a58    0000003c     libc.a : autoinit.c.obj (.text:__TI_auto_init_nobinit_nopinit)
                  00003a94    0000003a     freertos_builds_LP_MSPM0G3507_release_ticlang.lib : list.o (.text.vListInsertEnd)
                  00003ace    00000002     --HOLE-- [fill = 0]
                  00003ad0    00000038                                                       : timers.o (.text.prvGetNextExpireTime)
                  00003b08    00000038     libc.a : rand.c.obj (.text.rand)
                  00003b40    00000038     freertos_builds_LP_MSPM0G3507_release_ticlang.lib : tasks.o (.text.xTaskGetSchedulerState)
                  00003b78    00000036                                                       : timers.o (.text.prvReloadTimer)
                  00003bae    00000034                                                       : pthread.o (.text.pthread_attr_setschedparam)
                  00003be2    00000002     --HOLE-- [fill = 0]
                  00003be4    00000034                                                       : tasks.o (.text.vTaskPlaceOnEventList)
                  00003c18    00000034                                                       : tasks.o (.text.vTaskSetApplicationTaskTag)
                  00003c4c    00000032                                                       : queue.o (.text.vQueueDelete)
                  00003c7e    00000002     --HOLE-- [fill = 0]
                  00003c80    00000030                                                       : HwiPMSPM0_freertos.o (.text.HwiP_inISR)
                  00003cb0    00000030     ti_msp_dl_config.o (.text.SYSCFG_DL_GPIO_init)
                  00003ce0    00000030     freertos_builds_LP_MSPM0G3507_release_ticlang.lib : port.o (.text.SysTick_Handler)
                  00003d10    00000030                                                       : tasks.o (.text.prvResetNextTaskUnblockTime)
                  00003d40    00000030                                                       : port.o (.text.prvTaskExitError)
                  00003d70    0000002e                                                       : queue.o (.text.prvIsQueueFull)
                  00003d9e    0000002e                                                       : pthread.o (.text.pthread_attr_setdetachstate)
                  00003dcc    0000002e                                                       : port.o (.text.vPortSVCHandler_C)
                  00003dfa    00000002     --HOLE-- [fill = 0]
                  00003dfc    0000002c     ti_msp_dl_config.o (.text.SYSCFG_DL_initPower)
                  00003e28    0000002c     freertos_builds_LP_MSPM0G3507_release_ticlang.lib : pthread.o (.text._pthread_cleanup_pop)
                  00003e54    0000002c                                                       : list.o (.text.vListInitialise)
                  00003e80    0000002c                                                       : port.o (.text.vPortExitCritical)
                  00003eac    0000002a                                                       : queue.o (.text.prvIsQueueEmpty)
                  00003ed6    0000002a                                                       : semaphore.o (.text.semaphorePend)
                  00003f00    00000028                                                       : queue.o (.text.prvGetHighestPriorityOfWaitToReceiveList)
                  00003f28    00000028                                                       : StaticAllocs_freertos.o (.text.vApplicationGetIdleTaskMemory)
                  00003f50    00000028                                                       : StaticAllocs_freertos.o (.text.vApplicationGetTimerTaskMemory)
                  00003f78    00000028     libc.a : boot_cortex_m.c.obj (.text:_c_int00_noargs)
                  00003fa0    00000024     freertos_builds_LP_MSPM0G3507_release_ticlang.lib : PTLS.o (.text.PTLS_taskDeleteHook)
                  00003fc4    0000000c     libclang_rt.builtins.a : aeabi_memset.S.obj (.text.__aeabi_memclr)
                  00003fd0    00000024     freertos_builds_LP_MSPM0G3507_release_ticlang.lib : portasm.o (.text.SVC_Handler)
                  00003ff4    00000024                                                       : tasks.o (.text.pvTaskIncrementMutexHeldCount)
                  00004018    00000008     libclang_rt.builtins.a : aeabi_memcpy.S.obj (.text.__aeabi_memcpy)
                  00004020    00000024     freertos_builds_LP_MSPM0G3507_release_ticlang.lib : portasm.o (.text.vRestoreContextOfFirstTask)
                  00004044    00000020                                                       : tasks.o (.text.vTaskInternalSetTimeOutState)
                  00004064    0000001e                                                       : pthread.o (.text._pthread_runStub)
                  00004082    0000001e                                                       : timers.o (.text.prvTimerTask)
                  000040a0    0000001e                                                       : semaphore.o (.text.sem_wait)
                  000040be    00000002     --HOLE-- [fill = 0]
                  000040c0    0000001c     ti_msp_dl_config.o (.text.SYSCFG_DL_SYSCTL_init)
                  000040dc    0000001c     freertos_builds_LP_MSPM0G3507_release_ticlang.lib : pthread.o (.text.pthread_attr_init)
                  000040f8    0000001a                                                       : PTLS.o (.text.PTLS_getBuf)
                  00004112    0000001a                                                       : PTLS.o (.text.PTLS_setBuf)
                  0000412c    00000018                                                       : pthread.o (.text.pthread_self)
                  00004144    00000018                                                       : port.o (.text.vPortEnterCritical)
                  0000415c    00000018                                                       : port.o (.text.vPortYield)
                  00004174    00000014                                                       : memory.o (.text.aligned_alloc)
                  00004188    00000014                                                       : tasks.o (.text.xTaskGetCurrentTaskHandle)
                  0000419c    00000014                                                       : tasks.o (.text.xTaskGetTickCount)
                  000041b0    00000012                                                       : pthread.o (.text.pthread_attr_setstacksize)
                  000041c2    00000012     libc.a : copy_decompress_none.c.obj (.text:decompress:none)
                  000041d4    00000010     ti_msp_dl_config.o (.text.SYSCFG_DL_init)
                  000041e4    00000010     freertos_builds_LP_MSPM0G3507_release_ticlang.lib : memory.o (.text.free)
                  000041f4    0000000c                                                       : memory.o (.text.memalign)
                  00004200    00000010                                                       : portasm.o (.text.vStartFirstTask)
                  00004210    00000010                                                       : tasks.o (.text.vTaskSuspendAll)
                  00004220    00000010     libc.a : copy_zero_init.c.obj (.text:decompress:ZI)
                  00004230    0000000e     libclang_rt.builtins.a : aeabi_memset.S.obj (.text.__aeabi_memset)
                  0000423e    0000000c     freertos_builds_LP_MSPM0G3507_release_ticlang.lib : memory.o (.text.realloc)
                  0000424a    00000002     --HOLE-- [fill = 0]
                  0000424c    0000000c                                                       : tasks.o (.text.uxTaskGetNumberOfTasks)
                  00004258    0000000c                                                       : tasks.o (.text.vTaskMissedYield)
                  00004264    0000000a     driverlib.a : dl_common.o (.text.DL_Common_delayCycles)
                  0000426e    00000008     freertos_builds_LP_MSPM0G3507_release_ticlang.lib : portasm.o (.text.ulSetInterruptMask)
                  00004276    00000006                                                       : portasm.o (.text.vClearInterruptMask)
                  0000427c    00000006     libc.a : exit.c.obj (.text:abort)
                  00004282    00000004     libsysbm.a : hostexit.c.obj (.text.HOSTexit)
                  00004286    00000004     startup_mspm0g350x_ticlang.o (.text.Reset_Handler)
                  0000428a    00000004     libc.a : pre_init.c.obj (.text._system_pre_init)
                  0000428e    00000002     --HOLE-- [fill = 0]

.cinit     0    000042a8    00000048     
                  000042a8    0000001f     (.cinit..data.load) [load image, compression = lzss]
                  000042c7    00000001     --HOLE-- [fill = 0]
                  000042c8    0000000c     (__TI_handler_table)
                  000042d4    00000008     (.cinit..bss.load) [load image, compression = zero_init]
                  000042dc    00000010     (__TI_cinit_table)
                  000042ec    00000004     --HOLE-- [fill = 0]

.rodata    0    00004290    00000018     
                  00004290    00000008     freertos_builds_LP_MSPM0G3507_release_ticlang.lib : timers.o (.rodata.str1.6031452896567546882.1)
                  00004298    00000005                                                       : tasks.o (.rodata.str1.13344916649340266805.1)
                  0000429d    00000002                                                       : pthread.o (.rodata.str1.301604644627550129.1)
                  0000429f    00000001     --HOLE-- [fill = 0]
                  000042a0    00000004                                                       : tasks.o (.rodata.uxTopUsedPriority)
                  000042a4    00000004     --HOLE-- [fill = 0]

.init_array 
*          0    00000000    00000000     UNINITIALIZED

.binit     0    00000000    00000000     

.bss       0    20200000    00002f0c     UNINITIALIZED
                  20200000    00002800     freertos_builds_LP_MSPM0G3507_release_ticlang.lib : heap_4.o (.bss.ucHeap)
                  20202800    00000200                                                       : StaticAllocs_freertos.o (.bss.vApplicationGetIdleTaskMemory.uxIdleTaskStack)
                  20202a00    00000200                                                       : StaticAllocs_freertos.o (.bss.vApplicationGetTimerTaskMemory.uxTimerTaskStack)
                  20202c00    000000c8                                                       : tasks.o (.bss.pxReadyTasksLists)
                  20202cc8    00000078                                                       : timers.o (.bss.prvCheckForValidListAndQueue.ucStaticTimerQueueStorage)
                  20202d40    00000068                                                       : StaticAllocs_freertos.o (.bss.vApplicationGetIdleTaskMemory.xIdleTaskTCB)
                  20202da8    00000068                                                       : StaticAllocs_freertos.o (.bss.vApplicationGetTimerTaskMemory.xTimerTaskTCB)
                  20202e10    00000050                                                       : timers.o (.bss.prvCheckForValidListAndQueue.xStaticTimerQueue)
                  20202e60    00000014                                                       : timers.o (.bss.xActiveTimerList1)
                  20202e74    00000014                                                       : timers.o (.bss.xActiveTimerList2)
                  20202e88    00000014                                                       : tasks.o (.bss.xDelayedTaskList1)
                  20202e9c    00000014                                                       : tasks.o (.bss.xDelayedTaskList2)
                  20202eb0    00000014                                                       : tasks.o (.bss.xPendingReadyList)
                  20202ec4    00000014                                                       : tasks.o (.bss.xSuspendedTaskList)
                  20202ed8    00000014                                                       : tasks.o (.bss.xTasksWaitingTermination)
                  20202eec    00000008                                                       : heap_4.o (.bss.xStart)
                  20202ef4    00000004                                                       : aeabi_portable.o (.bss.main_reent)
                  20202ef8    00000004                                                       : timers.o (.bss.pxCurrentTimerList)
                  20202efc    00000004                                                       : tasks.o (.bss.pxDelayedTaskList)
                  20202f00    00000004                                                       : tasks.o (.bss.pxOverflowDelayedTaskList)
                  20202f04    00000004                                                       : timers.o (.bss.pxOverflowTimerList)
                  20202f08    00000004                                                       : tasks.o (.bss.xIdleTaskHandles)

.data      0    20202f0c    00000080     UNINITIALIZED
                  20202f0c    00000014     freertos_builds_LP_MSPM0G3507_release_ticlang.lib : pthread.o (.data.defaultPthreadAttrs)
                  20202f20    00000004     libc.a : _lock.c.obj (.data._lock)
                  20202f24    00000004            : _lock.c.obj (.data._unlock)
                  20202f28    00000004            : rand.c.obj (.data.next)
                  20202f2c    00000004     freertos_builds_LP_MSPM0G3507_release_ticlang.lib : timers.o (.data.prvSampleTimeNow.xLastTime)
                  20202f30    00000004                                                       : tasks.o (.data.pxCurrentTCB)
                  20202f34    00000004                                                       : heap_4.o (.data.pxEnd)
                  20202f38    00000004                                                       : port.o (.data.ulCriticalNesting)
                  20202f3c    00000004                                                       : port.o (.data.ulStoppedTimerCompensation)
                  20202f40    00000004                                                       : port.o (.data.ulTimerCountsForOneTick)
                  20202f44    00000004                                                       : tasks.o (.data.uxCurrentNumberOfTasks)
                  20202f48    00000004                                                       : tasks.o (.data.uxDeletedTasksWaitingCleanUp)
                  20202f4c    00000004                                                       : tasks.o (.data.uxSchedulerSuspended)
                  20202f50    00000004                                                       : tasks.o (.data.uxTaskNumber)
                  20202f54    00000004                                                       : tasks.o (.data.uxTopReadyPriority)
                  20202f58    00000004                                                       : heap_4.o (.data.xFreeBytesRemaining)
                  20202f5c    00000004                                                       : port.o (.data.xMaximumPossibleSuppressedTicks)
                  20202f60    00000004                                                       : heap_4.o (.data.xMinimumEverFreeBytesRemaining)
                  20202f64    00000004                                                       : tasks.o (.data.xNextTaskUnblockTime)
                  20202f68    00000004                                                       : tasks.o (.data.xNumOfOverflows)
                  20202f6c    00000004                                                       : heap_4.o (.data.xNumberOfSuccessfulAllocations)
                  20202f70    00000004                                                       : heap_4.o (.data.xNumberOfSuccessfulFrees)
                  20202f74    00000004                                                       : tasks.o (.data.xPendedTicks)
                  20202f78    00000004                                                       : tasks.o (.data.xSchedulerRunning)
                  20202f7c    00000004                                                       : tasks.o (.data.xTickCount)
                  20202f80    00000004                                                       : timers.o (.data.xTimerQueue)
                  20202f84    00000004                                                       : timers.o (.data.xTimerTaskHandle)
                  20202f88    00000004                                                       : tasks.o (.data.xYieldPendings)

.stack     0    20207e00    00000200     UNINITIALIZED
                  20207e00    00000004     libc.a : boot_cortex_m.c.obj (.stack)
                  20207e04    000001fc     --HOLE--

__llvm_prf_cnts 
*          0    20200000    00000000     UNINITIALIZED

__llvm_prf_bits 
*          0    20200000    00000000     UNINITIALIZED

MODULE SUMMARY

       Module                         code    ro data   rw data
       ------                         ----    -------   -------
    .\
       multitask-led.o                398     0         0      
       ti_msp_dl_config.o             136     0         0      
    +--+------------------------------+-------+---------+---------+
       Total:                         534     0         0      
                                                               
    .\freertos\ticlang\
       startup_mspm0g350x_ticlang.o   6       192       0      
    +--+------------------------------+-------+---------+---------+
       Total:                         6       192       0      
                                                               
    C:/Users/Daniel/workspace_ccstheia/freertos_builds_LP_MSPM0G3507_release_ticlang/Debug/freertos_builds_LP_MSPM0G3507_release_ticlang.lib
       heap_4.o                       1336    0         10268  
       tasks.o                        6424    9         360    
       queue.o                        3070    0         0      
       timers.o                       1200    8         260    
       StaticAllocs_freertos.o        80      0         1232   
       port.o                         1138    0         16     
       pthread.o                      914     2         20     
       list.o                         296     0         0      
       memory.o                       258     0         0      
       semaphore.o                    250     0         0      
       portasm.o                      170     0         0      
       sleep.o                        152     0         0      
       PTLS.o                         88      0         0      
       aeabi_portable.o               84      0         4      
       HwiPMSPM0_freertos.o           48      0         0      
    +--+------------------------------+-------+---------+---------+
       Total:                         15508   19        12160  
                                                               
    C:/ti/mspm0_sdk_2_09_00_01/source/ti/driverlib/lib/ticlang/m0p/mspm0g1x0x_g3x0x/driverlib.a
       dl_common.o                    10      0         0      
    +--+------------------------------+-------+---------+---------+
       Total:                         10      0         0      
                                                               
    C:\ti\ccs2020\ccs\tools\compiler\ti-cgt-armllvm_4.0.4.LTS\lib\armv6m-ti-none-eabi/c/libc.a
       memcpy16.S.obj                 154     0         0      
       copy_decompress_lzss.c.obj     124     0         0      
       memset16.S.obj                 98      0         0      
       autoinit.c.obj                 60      0         0      
       rand.c.obj                     56      0         4      
       boot_cortex_m.c.obj            40      0         0      
       copy_decompress_none.c.obj     18      0         0      
       copy_zero_init.c.obj           16      0         0      
       _lock.c.obj                    2       0         8      
       exit.c.obj                     6       0         0      
       pre_init.c.obj                 4       0         0      
    +--+------------------------------+-------+---------+---------+
       Total:                         578     0         12     
                                                               
    C:\ti\ccs2020\ccs\tools\compiler\ti-cgt-armllvm_4.0.4.LTS\lib\armv6m-ti-none-eabi/c/libsysbm.a
       hostexit.c.obj                 4       0         0      
    +--+------------------------------+-------+---------+---------+
       Total:                         4       0         0      
                                                               
    C:\ti\ccs2020\ccs\tools\compiler\ti-cgt-armllvm_4.0.4.LTS\lib\armv6m-ti-none-eabi/libclang_rt.builtins.a
       aeabi_idivmod.S.obj            86      0         0      
       aeabi_uidivmod.S.obj           64      0         0      
       aeabi_memset.S.obj             26      0         0      
       aeabi_memcpy.S.obj             8       0         0      
       aeabi_div0.c.obj               2       0         0      
    +--+------------------------------+-------+---------+---------+
       Total:                         186     0         0      
                                                               
       Stack:                         0       0         512    
       Linker Generated:              0       67        0      
    +--+------------------------------+-------+---------+---------+
       Grand Total:                   16826   278       12684  


LINKER GENERATED COPY TABLES

__TI_cinit_table @ 000042dc records: 2, size/record: 8, table size: 16
	.data: load addr=000042a8, load size=0000001f bytes, run addr=20202f0c, run size=00000080 bytes, compression=lzss
	.bss: load addr=000042d4, load size=00000008 bytes, run addr=20200000, run size=00002f0c bytes, compression=zero_init


LINKER GENERATED HANDLER TABLE

__TI_handler_table @ 000042c8 records: 3, size/record: 4, table size: 12
	index: 0, handler: __TI_decompress_lzss
	index: 1, handler: __TI_decompress_none
	index: 2, handler: __TI_zero_init


GLOBAL SYMBOLS: SORTED ALPHABETICALLY BY Name 

address   name                               
-------   ----                               
00001a7f  ADC0_IRQHandler                    
00001a7f  ADC1_IRQHandler                    
00001a7f  AES_IRQHandler                     
00004282  C$$EXIT                            
00001a7f  CANFD0_IRQHandler                  
00001a7f  DAC0_IRQHandler                    
00004265  DL_Common_delayCycles              
00001a7f  DMA_IRQHandler                     
00001a7f  Default_Handler                    
00001a7f  GROUP0_IRQHandler                  
00001a7f  GROUP1_IRQHandler                  
00004283  HOSTexit                           
00001a7f  HardFault_Handler                  
00003c81  HwiP_inISR                         
00001a7f  I2C0_IRQHandler                    
00001a7f  I2C1_IRQHandler                    
00001a7f  NMI_Handler                        
000040f9  PTLS_getBuf                        
00004113  PTLS_setBuf                        
00003fa1  PTLS_taskDeleteHook                
000038d1  PendSV_Handler                     
00001a7f  RTC_IRQHandler                     
00004287  Reset_Handler                      
00001a7f  SPI0_IRQHandler                    
00001a7f  SPI1_IRQHandler                    
00003fd1  SVC_Handler                        
00003cb1  SYSCFG_DL_GPIO_init                
000040c1  SYSCFG_DL_SYSCTL_init              
000041d5  SYSCFG_DL_init                     
00003dfd  SYSCFG_DL_initPower                
00003ce1  SysTick_Handler                    
00001a7f  TIMA0_IRQHandler                   
00001a7f  TIMA1_IRQHandler                   
00001a7f  TIMG0_IRQHandler                   
00001a7f  TIMG12_IRQHandler                  
00001a7f  TIMG6_IRQHandler                   
00001a7f  TIMG7_IRQHandler                   
00001a7f  TIMG8_IRQHandler                   
00001a7f  UART0_IRQHandler                   
00001a7f  UART1_IRQHandler                   
00001a7f  UART2_IRQHandler                   
00001a7f  UART3_IRQHandler                   
20208000  __STACK_END                        
00000200  __STACK_SIZE                       
00000000  __TI_ATRegion0_region_sz           
00000000  __TI_ATRegion0_src_addr            
00000000  __TI_ATRegion0_trg_addr            
00000000  __TI_ATRegion1_region_sz           
00000000  __TI_ATRegion1_src_addr            
00000000  __TI_ATRegion1_trg_addr            
00000000  __TI_ATRegion2_region_sz           
00000000  __TI_ATRegion2_src_addr            
00000000  __TI_ATRegion2_trg_addr            
000042dc  __TI_CINIT_Base                    
000042ec  __TI_CINIT_Limit                   
000042ec  __TI_CINIT_Warm                    
000042c8  __TI_Handler_Table_Base            
000042d4  __TI_Handler_Table_Limit           
00003a59  __TI_auto_init_nobinit_nopinit     
00002dd9  __TI_decompress_lzss               
000041c3  __TI_decompress_none               
ffffffff  __TI_pprof_out_hndl                
ffffffff  __TI_prof_data_size                
ffffffff  __TI_prof_data_start               
00000000  __TI_static_base__                 
00004221  __TI_zero_init                     
000033ed  __aeabi_errno_addr                 
00003395  __aeabi_idiv                       
000023bb  __aeabi_idiv0                      
00003395  __aeabi_idivmod                    
00003fc5  __aeabi_memclr                     
00003fc5  __aeabi_memclr4                    
00003fc5  __aeabi_memclr8                    
00004019  __aeabi_memcpy                     
00004019  __aeabi_memcpy4                    
00004019  __aeabi_memcpy8                    
00004231  __aeabi_memset                     
00004231  __aeabi_memset4                    
00004231  __aeabi_memset8                    
0000399d  __aeabi_uidiv                      
0000399d  __aeabi_uidivmod                   
ffffffff  __binit__                          
UNDEFED   __mpu_init                         
20207e00  __stack                            
20200000  __start___llvm_prf_bits            
20200000  __start___llvm_prf_cnts            
20200000  __stop___llvm_prf_bits             
20200000  __stop___llvm_prf_cnts             
00003f79  _c_int00_noargs                    
20202f20  _lock                              
000026ff  _nop                               
00003e29  _pthread_cleanup_pop               
UNDEFED   _system_post_cinit                 
0000428b  _system_pre_init                   
20202f24  _unlock                            
0000427d  abort                              
00004175  aligned_alloc                      
ffffffff  binit                              
00002be9  calloc                             
00002701  controlTask                        
00002c65  eTaskConfirmSleepModeStatus        
000041e5  free                               
00000000  interruptVectors                   
000023bd  main                               
00003713  malloc                             
000041f5  memalign                           
00002665  memcpy                             
000031c1  memset                             
000040dd  pthread_attr_init                  
00003d9f  pthread_attr_setdetachstate        
00003baf  pthread_attr_setschedparam         
000041b1  pthread_attr_setstacksize          
0000113d  pthread_create                     
00002f41  pthread_exit                       
0000412d  pthread_self                       
000032e1  pthread_setcancelstate             
000000c1  pvPortMalloc                       
00003225  pvTaskGetThreadLocalStoragePointer 
00003ff5  pvTaskIncrementMutexHeldCount      
20202f30  pxCurrentTCB                       
0000185d  pxPortInitialiseStack              
00003b09  rand                               
0000423f  realloc                            
0000315d  sem_init                           
00003679  sem_post                           
000040a1  sem_wait                           
0000375d  sleep                              
000039dd  timingTask                         
0000426f  ulSetInterruptMask                 
000035d9  usleep                             
000037a5  uxListRemove                       
0000424d  uxTaskGetNumberOfTasks             
00003f29  vApplicationGetIdleTaskMemory      
00003f51  vApplicationGetTimerTaskMemory     
00002faf  vApplicationStackOverflowHook      
00004277  vClearInterruptMask                
00003e55  vListInitialise                    
000038c3  vListInitialiseItem                
0000301d  vListInsert                        
00003a95  vListInsertEnd                     
00004145  vPortEnterCritical                 
00003e81  vPortExitCritical                  
00001ea5  vPortFree                          
00003dcd  vPortSVCHandler_C                  
00003441  vPortSetupTimerInterrupt           
00000cb1  vPortSuppressTicksAndSleep         
0000415d  vPortYield                         
00003c4d  vQueueDelete                       
00003089  vQueueWaitForMessageRestricted     
00004021  vRestoreContextOfFirstTask         
00004201  vStartFirstTask                    
00003629  vTaskDelay                         
00001741  vTaskDelete                        
00004045  vTaskInternalSetTimeOutState       
00004259  vTaskMissedYield                   
00003be5  vTaskPlaceOnEventList              
00002ecd  vTaskPlaceOnEventListRestricted    
00001289  vTaskPriorityDisinheritAfterTimeout
00003c19  vTaskSetApplicationTaskTag         
0000333d  vTaskSetThreadLocalStoragePointer  
000030f5  vTaskStartScheduler                
00002ae5  vTaskStepTick                      
0000161d  vTaskSuspend                       
00004211  vTaskSuspendAll                    
00001b8d  vTaskSwitchContext                 
00002b69  xPortStartScheduler                
00003495  xQueueCreateCountingSemaphore      
00002831  xQueueGenericCreate                
000025c5  xQueueGenericCreateStatic          
00002081  xQueueGenericReset                 
0000093b  xQueueGenericSend                  
00001971  xQueueGiveFromISR                  
00000b0d  xQueueReceive                      
0000075d  xQueueSemaphoreTake                
00002471  xTaskCheckForTimeOut               
000037ed  xTaskCreate                        
000036c7  xTaskCreateStatic                  
00003835  xTaskGetApplicationTaskTag         
00004189  xTaskGetCurrentTaskHandle          
00003b41  xTaskGetSchedulerState             
0000419d  xTaskGetTickCount                  
00000355  xTaskIncrementTick                 
00001c99  xTaskPriorityDisinherit            
000014f5  xTaskPriorityInherit               
00000e51  xTaskRemoveFromEventList           
00000565  xTaskResumeAll                     
00002d5d  xTimerCreateTimerTask              


GLOBAL SYMBOLS: SORTED BY Symbol Address 

address   name                               
-------   ----                               
00000000  __TI_ATRegion0_region_sz           
00000000  __TI_ATRegion0_src_addr            
00000000  __TI_ATRegion0_trg_addr            
00000000  __TI_ATRegion1_region_sz           
00000000  __TI_ATRegion1_src_addr            
00000000  __TI_ATRegion1_trg_addr            
00000000  __TI_ATRegion2_region_sz           
00000000  __TI_ATRegion2_src_addr            
00000000  __TI_ATRegion2_trg_addr            
00000000  __TI_static_base__                 
00000000  interruptVectors                   
000000c1  pvPortMalloc                       
00000200  __STACK_SIZE                       
00000355  xTaskIncrementTick                 
00000565  xTaskResumeAll                     
0000075d  xQueueSemaphoreTake                
0000093b  xQueueGenericSend                  
00000b0d  xQueueReceive                      
00000cb1  vPortSuppressTicksAndSleep         
00000e51  xTaskRemoveFromEventList           
0000113d  pthread_create                     
00001289  vTaskPriorityDisinheritAfterTimeout
000014f5  xTaskPriorityInherit               
0000161d  vTaskSuspend                       
00001741  vTaskDelete                        
0000185d  pxPortInitialiseStack              
00001971  xQueueGiveFromISR                  
00001a7f  ADC0_IRQHandler                    
00001a7f  ADC1_IRQHandler                    
00001a7f  AES_IRQHandler                     
00001a7f  CANFD0_IRQHandler                  
00001a7f  DAC0_IRQHandler                    
00001a7f  DMA_IRQHandler                     
00001a7f  Default_Handler                    
00001a7f  GROUP0_IRQHandler                  
00001a7f  GROUP1_IRQHandler                  
00001a7f  HardFault_Handler                  
00001a7f  I2C0_IRQHandler                    
00001a7f  I2C1_IRQHandler                    
00001a7f  NMI_Handler                        
00001a7f  RTC_IRQHandler                     
00001a7f  SPI0_IRQHandler                    
00001a7f  SPI1_IRQHandler                    
00001a7f  TIMA0_IRQHandler                   
00001a7f  TIMA1_IRQHandler                   
00001a7f  TIMG0_IRQHandler                   
00001a7f  TIMG12_IRQHandler                  
00001a7f  TIMG6_IRQHandler                   
00001a7f  TIMG7_IRQHandler                   
00001a7f  TIMG8_IRQHandler                   
00001a7f  UART0_IRQHandler                   
00001a7f  UART1_IRQHandler                   
00001a7f  UART2_IRQHandler                   
00001a7f  UART3_IRQHandler                   
00001b8d  vTaskSwitchContext                 
00001c99  xTaskPriorityDisinherit            
00001ea5  vPortFree                          
00002081  xQueueGenericReset                 
000023bb  __aeabi_idiv0                      
000023bd  main                               
00002471  xTaskCheckForTimeOut               
000025c5  xQueueGenericCreateStatic          
00002665  memcpy                             
000026ff  _nop                               
00002701  controlTask                        
00002831  xQueueGenericCreate                
00002ae5  vTaskStepTick                      
00002b69  xPortStartScheduler                
00002be9  calloc                             
00002c65  eTaskConfirmSleepModeStatus        
00002d5d  xTimerCreateTimerTask              
00002dd9  __TI_decompress_lzss               
00002ecd  vTaskPlaceOnEventListRestricted    
00002f41  pthread_exit                       
00002faf  vApplicationStackOverflowHook      
0000301d  vListInsert                        
00003089  vQueueWaitForMessageRestricted     
000030f5  vTaskStartScheduler                
0000315d  sem_init                           
000031c1  memset                             
00003225  pvTaskGetThreadLocalStoragePointer 
000032e1  pthread_setcancelstate             
0000333d  vTaskSetThreadLocalStoragePointer  
00003395  __aeabi_idiv                       
00003395  __aeabi_idivmod                    
000033ed  __aeabi_errno_addr                 
00003441  vPortSetupTimerInterrupt           
00003495  xQueueCreateCountingSemaphore      
000035d9  usleep                             
00003629  vTaskDelay                         
00003679  sem_post                           
000036c7  xTaskCreateStatic                  
00003713  malloc                             
0000375d  sleep                              
000037a5  uxListRemove                       
000037ed  xTaskCreate                        
00003835  xTaskGetApplicationTaskTag         
000038c3  vListInitialiseItem                
000038d1  PendSV_Handler                     
0000399d  __aeabi_uidiv                      
0000399d  __aeabi_uidivmod                   
000039dd  timingTask                         
00003a59  __TI_auto_init_nobinit_nopinit     
00003a95  vListInsertEnd                     
00003b09  rand                               
00003b41  xTaskGetSchedulerState             
00003baf  pthread_attr_setschedparam         
00003be5  vTaskPlaceOnEventList              
00003c19  vTaskSetApplicationTaskTag         
00003c4d  vQueueDelete                       
00003c81  HwiP_inISR                         
00003cb1  SYSCFG_DL_GPIO_init                
00003ce1  SysTick_Handler                    
00003d9f  pthread_attr_setdetachstate        
00003dcd  vPortSVCHandler_C                  
00003dfd  SYSCFG_DL_initPower                
00003e29  _pthread_cleanup_pop               
00003e55  vListInitialise                    
00003e81  vPortExitCritical                  
00003f29  vApplicationGetIdleTaskMemory      
00003f51  vApplicationGetTimerTaskMemory     
00003f79  _c_int00_noargs                    
00003fa1  PTLS_taskDeleteHook                
00003fc5  __aeabi_memclr                     
00003fc5  __aeabi_memclr4                    
00003fc5  __aeabi_memclr8                    
00003fd1  SVC_Handler                        
00003ff5  pvTaskIncrementMutexHeldCount      
00004019  __aeabi_memcpy                     
00004019  __aeabi_memcpy4                    
00004019  __aeabi_memcpy8                    
00004021  vRestoreContextOfFirstTask         
00004045  vTaskInternalSetTimeOutState       
000040a1  sem_wait                           
000040c1  SYSCFG_DL_SYSCTL_init              
000040dd  pthread_attr_init                  
000040f9  PTLS_getBuf                        
00004113  PTLS_setBuf                        
0000412d  pthread_self                       
00004145  vPortEnterCritical                 
0000415d  vPortYield                         
00004175  aligned_alloc                      
00004189  xTaskGetCurrentTaskHandle          
0000419d  xTaskGetTickCount                  
000041b1  pthread_attr_setstacksize          
000041c3  __TI_decompress_none               
000041d5  SYSCFG_DL_init                     
000041e5  free                               
000041f5  memalign                           
00004201  vStartFirstTask                    
00004211  vTaskSuspendAll                    
00004221  __TI_zero_init                     
00004231  __aeabi_memset                     
00004231  __aeabi_memset4                    
00004231  __aeabi_memset8                    
0000423f  realloc                            
0000424d  uxTaskGetNumberOfTasks             
00004259  vTaskMissedYield                   
00004265  DL_Common_delayCycles              
0000426f  ulSetInterruptMask                 
00004277  vClearInterruptMask                
0000427d  abort                              
00004282  C$$EXIT                            
00004283  HOSTexit                           
00004287  Reset_Handler                      
0000428b  _system_pre_init                   
000042c8  __TI_Handler_Table_Base            
000042d4  __TI_Handler_Table_Limit           
000042dc  __TI_CINIT_Base                    
000042ec  __TI_CINIT_Limit                   
000042ec  __TI_CINIT_Warm                    
20200000  __start___llvm_prf_bits            
20200000  __start___llvm_prf_cnts            
20200000  __stop___llvm_prf_bits             
20200000  __stop___llvm_prf_cnts             
20202f20  _lock                              
20202f24  _unlock                            
20202f30  pxCurrentTCB                       
20207e00  __stack                            
20208000  __STACK_END                        
ffffffff  __TI_pprof_out_hndl                
ffffffff  __TI_prof_data_size                
ffffffff  __TI_prof_data_start               
ffffffff  __binit__                          
ffffffff  binit                              
UNDEFED   __mpu_init                         
UNDEFED   _system_post_cinit                 

[187 symbols]
