******************************************************************************
            TI ARM Clang Linker PC v4.0.4                      
******************************************************************************
>> Linked Sun May 10 19:24:28 2026

OUTPUT FILE NAME:   <CMPE146FinalProject.out>
ENTRY POINT SYMBOL: "_c_int00_noinit_noargs"  address: 0000048d


MEMORY CONFIGURATION

         name            origin    length      used     unused   attr    fill
----------------------  --------  ---------  --------  --------  ----  --------
  FLASH                 00000000   00020000  00000560  0001faa0  R  X
  SRAM                  20200000   00008000  00000200  00007e00  RW X
  BCR_CONFIG            41c00000   000000ff  00000000  000000ff  R   
  BSL_CONFIG            41c00100   00000080  00000000  00000080  R   


SEGMENT ALLOCATION MAP

run origin  load origin   length   init length attrs members
----------  ----------- ---------- ----------- ----- -------
00000000    00000000    00000560   00000560    r-x
  00000000    00000000    000000c0   000000c0    r-- .intvecs
  000000c0    000000c0    00000448   00000448    r-x .text
  00000508    00000508    00000058   00000058    r-- .rodata
20207e00    20207e00    00000200   00000000    rw-
  20207e00    20207e00    00000200   00000000    rw- .stack


SECTION ALLOCATION MAP

 output                                  attributes/
section   page    origin      length       input sections
--------  ----  ----------  ----------   ----------------
.intvecs   0    00000000    000000c0     
                  00000000    000000c0     startup_mspm0g350x_ticlang.o (.intvecs)

.text      0    000000c0    00000448     
                  000000c0    00000328     multitask-led.o (.text.main)
                  000003e8    00000048     driverlib.a : dl_uart.o (.text.DL_UART_init)
                  00000430    00000030     ti_msp_dl_config.o (.text.SYSCFG_DL_GPIO_init)
                  00000460    0000002c     ti_msp_dl_config.o (.text.SYSCFG_DL_initPower)
                  0000048c    00000020     libc.a : boot_cortex_m.c.obj (.text:_c_int00_noinit_noargs)
                  000004ac    0000001c     ti_msp_dl_config.o (.text.SYSCFG_DL_SYSCTL_init)
                  000004c8    00000012     driverlib.a : dl_uart.o (.text.DL_UART_setClockConfig)
                  000004da    00000010     ti_msp_dl_config.o (.text.SYSCFG_DL_init)
                  000004ea    0000000a     driverlib.a : dl_common.o (.text.DL_Common_delayCycles)
                  000004f4    00000006     libc.a : exit.c.obj (.text:abort)
                  000004fa    00000004     libsysbm.a : hostexit.c.obj (.text.HOSTexit)
                  000004fe    00000004     startup_mspm0g350x_ticlang.o (.text.Reset_Handler)
                  00000502    00000004     libc.a : pre_init.c.obj (.text._system_pre_init)
                  00000506    00000002     startup_mspm0g350x_ticlang.o (.text.Default_Handler)

.cinit     0    00000000    00000000     

.rodata    0    00000508    00000058     
                  00000508    0000002b     multitask-led.o (.rodata.str1.14916948718079458713.1)
                  00000533    0000001e     multitask-led.o (.rodata.str1.11455160584290593161.1)
                  00000551    00000001     --HOLE-- [fill = 0]
                  00000552    0000000a     multitask-led.o (.rodata.main.gUART_0Config)
                  0000055c    00000002     multitask-led.o (.rodata.main.gUART_0ClockConfig)
                  0000055e    00000002     --HOLE-- [fill = 0]

.init_array 
*          0    00000000    00000000     UNINITIALIZED

.binit     0    00000000    00000000     

.stack     0    20207e00    00000200     UNINITIALIZED
                  20207e00    00000004     libc.a : boot_cortex_m.c.obj (.stack)
                  20207e04    000001fc     --HOLE--

__llvm_prf_cnts 
*          0    20200000    00000000     UNINITIALIZED

__llvm_prf_bits 
*          0    20200000    00000000     UNINITIALIZED

MODULE SUMMARY

       Module                         code   ro data   rw data
       ------                         ----   -------   -------
    .\
       multitask-led.o                808    85        0      
       ti_msp_dl_config.o             136    0         0      
    +--+------------------------------+------+---------+---------+
       Total:                         944    85        0      
                                                              
    .\freertos\ticlang\
       startup_mspm0g350x_ticlang.o   6      192       0      
    +--+------------------------------+------+---------+---------+
       Total:                         6      192       0      
                                                              
    C:/ti/mspm0_sdk_2_09_00_01/source/ti/driverlib/lib/ticlang/m0p/mspm0g1x0x_g3x0x/driverlib.a
       dl_uart.o                      90     0         0      
       dl_common.o                    10     0         0      
    +--+------------------------------+------+---------+---------+
       Total:                         100    0         0      
                                                              
    C:\ti\ccs2020\ccs\tools\compiler\ti-cgt-armllvm_4.0.4.LTS\lib\armv6m-ti-none-eabi/c/libc.a
       boot_cortex_m.c.obj            32     0         0      
       exit.c.obj                     6      0         0      
       pre_init.c.obj                 4      0         0      
    +--+------------------------------+------+---------+---------+
       Total:                         42     0         0      
                                                              
    C:\ti\ccs2020\ccs\tools\compiler\ti-cgt-armllvm_4.0.4.LTS\lib\armv6m-ti-none-eabi/c/libsysbm.a
       hostexit.c.obj                 4      0         0      
    +--+------------------------------+------+---------+---------+
       Total:                         4      0         0      
                                                              
       Stack:                         0      0         512    
    +--+------------------------------+------+---------+---------+
       Grand Total:                   1096   277       512    


GLOBAL SYMBOLS: SORTED ALPHABETICALLY BY Name 

address   name                    
-------   ----                    
00000507  ADC0_IRQHandler         
00000507  ADC1_IRQHandler         
00000507  AES_IRQHandler          
000004fa  C$$EXIT                 
00000507  CANFD0_IRQHandler       
00000507  DAC0_IRQHandler         
000004eb  DL_Common_delayCycles   
000003e9  DL_UART_init            
000004c9  DL_UART_setClockConfig  
00000507  DMA_IRQHandler          
00000507  Default_Handler         
00000507  GROUP0_IRQHandler       
00000507  GROUP1_IRQHandler       
000004fb  HOSTexit                
00000507  HardFault_Handler       
00000507  I2C0_IRQHandler         
00000507  I2C1_IRQHandler         
00000507  NMI_Handler             
00000507  PendSV_Handler          
00000507  RTC_IRQHandler          
000004ff  Reset_Handler           
00000507  SPI0_IRQHandler         
00000507  SPI1_IRQHandler         
00000507  SVC_Handler             
00000431  SYSCFG_DL_GPIO_init     
000004ad  SYSCFG_DL_SYSCTL_init   
000004db  SYSCFG_DL_init          
00000461  SYSCFG_DL_initPower     
00000507  SysTick_Handler         
00000507  TIMA0_IRQHandler        
00000507  TIMA1_IRQHandler        
00000507  TIMG0_IRQHandler        
00000507  TIMG12_IRQHandler       
00000507  TIMG6_IRQHandler        
00000507  TIMG7_IRQHandler        
00000507  TIMG8_IRQHandler        
00000507  UART0_IRQHandler        
00000507  UART1_IRQHandler        
00000507  UART2_IRQHandler        
00000507  UART3_IRQHandler        
20208000  __STACK_END             
00000200  __STACK_SIZE            
00000000  __TI_ATRegion0_region_sz
00000000  __TI_ATRegion0_src_addr 
00000000  __TI_ATRegion0_trg_addr 
00000000  __TI_ATRegion1_region_sz
00000000  __TI_ATRegion1_src_addr 
00000000  __TI_ATRegion1_trg_addr 
00000000  __TI_ATRegion2_region_sz
00000000  __TI_ATRegion2_src_addr 
00000000  __TI_ATRegion2_trg_addr 
00000000  __TI_CINIT_Base         
00000000  __TI_CINIT_Limit        
00000000  __TI_CINIT_Warm         
ffffffff  __TI_pprof_out_hndl     
ffffffff  __TI_prof_data_size     
ffffffff  __TI_prof_data_start    
00000000  __TI_static_base__      
ffffffff  __binit__               
UNDEFED   __mpu_init              
20207e00  __stack                 
20200000  __start___llvm_prf_bits 
20200000  __start___llvm_prf_cnts 
20200000  __stop___llvm_prf_bits  
20200000  __stop___llvm_prf_cnts  
0000048d  _c_int00_noinit_noargs  
00000503  _system_pre_init        
000004f5  abort                   
ffffffff  binit                   
00000000  interruptVectors        
000000c1  main                    


GLOBAL SYMBOLS: SORTED BY Symbol Address 

address   name                    
-------   ----                    
00000000  __TI_ATRegion0_region_sz
00000000  __TI_ATRegion0_src_addr 
00000000  __TI_ATRegion0_trg_addr 
00000000  __TI_ATRegion1_region_sz
00000000  __TI_ATRegion1_src_addr 
00000000  __TI_ATRegion1_trg_addr 
00000000  __TI_ATRegion2_region_sz
00000000  __TI_ATRegion2_src_addr 
00000000  __TI_ATRegion2_trg_addr 
00000000  __TI_CINIT_Base         
00000000  __TI_CINIT_Limit        
00000000  __TI_CINIT_Warm         
00000000  __TI_static_base__      
00000000  interruptVectors        
000000c1  main                    
00000200  __STACK_SIZE            
000003e9  DL_UART_init            
00000431  SYSCFG_DL_GPIO_init     
00000461  SYSCFG_DL_initPower     
0000048d  _c_int00_noinit_noargs  
000004ad  SYSCFG_DL_SYSCTL_init   
000004c9  DL_UART_setClockConfig  
000004db  SYSCFG_DL_init          
000004eb  DL_Common_delayCycles   
000004f5  abort                   
000004fa  C$$EXIT                 
000004fb  HOSTexit                
000004ff  Reset_Handler           
00000503  _system_pre_init        
00000507  ADC0_IRQHandler         
00000507  ADC1_IRQHandler         
00000507  AES_IRQHandler          
00000507  CANFD0_IRQHandler       
00000507  DAC0_IRQHandler         
00000507  DMA_IRQHandler          
00000507  Default_Handler         
00000507  GROUP0_IRQHandler       
00000507  GROUP1_IRQHandler       
00000507  HardFault_Handler       
00000507  I2C0_IRQHandler         
00000507  I2C1_IRQHandler         
00000507  NMI_Handler             
00000507  PendSV_Handler          
00000507  RTC_IRQHandler          
00000507  SPI0_IRQHandler         
00000507  SPI1_IRQHandler         
00000507  SVC_Handler             
00000507  SysTick_Handler         
00000507  TIMA0_IRQHandler        
00000507  TIMA1_IRQHandler        
00000507  TIMG0_IRQHandler        
00000507  TIMG12_IRQHandler       
00000507  TIMG6_IRQHandler        
00000507  TIMG7_IRQHandler        
00000507  TIMG8_IRQHandler        
00000507  UART0_IRQHandler        
00000507  UART1_IRQHandler        
00000507  UART2_IRQHandler        
00000507  UART3_IRQHandler        
20200000  __start___llvm_prf_bits 
20200000  __start___llvm_prf_cnts 
20200000  __stop___llvm_prf_bits  
20200000  __stop___llvm_prf_cnts  
20207e00  __stack                 
20208000  __STACK_END             
ffffffff  __TI_pprof_out_hndl     
ffffffff  __TI_prof_data_size     
ffffffff  __TI_prof_data_start    
ffffffff  __binit__               
ffffffff  binit                   
UNDEFED   __mpu_init              

[71 symbols]
