<?xml version="1.0" encoding="ISO-8859-1" ?>
<link_info>
   <banner>TI ARM Clang Linker PC v4.0.4.LTS</banner>
   <copyright>Copyright (c) 1996-2018 Texas Instruments Incorporated</copyright>
   <command_line>C:\ti\ccs2020\ccs\tools\compiler\ti-cgt-armllvm_4.0.4.LTS\bin\tiarmlnk -IC:\ti\ccs2020\ccs\tools\compiler\ti-cgt-armllvm_4.0.4.LTS\lib -o CMPE146Lab8E2.out -mCMPE146Lab8E2.map -iC:/Users/Daniel/workspace_ccstheia/freertos_builds_LP_MSPM0G3507_release_ticlang/Debug -iC:/ti/mspm0_sdk_2_09_00_01/source -iC:/Users/Daniel/workspace_ccstheia/CMPE146Lab8E2 -iC:/Users/Daniel/workspace_ccstheia/CMPE146Lab8E2/Debug/syscfg -iC:/ti/ccs2020/ccs/tools/compiler/ti-cgt-armllvm_4.0.4.LTS/lib --diag_wrap=off --display_error_number --warn_sections --xml_link_info=CMPE146Lab8E2_linkInfo.xml --rom_model ./multitask-led.o ./ti_msp_dl_config.o ./freertos/ticlang/startup_mspm0g350x_ticlang.o ../mspm0g3507.cmd -lfreertos_builds_LP_MSPM0G3507_release_ticlang.lib -lC:/ti/mspm0_sdk_2_09_00_01/source/ti/driverlib/lib/ticlang/m0p/mspm0g1x0x_g3x0x/driverlib.a -llibc.a --start-group -llibc++.a -llibc++abi.a -llibc.a -llibsys.a -llibsysbm.a -llibclang_rt.builtins.a -llibclang_rt.profile.a --end-group --cg_opt_level=2</command_line>
   <link_time>0x69f7b824</link_time>
   <link_errors>0x0</link_errors>
   <output_file>C:\Users\Daniel\workspace_ccstheia\CMPE146Lab8E2\Debug\CMPE146Lab8E2.out</output_file>
   <entry_point>
      <name>_c_int00_noargs</name>
      <address>0x3f79</address>
   </entry_point>
   <input_file_list>
      <input_file id="fl-1">
         <path>C:\Users\Daniel\workspace_ccstheia\CMPE146Lab8E2\Debug\.\</path>
         <kind>object</kind>
         <file>multitask-led.o</file>
         <name>multitask-led.o</name>
      </input_file>
      <input_file id="fl-2">
         <path>C:\Users\Daniel\workspace_ccstheia\CMPE146Lab8E2\Debug\.\</path>
         <kind>object</kind>
         <file>ti_msp_dl_config.o</file>
         <name>ti_msp_dl_config.o</name>
      </input_file>
      <input_file id="fl-3">
         <path>C:\Users\Daniel\workspace_ccstheia\CMPE146Lab8E2\Debug\.\freertos\ticlang\</path>
         <kind>object</kind>
         <file>startup_mspm0g350x_ticlang.o</file>
         <name>startup_mspm0g350x_ticlang.o</name>
      </input_file>
      <input_file id="fl-10">
         <path>C:\Users\Daniel\workspace_ccstheia\CMPE146Lab8E2\Debug\</path>
         <kind>object</kind>
         <file>&lt;internal&gt;</file>
         <name>&lt;internal&gt;</name>
      </input_file>
      <input_file id="fl-11">
         <path>C:\Users\Daniel\workspace_ccstheia\freertos_builds_LP_MSPM0G3507_release_ticlang\Debug\</path>
         <kind>archive</kind>
         <file>freertos_builds_LP_MSPM0G3507_release_ticlang.lib</file>
         <name>tasks.o</name>
      </input_file>
      <input_file id="fl-12">
         <path>C:\Users\Daniel\workspace_ccstheia\freertos_builds_LP_MSPM0G3507_release_ticlang\Debug\</path>
         <kind>archive</kind>
         <file>freertos_builds_LP_MSPM0G3507_release_ticlang.lib</file>
         <name>timers.o</name>
      </input_file>
      <input_file id="fl-13">
         <path>C:\Users\Daniel\workspace_ccstheia\freertos_builds_LP_MSPM0G3507_release_ticlang\Debug\</path>
         <kind>archive</kind>
         <file>freertos_builds_LP_MSPM0G3507_release_ticlang.lib</file>
         <name>port.o</name>
      </input_file>
      <input_file id="fl-14">
         <path>C:\Users\Daniel\workspace_ccstheia\freertos_builds_LP_MSPM0G3507_release_ticlang\Debug\</path>
         <kind>archive</kind>
         <file>freertos_builds_LP_MSPM0G3507_release_ticlang.lib</file>
         <name>portasm.o</name>
      </input_file>
      <input_file id="fl-15">
         <path>C:\Users\Daniel\workspace_ccstheia\freertos_builds_LP_MSPM0G3507_release_ticlang\Debug\</path>
         <kind>archive</kind>
         <file>freertos_builds_LP_MSPM0G3507_release_ticlang.lib</file>
         <name>PTLS.o</name>
      </input_file>
      <input_file id="fl-16">
         <path>C:\Users\Daniel\workspace_ccstheia\freertos_builds_LP_MSPM0G3507_release_ticlang\Debug\</path>
         <kind>archive</kind>
         <file>freertos_builds_LP_MSPM0G3507_release_ticlang.lib</file>
         <name>pthread.o</name>
      </input_file>
      <input_file id="fl-17">
         <path>C:\Users\Daniel\workspace_ccstheia\freertos_builds_LP_MSPM0G3507_release_ticlang\Debug\</path>
         <kind>archive</kind>
         <file>freertos_builds_LP_MSPM0G3507_release_ticlang.lib</file>
         <name>semaphore.o</name>
      </input_file>
      <input_file id="fl-18">
         <path>C:\Users\Daniel\workspace_ccstheia\freertos_builds_LP_MSPM0G3507_release_ticlang\Debug\</path>
         <kind>archive</kind>
         <file>freertos_builds_LP_MSPM0G3507_release_ticlang.lib</file>
         <name>sleep.o</name>
      </input_file>
      <input_file id="fl-19">
         <path>C:\Users\Daniel\workspace_ccstheia\freertos_builds_LP_MSPM0G3507_release_ticlang\Debug\</path>
         <kind>archive</kind>
         <file>freertos_builds_LP_MSPM0G3507_release_ticlang.lib</file>
         <name>HwiPMSPM0_freertos.o</name>
      </input_file>
      <input_file id="fl-1a">
         <path>C:\Users\Daniel\workspace_ccstheia\freertos_builds_LP_MSPM0G3507_release_ticlang\Debug\</path>
         <kind>archive</kind>
         <file>freertos_builds_LP_MSPM0G3507_release_ticlang.lib</file>
         <name>StaticAllocs_freertos.o</name>
      </input_file>
      <input_file id="fl-1b">
         <path>C:\Users\Daniel\workspace_ccstheia\freertos_builds_LP_MSPM0G3507_release_ticlang\Debug\</path>
         <kind>archive</kind>
         <file>freertos_builds_LP_MSPM0G3507_release_ticlang.lib</file>
         <name>heap_4.o</name>
      </input_file>
      <input_file id="fl-1c">
         <path>C:\Users\Daniel\workspace_ccstheia\freertos_builds_LP_MSPM0G3507_release_ticlang\Debug\</path>
         <kind>archive</kind>
         <file>freertos_builds_LP_MSPM0G3507_release_ticlang.lib</file>
         <name>list.o</name>
      </input_file>
      <input_file id="fl-1d">
         <path>C:\Users\Daniel\workspace_ccstheia\freertos_builds_LP_MSPM0G3507_release_ticlang\Debug\</path>
         <kind>archive</kind>
         <file>freertos_builds_LP_MSPM0G3507_release_ticlang.lib</file>
         <name>queue.o</name>
      </input_file>
      <input_file id="fl-1e">
         <path>C:\Users\Daniel\workspace_ccstheia\freertos_builds_LP_MSPM0G3507_release_ticlang\Debug\</path>
         <kind>archive</kind>
         <file>freertos_builds_LP_MSPM0G3507_release_ticlang.lib</file>
         <name>aeabi_portable.o</name>
      </input_file>
      <input_file id="fl-1f">
         <path>C:\Users\Daniel\workspace_ccstheia\freertos_builds_LP_MSPM0G3507_release_ticlang\Debug\</path>
         <kind>archive</kind>
         <file>freertos_builds_LP_MSPM0G3507_release_ticlang.lib</file>
         <name>clock.o</name>
      </input_file>
      <input_file id="fl-20">
         <path>C:\Users\Daniel\workspace_ccstheia\freertos_builds_LP_MSPM0G3507_release_ticlang\Debug\</path>
         <kind>archive</kind>
         <file>freertos_builds_LP_MSPM0G3507_release_ticlang.lib</file>
         <name>memory.o</name>
      </input_file>
      <input_file id="fl-21">
         <path>C:\ti\mspm0_sdk_2_09_00_01\source\ti\driverlib\lib\ticlang\m0p\mspm0g1x0x_g3x0x\</path>
         <kind>archive</kind>
         <file>driverlib.a</file>
         <name>dl_common.o</name>
      </input_file>
      <input_file id="fl-22">
         <path>C:\ti\mspm0_sdk_2_09_00_01\source\ti\driverlib\lib\ticlang\m0p\mspm0g1x0x_g3x0x\</path>
         <kind>archive</kind>
         <file>driverlib.a</file>
         <name>dl_interrupt.o</name>
      </input_file>
      <input_file id="fl-39">
         <path>C:\ti\ccs2020\ccs\tools\compiler\ti-cgt-armllvm_4.0.4.LTS\lib\armv6m-ti-none-eabi\c\</path>
         <kind>archive</kind>
         <file>libc.a</file>
         <name>rand.c.obj</name>
      </input_file>
      <input_file id="fl-3a">
         <path>C:\ti\ccs2020\ccs\tools\compiler\ti-cgt-armllvm_4.0.4.LTS\lib\armv6m-ti-none-eabi\c\</path>
         <kind>archive</kind>
         <file>libc.a</file>
         <name>boot_cortex_m.c.obj</name>
      </input_file>
      <input_file id="fl-3b">
         <path>C:\ti\ccs2020\ccs\tools\compiler\ti-cgt-armllvm_4.0.4.LTS\lib\armv6m-ti-none-eabi\c\</path>
         <kind>archive</kind>
         <file>libc.a</file>
         <name>mathacl_init.c.obj</name>
      </input_file>
      <input_file id="fl-3c">
         <path>C:\ti\ccs2020\ccs\tools\compiler\ti-cgt-armllvm_4.0.4.LTS\lib\armv6m-ti-none-eabi\c\</path>
         <kind>archive</kind>
         <file>libc.a</file>
         <name>autoinit.c.obj</name>
      </input_file>
      <input_file id="fl-3d">
         <path>C:\ti\ccs2020\ccs\tools\compiler\ti-cgt-armllvm_4.0.4.LTS\lib\armv6m-ti-none-eabi\c\</path>
         <kind>archive</kind>
         <file>libc.a</file>
         <name>pre_init.c.obj</name>
      </input_file>
      <input_file id="fl-3e">
         <path>C:\ti\ccs2020\ccs\tools\compiler\ti-cgt-armllvm_4.0.4.LTS\lib\armv6m-ti-none-eabi\c\</path>
         <kind>archive</kind>
         <file>libc.a</file>
         <name>cpy_tbl.c.obj</name>
      </input_file>
      <input_file id="fl-3f">
         <path>C:\ti\ccs2020\ccs\tools\compiler\ti-cgt-armllvm_4.0.4.LTS\lib\armv6m-ti-none-eabi\c\</path>
         <kind>archive</kind>
         <file>libc.a</file>
         <name>copy_zero_init.c.obj</name>
      </input_file>
      <input_file id="fl-40">
         <path>C:\ti\ccs2020\ccs\tools\compiler\ti-cgt-armllvm_4.0.4.LTS\lib\armv6m-ti-none-eabi\c\</path>
         <kind>archive</kind>
         <file>libc.a</file>
         <name>copy_decompress_none.c.obj</name>
      </input_file>
      <input_file id="fl-41">
         <path>C:\ti\ccs2020\ccs\tools\compiler\ti-cgt-armllvm_4.0.4.LTS\lib\armv6m-ti-none-eabi\c\</path>
         <kind>archive</kind>
         <file>libc.a</file>
         <name>copy_decompress_lzss.c.obj</name>
      </input_file>
      <input_file id="fl-42">
         <path>C:\ti\ccs2020\ccs\tools\compiler\ti-cgt-armllvm_4.0.4.LTS\lib\armv6m-ti-none-eabi\c\</path>
         <kind>archive</kind>
         <file>libc.a</file>
         <name>exit.c.obj</name>
      </input_file>
      <input_file id="fl-43">
         <path>C:\ti\ccs2020\ccs\tools\compiler\ti-cgt-armllvm_4.0.4.LTS\lib\armv6m-ti-none-eabi\c\</path>
         <kind>archive</kind>
         <file>libc.a</file>
         <name>_lock.c.obj</name>
      </input_file>
      <input_file id="fl-44">
         <path>C:\ti\ccs2020\ccs\tools\compiler\ti-cgt-armllvm_4.0.4.LTS\lib\armv6m-ti-none-eabi\c\</path>
         <kind>archive</kind>
         <file>libc.a</file>
         <name>args_main.c.obj</name>
      </input_file>
      <input_file id="fl-e4">
         <path>C:\ti\ccs2020\ccs\tools\compiler\ti-cgt-armllvm_4.0.4.LTS\lib\armv6m-ti-none-eabi\c\</path>
         <kind>archive</kind>
         <file>libsysbm.a</file>
         <name>hostexit.c.obj</name>
      </input_file>
      <input_file id="fl-e5">
         <path>C:\ti\ccs2020\ccs\tools\compiler\ti-cgt-armllvm_4.0.4.LTS\lib\armv6m-ti-none-eabi\</path>
         <kind>archive</kind>
         <file>libclang_rt.builtins.a</file>
         <name>muldi3.S.obj</name>
      </input_file>
      <input_file id="fl-e6">
         <path>C:\ti\ccs2020\ccs\tools\compiler\ti-cgt-armllvm_4.0.4.LTS\lib\armv6m-ti-none-eabi\</path>
         <kind>archive</kind>
         <file>libclang_rt.builtins.a</file>
         <name>aeabi_idivmod.S.obj</name>
      </input_file>
      <input_file id="fl-e7">
         <path>C:\ti\ccs2020\ccs\tools\compiler\ti-cgt-armllvm_4.0.4.LTS\lib\armv6m-ti-none-eabi\</path>
         <kind>archive</kind>
         <file>libclang_rt.builtins.a</file>
         <name>aeabi_memcpy.S.obj</name>
      </input_file>
      <input_file id="fl-e8">
         <path>C:\ti\ccs2020\ccs\tools\compiler\ti-cgt-armllvm_4.0.4.LTS\lib\armv6m-ti-none-eabi\</path>
         <kind>archive</kind>
         <file>libclang_rt.builtins.a</file>
         <name>aeabi_memset.S.obj</name>
      </input_file>
      <input_file id="fl-e9">
         <path>C:\ti\ccs2020\ccs\tools\compiler\ti-cgt-armllvm_4.0.4.LTS\lib\armv6m-ti-none-eabi\</path>
         <kind>archive</kind>
         <file>libclang_rt.builtins.a</file>
         <name>aeabi_uidivmod.S.obj</name>
      </input_file>
      <input_file id="fl-ea">
         <path>C:\ti\ccs2020\ccs\tools\compiler\ti-cgt-armllvm_4.0.4.LTS\lib\armv6m-ti-none-eabi\</path>
         <kind>archive</kind>
         <file>libclang_rt.builtins.a</file>
         <name>aeabi_uldivmod.S.obj</name>
      </input_file>
      <input_file id="fl-eb">
         <path>C:\ti\ccs2020\ccs\tools\compiler\ti-cgt-armllvm_4.0.4.LTS\lib\armv6m-ti-none-eabi\</path>
         <kind>archive</kind>
         <file>libclang_rt.builtins.a</file>
         <name>udivmoddi4.S.obj</name>
      </input_file>
      <input_file id="fl-ec">
         <path>C:\ti\ccs2020\ccs\tools\compiler\ti-cgt-armllvm_4.0.4.LTS\lib\armv6m-ti-none-eabi\</path>
         <kind>archive</kind>
         <file>libclang_rt.builtins.a</file>
         <name>muldsi3.S.obj</name>
      </input_file>
      <input_file id="fl-ed">
         <path>C:\ti\ccs2020\ccs\tools\compiler\ti-cgt-armllvm_4.0.4.LTS\lib\armv6m-ti-none-eabi\</path>
         <kind>archive</kind>
         <file>libclang_rt.builtins.a</file>
         <name>ashldi3.S.obj</name>
      </input_file>
      <input_file id="fl-ee">
         <path>C:\ti\ccs2020\ccs\tools\compiler\ti-cgt-armllvm_4.0.4.LTS\lib\armv6m-ti-none-eabi\</path>
         <kind>archive</kind>
         <file>libclang_rt.builtins.a</file>
         <name>aeabi_div0.c.obj</name>
      </input_file>
      <input_file id="fl-ef">
         <path>C:\ti\ccs2020\ccs\tools\compiler\ti-cgt-armllvm_4.0.4.LTS\lib\armv6m-ti-none-eabi\c\</path>
         <kind>archive</kind>
         <file>libc.a</file>
         <name>memcpy16.S.obj</name>
      </input_file>
      <input_file id="fl-f0">
         <path>C:\ti\ccs2020\ccs\tools\compiler\ti-cgt-armllvm_4.0.4.LTS\lib\armv6m-ti-none-eabi\c\</path>
         <kind>archive</kind>
         <file>libc.a</file>
         <name>memset16.S.obj</name>
      </input_file>
   </input_file_list>
   <object_component_list>
      <object_component id="oc-18">
         <name>.intvecs</name>
         <load_address>0x0</load_address>
         <readonly>true</readonly>
         <run_address>0x0</run_address>
         <size>0xc0</size>
         <alignment>0x4</alignment>
         <input_file_ref idref="fl-3"/>
      </object_component>
      <object_component id="oc-64">
         <name>.text.pvPortMalloc</name>
         <load_address>0xc0</load_address>
         <readonly>true</readonly>
         <executable>true</executable>
         <run_address>0xc0</run_address>
         <size>0x294</size>
         <alignment>0x4</alignment>
         <input_file_ref idref="fl-1b"/>
      </object_component>
      <object_component id="oc-98">
         <name>.text.xTaskIncrementTick</name>
         <load_address>0x354</load_address>
         <readonly>true</readonly>
         <executable>true</executable>
         <run_address>0x354</run_address>
         <size>0x210</size>
         <alignment>0x4</alignment>
         <input_file_ref idref="fl-11"/>
      </object_component>
      <object_component id="oc-a9">
         <name>.text.xTaskResumeAll</name>
         <load_address>0x564</load_address>
         <readonly>true</readonly>
         <executable>true</executable>
         <run_address>0x564</run_address>
         <size>0x1f8</size>
         <alignment>0x4</alignment>
         <input_file_ref idref="fl-11"/>
      </object_component>
      <object_component id="oc-1d3">
         <name>.text.xQueueSemaphoreTake</name>
         <load_address>0x75c</load_address>
         <readonly>true</readonly>
         <executable>true</executable>
         <run_address>0x75c</run_address>
         <size>0x1de</size>
         <alignment>0x2</alignment>
         <input_file_ref idref="fl-1d"/>
      </object_component>
      <object_component id="oc-132">
         <name>.text.xQueueGenericSend</name>
         <load_address>0x93a</load_address>
         <readonly>true</readonly>
         <executable>true</executable>
         <run_address>0x93a</run_address>
         <size>0x1d2</size>
         <alignment>0x2</alignment>
         <input_file_ref idref="fl-1d"/>
      </object_component>
      <object_component id="oc-1e8">
         <name>.text.xQueueReceive</name>
         <load_address>0xb0c</load_address>
         <readonly>true</readonly>
         <executable>true</executable>
         <run_address>0xb0c</run_address>
         <size>0x1a4</size>
         <alignment>0x2</alignment>
         <input_file_ref idref="fl-1d"/>
      </object_component>
      <object_component id="oc-1c2">
         <name>.text.vPortSuppressTicksAndSleep</name>
         <load_address>0xcb0</load_address>
         <readonly>true</readonly>
         <executable>true</executable>
         <run_address>0xcb0</run_address>
         <size>0x1a0</size>
         <alignment>0x4</alignment>
         <input_file_ref idref="fl-13"/>
      </object_component>
      <object_component id="oc-16f">
         <name>.text.xTaskRemoveFromEventList</name>
         <load_address>0xe50</load_address>
         <readonly>true</readonly>
         <executable>true</executable>
         <run_address>0xe50</run_address>
         <size>0x190</size>
         <alignment>0x4</alignment>
         <input_file_ref idref="fl-11"/>
      </object_component>
      <object_component id="oc-1cf">
         <name>.text.prvProcessReceivedCommands</name>
         <load_address>0xfe0</load_address>
         <readonly>true</readonly>
         <executable>true</executable>
         <run_address>0xfe0</run_address>
         <size>0x15c</size>
         <alignment>0x4</alignment>
         <input_file_ref idref="fl-12"/>
      </object_component>
      <object_component id="oc-105">
         <name>.text.pthread_create</name>
         <load_address>0x113c</load_address>
         <readonly>true</readonly>
         <executable>true</executable>
         <run_address>0x113c</run_address>
         <size>0x14c</size>
         <alignment>0x4</alignment>
         <input_file_ref idref="fl-16"/>
      </object_component>
      <object_component id="oc-1ef">
         <name>.text.vTaskPriorityDisinheritAfterTimeout</name>
         <load_address>0x1288</load_address>
         <readonly>true</readonly>
         <executable>true</executable>
         <run_address>0x1288</run_address>
         <size>0x144</size>
         <alignment>0x4</alignment>
         <input_file_ref idref="fl-11"/>
      </object_component>
      <object_component id="oc-17d">
         <name>.text.prvAddNewTaskToReadyList</name>
         <load_address>0x13cc</load_address>
         <readonly>true</readonly>
         <executable>true</executable>
         <run_address>0x13cc</run_address>
         <size>0x128</size>
         <alignment>0x4</alignment>
         <input_file_ref idref="fl-11"/>
      </object_component>
      <object_component id="oc-1ed">
         <name>.text.xTaskPriorityInherit</name>
         <load_address>0x14f4</load_address>
         <readonly>true</readonly>
         <executable>true</executable>
         <run_address>0x14f4</run_address>
         <size>0x128</size>
         <alignment>0x4</alignment>
         <input_file_ref idref="fl-11"/>
      </object_component>
      <object_component id="oc-1b9">
         <name>.text.vTaskSuspend</name>
         <load_address>0x161c</load_address>
         <readonly>true</readonly>
         <executable>true</executable>
         <run_address>0x161c</run_address>
         <size>0x124</size>
         <alignment>0x4</alignment>
         <input_file_ref idref="fl-11"/>
      </object_component>
      <object_component id="oc-1ba">
         <name>.text.vTaskDelete</name>
         <load_address>0x1740</load_address>
         <readonly>true</readonly>
         <executable>true</executable>
         <run_address>0x1740</run_address>
         <size>0x11c</size>
         <alignment>0x4</alignment>
         <input_file_ref idref="fl-11"/>
      </object_component>
      <object_component id="oc-1da">
         <name>.text.pxPortInitialiseStack</name>
         <load_address>0x185c</load_address>
         <readonly>true</readonly>
         <executable>true</executable>
         <run_address>0x185c</run_address>
         <size>0x114</size>
         <alignment>0x4</alignment>
         <input_file_ref idref="fl-13"/>
      </object_component>
      <object_component id="oc-131">
         <name>.text.xQueueGiveFromISR</name>
         <load_address>0x1970</load_address>
         <readonly>true</readonly>
         <executable>true</executable>
         <run_address>0x1970</run_address>
         <size>0x10e</size>
         <alignment>0x2</alignment>
         <input_file_ref idref="fl-1d"/>
      </object_component>
      <object_component id="oc-48">
         <name>.text.Default_Handler</name>
         <load_address>0x1a7e</load_address>
         <readonly>true</readonly>
         <executable>true</executable>
         <run_address>0x1a7e</run_address>
         <size>0x2</size>
         <alignment>0x2</alignment>
         <input_file_ref idref="fl-3"/>
      </object_component>
      <object_component id="oc-ba">
         <name>.text.prvInsertBlockIntoFreeList</name>
         <load_address>0x1a80</load_address>
         <readonly>true</readonly>
         <executable>true</executable>
         <run_address>0x1a80</run_address>
         <size>0x10c</size>
         <alignment>0x4</alignment>
         <input_file_ref idref="fl-1b"/>
      </object_component>
      <object_component id="oc-1c">
         <name>.text.vTaskSwitchContext</name>
         <load_address>0x1b8c</load_address>
         <readonly>true</readonly>
         <executable>true</executable>
         <run_address>0x1b8c</run_address>
         <size>0x10c</size>
         <alignment>0x4</alignment>
         <input_file_ref idref="fl-11"/>
      </object_component>
      <object_component id="oc-1a6">
         <name>.text.xTaskPriorityDisinherit</name>
         <load_address>0x1c98</load_address>
         <readonly>true</readonly>
         <executable>true</executable>
         <run_address>0x1c98</run_address>
         <size>0x108</size>
         <alignment>0x4</alignment>
         <input_file_ref idref="fl-11"/>
      </object_component>
      <object_component id="oc-1b2">
         <name>.text.prvInitialiseNewTask</name>
         <load_address>0x1da0</load_address>
         <readonly>true</readonly>
         <executable>true</executable>
         <run_address>0x1da0</run_address>
         <size>0x104</size>
         <alignment>0x2</alignment>
         <input_file_ref idref="fl-11"/>
      </object_component>
      <object_component id="oc-74">
         <name>.text.vPortFree</name>
         <load_address>0x1ea4</load_address>
         <readonly>true</readonly>
         <executable>true</executable>
         <run_address>0x1ea4</run_address>
         <size>0xf8</size>
         <alignment>0x4</alignment>
         <input_file_ref idref="fl-1b"/>
      </object_component>
      <object_component id="oc-1ac">
         <name>.text.prvAddCurrentTaskToDelayedList</name>
         <load_address>0x1f9c</load_address>
         <readonly>true</readonly>
         <executable>true</executable>
         <run_address>0x1f9c</run_address>
         <size>0xe4</size>
         <alignment>0x4</alignment>
         <input_file_ref idref="fl-11"/>
      </object_component>
      <object_component id="oc-1b1">
         <name>.text.xQueueGenericReset</name>
         <load_address>0x2080</load_address>
         <readonly>true</readonly>
         <executable>true</executable>
         <run_address>0x2080</run_address>
         <size>0xe4</size>
         <alignment>0x2</alignment>
         <input_file_ref idref="fl-1d"/>
      </object_component>
      <object_component id="oc-171">
         <name>.text.prvCopyDataToQueue</name>
         <load_address>0x2164</load_address>
         <readonly>true</readonly>
         <executable>true</executable>
         <run_address>0x2164</run_address>
         <size>0xd4</size>
         <alignment>0x2</alignment>
         <input_file_ref idref="fl-1d"/>
      </object_component>
      <object_component id="oc-142">
         <name>.text.prvCreateIdleTasks</name>
         <load_address>0x2238</load_address>
         <readonly>true</readonly>
         <executable>true</executable>
         <run_address>0x2238</run_address>
         <size>0xcc</size>
         <alignment>0x4</alignment>
         <input_file_ref idref="fl-11"/>
      </object_component>
      <object_component id="oc-176">
         <name>.text.prvUnlockQueue</name>
         <load_address>0x2304</load_address>
         <readonly>true</readonly>
         <executable>true</executable>
         <run_address>0x2304</run_address>
         <size>0xb6</size>
         <alignment>0x2</alignment>
         <input_file_ref idref="fl-1d"/>
      </object_component>
      <object_component id="oc-b2">
         <name>.text.__aeabi_idiv0</name>
         <load_address>0x23ba</load_address>
         <readonly>true</readonly>
         <executable>true</executable>
         <run_address>0x23ba</run_address>
         <size>0x2</size>
         <alignment>0x2</alignment>
         <input_file_ref idref="fl-ee"/>
      </object_component>
      <object_component id="oc-c4">
         <name>.text.main</name>
         <load_address>0x23bc</load_address>
         <readonly>true</readonly>
         <executable>true</executable>
         <run_address>0x23bc</run_address>
         <size>0xb4</size>
         <alignment>0x4</alignment>
         <input_file_ref idref="fl-1"/>
      </object_component>
      <object_component id="oc-173">
         <name>.text.xTaskCheckForTimeOut</name>
         <load_address>0x2470</load_address>
         <readonly>true</readonly>
         <executable>true</executable>
         <run_address>0x2470</run_address>
         <size>0xb4</size>
         <alignment>0x4</alignment>
         <input_file_ref idref="fl-11"/>
      </object_component>
      <object_component id="oc-a8">
         <name>.text.prvHeapInit</name>
         <load_address>0x2524</load_address>
         <readonly>true</readonly>
         <executable>true</executable>
         <run_address>0x2524</run_address>
         <size>0xa0</size>
         <alignment>0x4</alignment>
         <input_file_ref idref="fl-1b"/>
      </object_component>
      <object_component id="oc-1c4">
         <name>.text.xQueueGenericCreateStatic</name>
         <load_address>0x25c4</load_address>
         <readonly>true</readonly>
         <executable>true</executable>
         <run_address>0x25c4</run_address>
         <size>0xa0</size>
         <alignment>0x2</alignment>
         <input_file_ref idref="fl-1d"/>
      </object_component>
      <object_component id="oc-ef">
         <name>.text:memcpy</name>
         <load_address>0x2664</load_address>
         <readonly>true</readonly>
         <executable>true</executable>
         <run_address>0x2664</run_address>
         <size>0x9a</size>
         <alignment>0x1</alignment>
         <input_file_ref idref="fl-ef"/>
      </object_component>
      <object_component id="oc-19d">
         <name>.text._nop</name>
         <load_address>0x26fe</load_address>
         <readonly>true</readonly>
         <executable>true</executable>
         <run_address>0x26fe</run_address>
         <size>0x2</size>
         <alignment>0x2</alignment>
         <input_file_ref idref="fl-43"/>
      </object_component>
      <object_component id="oc-108">
         <name>.text.controlTask</name>
         <load_address>0x2700</load_address>
         <readonly>true</readonly>
         <executable>true</executable>
         <run_address>0x2700</run_address>
         <size>0x98</size>
         <alignment>0x4</alignment>
         <input_file_ref idref="fl-1"/>
      </object_component>
      <object_component id="oc-1bf">
         <name>.text.prvCreateStaticTask</name>
         <load_address>0x2798</load_address>
         <readonly>true</readonly>
         <executable>true</executable>
         <run_address>0x2798</run_address>
         <size>0x98</size>
         <alignment>0x2</alignment>
         <input_file_ref idref="fl-11"/>
      </object_component>
      <object_component id="oc-13c">
         <name>.text.xQueueGenericCreate</name>
         <load_address>0x2830</load_address>
         <readonly>true</readonly>
         <executable>true</executable>
         <run_address>0x2830</run_address>
         <size>0x94</size>
         <alignment>0x2</alignment>
         <input_file_ref idref="fl-1d"/>
      </object_component>
      <object_component id="oc-1ce">
         <name>.text.prvProcessTimerOrBlockTask</name>
         <load_address>0x28c4</load_address>
         <readonly>true</readonly>
         <executable>true</executable>
         <run_address>0x28c4</run_address>
         <size>0x8c</size>
         <alignment>0x4</alignment>
         <input_file_ref idref="fl-12"/>
      </object_component>
      <object_component id="oc-1b8">
         <name>.text.removeThreadKeys</name>
         <load_address>0x2950</load_address>
         <readonly>true</readonly>
         <executable>true</executable>
         <run_address>0x2950</run_address>
         <size>0x8c</size>
         <alignment>0x2</alignment>
         <input_file_ref idref="fl-16"/>
      </object_component>
      <object_component id="oc-17c">
         <name>.text.prvCreateTask</name>
         <load_address>0x29dc</load_address>
         <readonly>true</readonly>
         <executable>true</executable>
         <run_address>0x29dc</run_address>
         <size>0x84</size>
         <alignment>0x2</alignment>
         <input_file_ref idref="fl-11"/>
      </object_component>
      <object_component id="oc-1e9">
         <name>.text.prvInsertTimerInActiveList</name>
         <load_address>0x2a60</load_address>
         <readonly>true</readonly>
         <executable>true</executable>
         <run_address>0x2a60</run_address>
         <size>0x84</size>
         <alignment>0x4</alignment>
         <input_file_ref idref="fl-12"/>
      </object_component>
      <object_component id="oc-1e4">
         <name>.text.vTaskStepTick</name>
         <load_address>0x2ae4</load_address>
         <readonly>true</readonly>
         <executable>true</executable>
         <run_address>0x2ae4</run_address>
         <size>0x84</size>
         <alignment>0x4</alignment>
         <input_file_ref idref="fl-11"/>
      </object_component>
      <object_component id="oc-148">
         <name>.text.xPortStartScheduler</name>
         <load_address>0x2b68</load_address>
         <readonly>true</readonly>
         <executable>true</executable>
         <run_address>0x2b68</run_address>
         <size>0x80</size>
         <alignment>0x4</alignment>
         <input_file_ref idref="fl-13"/>
      </object_component>
      <object_component id="oc-2a">
         <name>.text.calloc</name>
         <load_address>0x2be8</load_address>
         <readonly>true</readonly>
         <executable>true</executable>
         <run_address>0x2be8</run_address>
         <size>0x7c</size>
         <alignment>0x2</alignment>
         <input_file_ref idref="fl-20"/>
      </object_component>
      <object_component id="oc-1e3">
         <name>.text.eTaskConfirmSleepModeStatus</name>
         <load_address>0x2c64</load_address>
         <readonly>true</readonly>
         <executable>true</executable>
         <run_address>0x2c64</run_address>
         <size>0x7c</size>
         <alignment>0x4</alignment>
         <input_file_ref idref="fl-11"/>
      </object_component>
      <object_component id="oc-1b3">
         <name>.text.prvInitialiseTaskLists</name>
         <load_address>0x2ce0</load_address>
         <readonly>true</readonly>
         <executable>true</executable>
         <run_address>0x2ce0</run_address>
         <size>0x7c</size>
         <alignment>0x4</alignment>
         <input_file_ref idref="fl-11"/>
      </object_component>
      <object_component id="oc-143">
         <name>.text.xTimerCreateTimerTask</name>
         <load_address>0x2d5c</load_address>
         <readonly>true</readonly>
         <executable>true</executable>
         <run_address>0x2d5c</run_address>
         <size>0x7c</size>
         <alignment>0x4</alignment>
         <input_file_ref idref="fl-12"/>
      </object_component>
      <object_component id="oc-31">
         <name>.text:decompress:lzss</name>
         <load_address>0x2dd8</load_address>
         <readonly>true</readonly>
         <executable>true</executable>
         <run_address>0x2dd8</run_address>
         <size>0x7c</size>
         <alignment>0x4</alignment>
         <input_file_ref idref="fl-41"/>
      </object_component>
      <object_component id="oc-1c1">
         <name>.text.prvGetExpectedIdleTime</name>
         <load_address>0x2e54</load_address>
         <readonly>true</readonly>
         <executable>true</executable>
         <run_address>0x2e54</run_address>
         <size>0x78</size>
         <alignment>0x4</alignment>
         <input_file_ref idref="fl-11"/>
      </object_component>
      <object_component id="oc-1f3">
         <name>.text.vTaskPlaceOnEventListRestricted</name>
         <load_address>0x2ecc</load_address>
         <readonly>true</readonly>
         <executable>true</executable>
         <run_address>0x2ecc</run_address>
         <size>0x74</size>
         <alignment>0x4</alignment>
         <input_file_ref idref="fl-11"/>
      </object_component>
      <object_component id="oc-17e">
         <name>.text.pthread_exit</name>
         <load_address>0x2f40</load_address>
         <readonly>true</readonly>
         <executable>true</executable>
         <run_address>0x2f40</run_address>
         <size>0x6e</size>
         <alignment>0x2</alignment>
         <input_file_ref idref="fl-16"/>
      </object_component>
      <object_component id="oc-54">
         <name>.text.vApplicationStackOverflowHook</name>
         <load_address>0x2fae</load_address>
         <readonly>true</readonly>
         <executable>true</executable>
         <run_address>0x2fae</run_address>
         <size>0x2</size>
         <alignment>0x2</alignment>
         <input_file_ref idref="fl-1"/>
      </object_component>
      <object_component id="oc-188">
         <name>.text.prvCheckForValidListAndQueue</name>
         <load_address>0x2fb0</load_address>
         <readonly>true</readonly>
         <executable>true</executable>
         <run_address>0x2fb0</run_address>
         <size>0x6c</size>
         <alignment>0x4</alignment>
         <input_file_ref idref="fl-12"/>
      </object_component>
      <object_component id="oc-1a7">
         <name>.text.vListInsert</name>
         <load_address>0x301c</load_address>
         <readonly>true</readonly>
         <executable>true</executable>
         <run_address>0x301c</run_address>
         <size>0x6c</size>
         <alignment>0x2</alignment>
         <input_file_ref idref="fl-1c"/>
      </object_component>
      <object_component id="oc-1e7">
         <name>.text.vQueueWaitForMessageRestricted</name>
         <load_address>0x3088</load_address>
         <readonly>true</readonly>
         <executable>true</executable>
         <run_address>0x3088</run_address>
         <size>0x6a</size>
         <alignment>0x2</alignment>
         <input_file_ref idref="fl-1d"/>
      </object_component>
      <object_component id="oc-106">
         <name>.text.vTaskStartScheduler</name>
         <load_address>0x30f4</load_address>
         <readonly>true</readonly>
         <executable>true</executable>
         <run_address>0x30f4</run_address>
         <size>0x68</size>
         <alignment>0x4</alignment>
         <input_file_ref idref="fl-11"/>
      </object_component>
      <object_component id="oc-f2">
         <name>.text.sem_init</name>
         <load_address>0x315c</load_address>
         <readonly>true</readonly>
         <executable>true</executable>
         <run_address>0x315c</run_address>
         <size>0x64</size>
         <alignment>0x4</alignment>
         <input_file_ref idref="fl-17"/>
      </object_component>
      <object_component id="oc-e9">
         <name>.text:memset</name>
         <load_address>0x31c0</load_address>
         <readonly>true</readonly>
         <executable>true</executable>
         <run_address>0x31c0</run_address>
         <size>0x62</size>
         <alignment>0x1</alignment>
         <input_file_ref idref="fl-f0"/>
      </object_component>
      <object_component id="oc-d8">
         <name>.text.pvTaskGetThreadLocalStoragePointer</name>
         <load_address>0x3224</load_address>
         <readonly>true</readonly>
         <executable>true</executable>
         <run_address>0x3224</run_address>
         <size>0x60</size>
         <alignment>0x4</alignment>
         <input_file_ref idref="fl-11"/>
      </object_component>
      <object_component id="oc-186">
         <name>.text.prvIdleTask</name>
         <load_address>0x3284</load_address>
         <readonly>true</readonly>
         <executable>true</executable>
         <run_address>0x3284</run_address>
         <size>0x5c</size>
         <alignment>0x4</alignment>
         <input_file_ref idref="fl-11"/>
      </object_component>
      <object_component id="oc-1b6">
         <name>.text.pthread_setcancelstate</name>
         <load_address>0x32e0</load_address>
         <readonly>true</readonly>
         <executable>true</executable>
         <run_address>0x32e0</run_address>
         <size>0x5a</size>
         <alignment>0x2</alignment>
         <input_file_ref idref="fl-16"/>
      </object_component>
      <object_component id="oc-db">
         <name>.text.vTaskSetThreadLocalStoragePointer</name>
         <load_address>0x333c</load_address>
         <readonly>true</readonly>
         <executable>true</executable>
         <run_address>0x333c</run_address>
         <size>0x58</size>
         <alignment>0x4</alignment>
         <input_file_ref idref="fl-11"/>
      </object_component>
      <object_component id="oc-150">
         <name>.text.__aeabi_idivmod</name>
         <load_address>0x3394</load_address>
         <readonly>true</readonly>
         <executable>true</executable>
         <run_address>0x3394</run_address>
         <size>0x56</size>
         <alignment>0x4</alignment>
         <input_file_ref idref="fl-e6"/>
      </object_component>
      <object_component id="oc-60">
         <name>.text.__aeabi_errno_addr</name>
         <load_address>0x33ec</load_address>
         <readonly>true</readonly>
         <executable>true</executable>
         <run_address>0x33ec</run_address>
         <size>0x54</size>
         <alignment>0x4</alignment>
         <input_file_ref idref="fl-1e"/>
      </object_component>
      <object_component id="oc-190">
         <name>.text.vPortSetupTimerInterrupt</name>
         <load_address>0x3440</load_address>
         <readonly>true</readonly>
         <executable>true</executable>
         <run_address>0x3440</run_address>
         <size>0x54</size>
         <alignment>0x4</alignment>
         <input_file_ref idref="fl-13"/>
      </object_component>
      <object_component id="oc-125">
         <name>.text.xQueueCreateCountingSemaphore</name>
         <load_address>0x3494</load_address>
         <readonly>true</readonly>
         <executable>true</executable>
         <run_address>0x3494</run_address>
         <size>0x54</size>
         <alignment>0x2</alignment>
         <input_file_ref idref="fl-1d"/>
      </object_component>
      <object_component id="oc-1c0">
         <name>.text.prvCheckTasksWaitingTermination</name>
         <load_address>0x34e8</load_address>
         <readonly>true</readonly>
         <executable>true</executable>
         <run_address>0x34e8</run_address>
         <size>0x50</size>
         <alignment>0x4</alignment>
         <input_file_ref idref="fl-11"/>
      </object_component>
      <object_component id="oc-1e1">
         <name>.text.prvDeleteTCB</name>
         <load_address>0x3538</load_address>
         <readonly>true</readonly>
         <executable>true</executable>
         <run_address>0x3538</run_address>
         <size>0x50</size>
         <alignment>0x2</alignment>
         <input_file_ref idref="fl-11"/>
      </object_component>
      <object_component id="oc-1e6">
         <name>.text.prvProcessExpiredTimer</name>
         <load_address>0x3588</load_address>
         <readonly>true</readonly>
         <executable>true</executable>
         <run_address>0x3588</run_address>
         <size>0x50</size>
         <alignment>0x4</alignment>
         <input_file_ref idref="fl-12"/>
      </object_component>
      <object_component id="oc-154">
         <name>.text.usleep</name>
         <load_address>0x35d8</load_address>
         <readonly>true</readonly>
         <executable>true</executable>
         <run_address>0x35d8</run_address>
         <size>0x50</size>
         <alignment>0x4</alignment>
         <input_file_ref idref="fl-18"/>
      </object_component>
      <object_component id="oc-197">
         <name>.text.vTaskDelay</name>
         <load_address>0x3628</load_address>
         <readonly>true</readonly>
         <executable>true</executable>
         <run_address>0x3628</run_address>
         <size>0x50</size>
         <alignment>0x4</alignment>
         <input_file_ref idref="fl-11"/>
      </object_component>
      <object_component id="oc-f7">
         <name>.text.sem_post</name>
         <load_address>0x3678</load_address>
         <readonly>true</readonly>
         <executable>true</executable>
         <run_address>0x3678</run_address>
         <size>0x4e</size>
         <alignment>0x2</alignment>
         <input_file_ref idref="fl-17"/>
      </object_component>
      <object_component id="oc-184">
         <name>.text.xTaskCreateStatic</name>
         <load_address>0x36c6</load_address>
         <readonly>true</readonly>
         <executable>true</executable>
         <run_address>0x36c6</run_address>
         <size>0x4c</size>
         <alignment>0x2</alignment>
         <input_file_ref idref="fl-11"/>
      </object_component>
      <object_component id="oc-25">
         <name>.text.malloc</name>
         <load_address>0x3712</load_address>
         <readonly>true</readonly>
         <executable>true</executable>
         <run_address>0x3712</run_address>
         <size>0x4a</size>
         <alignment>0x2</alignment>
         <input_file_ref idref="fl-20"/>
      </object_component>
      <object_component id="oc-159">
         <name>.text.sleep</name>
         <load_address>0x375c</load_address>
         <readonly>true</readonly>
         <executable>true</executable>
         <run_address>0x375c</run_address>
         <size>0x48</size>
         <alignment>0x4</alignment>
         <input_file_ref idref="fl-18"/>
      </object_component>
      <object_component id="oc-1d4">
         <name>.text.uxListRemove</name>
         <load_address>0x37a4</load_address>
         <readonly>true</readonly>
         <executable>true</executable>
         <run_address>0x37a4</run_address>
         <size>0x48</size>
         <alignment>0x2</alignment>
         <input_file_ref idref="fl-1c"/>
      </object_component>
      <object_component id="oc-13d">
         <name>.text.xTaskCreate</name>
         <load_address>0x37ec</load_address>
         <readonly>true</readonly>
         <executable>true</executable>
         <run_address>0x37ec</run_address>
         <size>0x48</size>
         <alignment>0x2</alignment>
         <input_file_ref idref="fl-11"/>
      </object_component>
      <object_component id="oc-1de">
         <name>.text.xTaskGetApplicationTaskTag</name>
         <load_address>0x3834</load_address>
         <readonly>true</readonly>
         <executable>true</executable>
         <run_address>0x3834</run_address>
         <size>0x48</size>
         <alignment>0x4</alignment>
         <input_file_ref idref="fl-11"/>
      </object_component>
      <object_component id="oc-17b">
         <name>.text.prvInitialiseNewQueue</name>
         <load_address>0x387c</load_address>
         <readonly>true</readonly>
         <executable>true</executable>
         <run_address>0x387c</run_address>
         <size>0x46</size>
         <alignment>0x2</alignment>
         <input_file_ref idref="fl-1d"/>
      </object_component>
      <object_component id="oc-1d9">
         <name>.text.vListInitialiseItem</name>
         <load_address>0x38c2</load_address>
         <readonly>true</readonly>
         <executable>true</executable>
         <run_address>0x38c2</run_address>
         <size>0xe</size>
         <alignment>0x2</alignment>
         <input_file_ref idref="fl-1c"/>
      </object_component>
      <object_component id="oc-4e">
         <name>.text.PendSV_Handler</name>
         <load_address>0x38d0</load_address>
         <readonly>true</readonly>
         <executable>true</executable>
         <run_address>0x38d0</run_address>
         <size>0x44</size>
         <alignment>0x10</alignment>
         <input_file_ref idref="fl-14"/>
      </object_component>
      <object_component id="oc-1f4">
         <name>.text.prvCopyDataFromQueue</name>
         <load_address>0x3914</load_address>
         <readonly>true</readonly>
         <executable>true</executable>
         <run_address>0x3914</run_address>
         <size>0x44</size>
         <alignment>0x2</alignment>
         <input_file_ref idref="fl-1d"/>
      </object_component>
      <object_component id="oc-1f1">
         <name>.text.prvSwitchTimerLists</name>
         <load_address>0x3958</load_address>
         <readonly>true</readonly>
         <executable>true</executable>
         <run_address>0x3958</run_address>
         <size>0x44</size>
         <alignment>0x4</alignment>
         <input_file_ref idref="fl-12"/>
      </object_component>
      <object_component id="oc-6b">
         <name>.text.__aeabi_uidivmod</name>
         <load_address>0x399c</load_address>
         <readonly>true</readonly>
         <executable>true</executable>
         <run_address>0x399c</run_address>
         <size>0x40</size>
         <alignment>0x4</alignment>
         <input_file_ref idref="fl-e9"/>
      </object_component>
      <object_component id="oc-107">
         <name>.text.timingTask</name>
         <load_address>0x39dc</load_address>
         <readonly>true</readonly>
         <executable>true</executable>
         <run_address>0x39dc</run_address>
         <size>0x40</size>
         <alignment>0x4</alignment>
         <input_file_ref idref="fl-1"/>
      </object_component>
      <object_component id="oc-1e5">
         <name>.text.prvSampleTimeNow</name>
         <load_address>0x3a1c</load_address>
         <readonly>true</readonly>
         <executable>true</executable>
         <run_address>0x3a1c</run_address>
         <size>0x3c</size>
         <alignment>0x4</alignment>
         <input_file_ref idref="fl-12"/>
      </object_component>
      <object_component id="oc-110">
         <name>.text:__TI_auto_init_nobinit_nopinit</name>
         <load_address>0x3a58</load_address>
         <readonly>true</readonly>
         <executable>true</executable>
         <run_address>0x3a58</run_address>
         <size>0x3c</size>
         <alignment>0x4</alignment>
         <input_file_ref idref="fl-3c"/>
      </object_component>
      <object_component id="oc-1df">
         <name>.text.vListInsertEnd</name>
         <load_address>0x3a94</load_address>
         <readonly>true</readonly>
         <executable>true</executable>
         <run_address>0x3a94</run_address>
         <size>0x3a</size>
         <alignment>0x2</alignment>
         <input_file_ref idref="fl-1c"/>
      </object_component>
      <object_component id="oc-1cd">
         <name>.text.prvGetNextExpireTime</name>
         <load_address>0x3ad0</load_address>
         <readonly>true</readonly>
         <executable>true</executable>
         <run_address>0x3ad0</run_address>
         <size>0x38</size>
         <alignment>0x4</alignment>
         <input_file_ref idref="fl-12"/>
      </object_component>
      <object_component id="oc-14a">
         <name>.text.rand</name>
         <load_address>0x3b08</load_address>
         <readonly>true</readonly>
         <executable>true</executable>
         <run_address>0x3b08</run_address>
         <size>0x38</size>
         <alignment>0x4</alignment>
         <input_file_ref idref="fl-39"/>
      </object_component>
      <object_component id="oc-9d">
         <name>.text.xTaskGetSchedulerState</name>
         <load_address>0x3b40</load_address>
         <readonly>true</readonly>
         <executable>true</executable>
         <run_address>0x3b40</run_address>
         <size>0x38</size>
         <alignment>0x4</alignment>
         <input_file_ref idref="fl-11"/>
      </object_component>
      <object_component id="oc-1ea">
         <name>.text.prvReloadTimer</name>
         <load_address>0x3b78</load_address>
         <readonly>true</readonly>
         <executable>true</executable>
         <run_address>0x3b78</run_address>
         <size>0x36</size>
         <alignment>0x2</alignment>
         <input_file_ref idref="fl-12"/>
      </object_component>
      <object_component id="oc-102">
         <name>.text.pthread_attr_setschedparam</name>
         <load_address>0x3bae</load_address>
         <readonly>true</readonly>
         <executable>true</executable>
         <run_address>0x3bae</run_address>
         <size>0x34</size>
         <alignment>0x2</alignment>
         <input_file_ref idref="fl-16"/>
      </object_component>
      <object_component id="oc-175">
         <name>.text.vTaskPlaceOnEventList</name>
         <load_address>0x3be4</load_address>
         <readonly>true</readonly>
         <executable>true</executable>
         <run_address>0x3be4</run_address>
         <size>0x34</size>
         <alignment>0x4</alignment>
         <input_file_ref idref="fl-11"/>
      </object_component>
      <object_component id="oc-13e">
         <name>.text.vTaskSetApplicationTaskTag</name>
         <load_address>0x3c18</load_address>
         <readonly>true</readonly>
         <executable>true</executable>
         <run_address>0x3c18</run_address>
         <size>0x34</size>
         <alignment>0x4</alignment>
         <input_file_ref idref="fl-11"/>
      </object_component>
      <object_component id="oc-13f">
         <name>.text.vQueueDelete</name>
         <load_address>0x3c4c</load_address>
         <readonly>true</readonly>
         <executable>true</executable>
         <run_address>0x3c4c</run_address>
         <size>0x32</size>
         <alignment>0x2</alignment>
         <input_file_ref idref="fl-1d"/>
      </object_component>
      <object_component id="oc-12c">
         <name>.text.HwiP_inISR</name>
         <load_address>0x3c80</load_address>
         <readonly>true</readonly>
         <executable>true</executable>
         <run_address>0x3c80</run_address>
         <size>0x30</size>
         <alignment>0x4</alignment>
         <input_file_ref idref="fl-19"/>
      </object_component>
      <object_component id="oc-134">
         <name>.text.SYSCFG_DL_GPIO_init</name>
         <load_address>0x3cb0</load_address>
         <readonly>true</readonly>
         <executable>true</executable>
         <run_address>0x3cb0</run_address>
         <size>0x30</size>
         <alignment>0x4</alignment>
         <input_file_ref idref="fl-2"/>
      </object_component>
      <object_component id="oc-4f">
         <name>.text.SysTick_Handler</name>
         <load_address>0x3ce0</load_address>
         <readonly>true</readonly>
         <executable>true</executable>
         <run_address>0x3ce0</run_address>
         <size>0x30</size>
         <alignment>0x4</alignment>
         <input_file_ref idref="fl-13"/>
      </object_component>
      <object_component id="oc-cf">
         <name>.text.prvResetNextTaskUnblockTime</name>
         <load_address>0x3d10</load_address>
         <readonly>true</readonly>
         <executable>true</executable>
         <run_address>0x3d10</run_address>
         <size>0x30</size>
         <alignment>0x4</alignment>
         <input_file_ref idref="fl-11"/>
      </object_component>
      <object_component id="oc-192">
         <name>.text.prvTaskExitError</name>
         <load_address>0x3d40</load_address>
         <readonly>true</readonly>
         <executable>true</executable>
         <run_address>0x3d40</run_address>
         <size>0x30</size>
         <alignment>0x4</alignment>
         <input_file_ref idref="fl-13"/>
      </object_component>
      <object_component id="oc-174">
         <name>.text.prvIsQueueFull</name>
         <load_address>0x3d70</load_address>
         <readonly>true</readonly>
         <executable>true</executable>
         <run_address>0x3d70</run_address>
         <size>0x2e</size>
         <alignment>0x2</alignment>
         <input_file_ref idref="fl-1d"/>
      </object_component>
      <object_component id="oc-103">
         <name>.text.pthread_attr_setdetachstate</name>
         <load_address>0x3d9e</load_address>
         <readonly>true</readonly>
         <executable>true</executable>
         <run_address>0x3d9e</run_address>
         <size>0x2e</size>
         <alignment>0x2</alignment>
         <input_file_ref idref="fl-16"/>
      </object_component>
      <object_component id="oc-20">
         <name>.text.vPortSVCHandler_C</name>
         <load_address>0x3dcc</load_address>
         <readonly>true</readonly>
         <executable>true</executable>
         <run_address>0x3dcc</run_address>
         <size>0x2e</size>
         <alignment>0x2</alignment>
         <input_file_ref idref="fl-13"/>
      </object_component>
      <object_component id="oc-133">
         <name>.text.SYSCFG_DL_initPower</name>
         <load_address>0x3dfc</load_address>
         <readonly>true</readonly>
         <executable>true</executable>
         <run_address>0x3dfc</run_address>
         <size>0x2c</size>
         <alignment>0x4</alignment>
         <input_file_ref idref="fl-2"/>
      </object_component>
      <object_component id="oc-1b7">
         <name>.text._pthread_cleanup_pop</name>
         <load_address>0x3e28</load_address>
         <readonly>true</readonly>
         <executable>true</executable>
         <run_address>0x3e28</run_address>
         <size>0x2c</size>
         <alignment>0x2</alignment>
         <input_file_ref idref="fl-16"/>
      </object_component>
      <object_component id="oc-1c3">
         <name>.text.vListInitialise</name>
         <load_address>0x3e54</load_address>
         <readonly>true</readonly>
         <executable>true</executable>
         <run_address>0x3e54</run_address>
         <size>0x2c</size>
         <alignment>0x2</alignment>
         <input_file_ref idref="fl-1c"/>
      </object_component>
      <object_component id="oc-de">
         <name>.text.vPortExitCritical</name>
         <load_address>0x3e80</load_address>
         <readonly>true</readonly>
         <executable>true</executable>
         <run_address>0x3e80</run_address>
         <size>0x2c</size>
         <alignment>0x4</alignment>
         <input_file_ref idref="fl-13"/>
      </object_component>
      <object_component id="oc-1ec">
         <name>.text.prvIsQueueEmpty</name>
         <load_address>0x3eac</load_address>
         <readonly>true</readonly>
         <executable>true</executable>
         <run_address>0x3eac</run_address>
         <size>0x2a</size>
         <alignment>0x2</alignment>
         <input_file_ref idref="fl-1d"/>
      </object_component>
      <object_component id="oc-19a">
         <name>.text.semaphorePend</name>
         <load_address>0x3ed6</load_address>
         <readonly>true</readonly>
         <executable>true</executable>
         <run_address>0x3ed6</run_address>
         <size>0x2a</size>
         <alignment>0x2</alignment>
         <input_file_ref idref="fl-17"/>
      </object_component>
      <object_component id="oc-1ee">
         <name>.text.prvGetHighestPriorityOfWaitToReceiveList</name>
         <load_address>0x3f00</load_address>
         <readonly>true</readonly>
         <executable>true</executable>
         <run_address>0x3f00</run_address>
         <size>0x28</size>
         <alignment>0x2</alignment>
         <input_file_ref idref="fl-1d"/>
      </object_component>
      <object_component id="oc-17f">
         <name>.text.vApplicationGetIdleTaskMemory</name>
         <load_address>0x3f28</load_address>
         <readonly>true</readonly>
         <executable>true</executable>
         <run_address>0x3f28</run_address>
         <size>0x28</size>
         <alignment>0x4</alignment>
         <input_file_ref idref="fl-1a"/>
      </object_component>
      <object_component id="oc-189">
         <name>.text.vApplicationGetTimerTaskMemory</name>
         <load_address>0x3f50</load_address>
         <readonly>true</readonly>
         <executable>true</executable>
         <run_address>0x3f50</run_address>
         <size>0x28</size>
         <alignment>0x4</alignment>
         <input_file_ref idref="fl-1a"/>
      </object_component>
      <object_component id="oc-8e">
         <name>.text:_c_int00_noargs</name>
         <load_address>0x3f78</load_address>
         <readonly>true</readonly>
         <executable>true</executable>
         <run_address>0x3f78</run_address>
         <size>0x28</size>
         <alignment>0x4</alignment>
         <input_file_ref idref="fl-3a"/>
      </object_component>
      <object_component id="oc-1e0">
         <name>.text.PTLS_taskDeleteHook</name>
         <load_address>0x3fa0</load_address>
         <readonly>true</readonly>
         <executable>true</executable>
         <run_address>0x3fa0</run_address>
         <size>0x24</size>
         <alignment>0x2</alignment>
         <input_file_ref idref="fl-15"/>
      </object_component>
      <object_component id="oc-6f">
         <name>.text.__aeabi_memclr</name>
         <load_address>0x3fc4</load_address>
         <readonly>true</readonly>
         <executable>true</executable>
         <run_address>0x3fc4</run_address>
         <size>0xc</size>
         <alignment>0x4</alignment>
         <input_file_ref idref="fl-e8"/>
      </object_component>
      <object_component id="oc-49">
         <name>.text.SVC_Handler</name>
         <load_address>0x3fd0</load_address>
         <readonly>true</readonly>
         <executable>true</executable>
         <run_address>0x3fd0</run_address>
         <size>0x24</size>
         <alignment>0x10</alignment>
         <input_file_ref idref="fl-14"/>
      </object_component>
      <object_component id="oc-1eb">
         <name>.text.pvTaskIncrementMutexHeldCount</name>
         <load_address>0x3ff4</load_address>
         <readonly>true</readonly>
         <executable>true</executable>
         <run_address>0x3ff4</run_address>
         <size>0x24</size>
         <alignment>0x4</alignment>
         <input_file_ref idref="fl-11"/>
      </object_component>
      <object_component id="oc-7e">
         <name>.text.__aeabi_memcpy</name>
         <load_address>0x4018</load_address>
         <readonly>true</readonly>
         <executable>true</executable>
         <run_address>0x4018</run_address>
         <size>0x8</size>
         <alignment>0x4</alignment>
         <input_file_ref idref="fl-e7"/>
      </object_component>
      <object_component id="oc-5d">
         <name>.text.vRestoreContextOfFirstTask</name>
         <load_address>0x4020</load_address>
         <readonly>true</readonly>
         <executable>true</executable>
         <run_address>0x4020</run_address>
         <size>0x24</size>
         <alignment>0x10</alignment>
         <input_file_ref idref="fl-14"/>
      </object_component>
      <object_component id="oc-172">
         <name>.text.vTaskInternalSetTimeOutState</name>
         <load_address>0x4044</load_address>
         <readonly>true</readonly>
         <executable>true</executable>
         <run_address>0x4044</run_address>
         <size>0x20</size>
         <alignment>0x4</alignment>
         <input_file_ref idref="fl-11"/>
      </object_component>
      <object_component id="oc-140">
         <name>.text._pthread_runStub</name>
         <load_address>0x4064</load_address>
         <readonly>true</readonly>
         <executable>true</executable>
         <run_address>0x4064</run_address>
         <size>0x1e</size>
         <alignment>0x2</alignment>
         <input_file_ref idref="fl-16"/>
      </object_component>
      <object_component id="oc-18b">
         <name>.text.prvTimerTask</name>
         <load_address>0x4082</load_address>
         <readonly>true</readonly>
         <executable>true</executable>
         <run_address>0x4082</run_address>
         <size>0x1e</size>
         <alignment>0x2</alignment>
         <input_file_ref idref="fl-12"/>
      </object_component>
      <object_component id="oc-15a">
         <name>.text.sem_wait</name>
         <load_address>0x40a0</load_address>
         <readonly>true</readonly>
         <executable>true</executable>
         <run_address>0x40a0</run_address>
         <size>0x1e</size>
         <alignment>0x2</alignment>
         <input_file_ref idref="fl-17"/>
      </object_component>
      <object_component id="oc-135">
         <name>.text.SYSCFG_DL_SYSCTL_init</name>
         <load_address>0x40c0</load_address>
         <readonly>true</readonly>
         <executable>true</executable>
         <run_address>0x40c0</run_address>
         <size>0x1c</size>
         <alignment>0x4</alignment>
         <input_file_ref idref="fl-2"/>
      </object_component>
      <object_component id="oc-fd">
         <name>.text.pthread_attr_init</name>
         <load_address>0x40dc</load_address>
         <readonly>true</readonly>
         <executable>true</executable>
         <run_address>0x40dc</run_address>
         <size>0x1c</size>
         <alignment>0x4</alignment>
         <input_file_ref idref="fl-16"/>
      </object_component>
      <object_component id="oc-9e">
         <name>.text.PTLS_getBuf</name>
         <load_address>0x40f8</load_address>
         <readonly>true</readonly>
         <executable>true</executable>
         <run_address>0x40f8</run_address>
         <size>0x1a</size>
         <alignment>0x2</alignment>
         <input_file_ref idref="fl-15"/>
      </object_component>
      <object_component id="oc-a3">
         <name>.text.PTLS_setBuf</name>
         <load_address>0x4112</load_address>
         <readonly>true</readonly>
         <executable>true</executable>
         <run_address>0x4112</run_address>
         <size>0x1a</size>
         <alignment>0x2</alignment>
         <input_file_ref idref="fl-15"/>
      </object_component>
      <object_component id="oc-1b5">
         <name>.text.pthread_self</name>
         <load_address>0x412c</load_address>
         <readonly>true</readonly>
         <executable>true</executable>
         <run_address>0x412c</run_address>
         <size>0x18</size>
         <alignment>0x2</alignment>
         <input_file_ref idref="fl-16"/>
      </object_component>
      <object_component id="oc-dc">
         <name>.text.vPortEnterCritical</name>
         <load_address>0x4144</load_address>
         <readonly>true</readonly>
         <executable>true</executable>
         <run_address>0x4144</run_address>
         <size>0x18</size>
         <alignment>0x4</alignment>
         <input_file_ref idref="fl-13"/>
      </object_component>
      <object_component id="oc-dd">
         <name>.text.vPortYield</name>
         <load_address>0x415c</load_address>
         <readonly>true</readonly>
         <executable>true</executable>
         <run_address>0x415c</run_address>
         <size>0x18</size>
         <alignment>0x4</alignment>
         <input_file_ref idref="fl-13"/>
      </object_component>
      <object_component id="oc-2e">
         <name>.text.aligned_alloc</name>
         <load_address>0x4174</load_address>
         <readonly>true</readonly>
         <executable>true</executable>
         <run_address>0x4174</run_address>
         <size>0x14</size>
         <alignment>0x2</alignment>
         <input_file_ref idref="fl-20"/>
      </object_component>
      <object_component id="oc-d7">
         <name>.text.xTaskGetCurrentTaskHandle</name>
         <load_address>0x4188</load_address>
         <readonly>true</readonly>
         <executable>true</executable>
         <run_address>0x4188</run_address>
         <size>0x14</size>
         <alignment>0x4</alignment>
         <input_file_ref idref="fl-11"/>
      </object_component>
      <object_component id="oc-1f0">
         <name>.text.xTaskGetTickCount</name>
         <load_address>0x419c</load_address>
         <readonly>true</readonly>
         <executable>true</executable>
         <run_address>0x419c</run_address>
         <size>0x14</size>
         <alignment>0x4</alignment>
         <input_file_ref idref="fl-11"/>
      </object_component>
      <object_component id="oc-104">
         <name>.text.pthread_attr_setstacksize</name>
         <load_address>0x41b0</load_address>
         <readonly>true</readonly>
         <executable>true</executable>
         <run_address>0x41b0</run_address>
         <size>0x12</size>
         <alignment>0x2</alignment>
         <input_file_ref idref="fl-16"/>
      </object_component>
      <object_component id="oc-35">
         <name>.text:decompress:none</name>
         <load_address>0x41c2</load_address>
         <readonly>true</readonly>
         <executable>true</executable>
         <run_address>0x41c2</run_address>
         <size>0x12</size>
         <alignment>0x2</alignment>
         <input_file_ref idref="fl-40"/>
      </object_component>
      <object_component id="oc-f8">
         <name>.text.SYSCFG_DL_init</name>
         <load_address>0x41d4</load_address>
         <readonly>true</readonly>
         <executable>true</executable>
         <run_address>0x41d4</run_address>
         <size>0x10</size>
         <alignment>0x2</alignment>
         <input_file_ref idref="fl-2"/>
      </object_component>
      <object_component id="oc-2c">
         <name>.text.free</name>
         <load_address>0x41e4</load_address>
         <readonly>true</readonly>
         <executable>true</executable>
         <run_address>0x41e4</run_address>
         <size>0x10</size>
         <alignment>0x2</alignment>
         <input_file_ref idref="fl-20"/>
      </object_component>
      <object_component id="oc-2d">
         <name>.text.memalign</name>
         <load_address>0x41f4</load_address>
         <readonly>true</readonly>
         <executable>true</executable>
         <run_address>0x41f4</run_address>
         <size>0xc</size>
         <alignment>0x2</alignment>
         <input_file_ref idref="fl-20"/>
      </object_component>
      <object_component id="oc-191">
         <name>.text.vStartFirstTask</name>
         <load_address>0x4200</load_address>
         <readonly>true</readonly>
         <executable>true</executable>
         <run_address>0x4200</run_address>
         <size>0x10</size>
         <alignment>0x10</alignment>
         <input_file_ref idref="fl-14"/>
      </object_component>
      <object_component id="oc-a7">
         <name>.text.vTaskSuspendAll</name>
         <load_address>0x4210</load_address>
         <readonly>true</readonly>
         <executable>true</executable>
         <run_address>0x4210</run_address>
         <size>0x10</size>
         <alignment>0x4</alignment>
         <input_file_ref idref="fl-11"/>
      </object_component>
      <object_component id="oc-8b">
         <name>.text:decompress:ZI</name>
         <load_address>0x4220</load_address>
         <readonly>true</readonly>
         <executable>true</executable>
         <run_address>0x4220</run_address>
         <size>0x10</size>
         <alignment>0x2</alignment>
         <input_file_ref idref="fl-3f"/>
      </object_component>
      <object_component id="oc-1d8">
         <name>.text.__aeabi_memset</name>
         <load_address>0x4230</load_address>
         <readonly>true</readonly>
         <executable>true</executable>
         <run_address>0x4230</run_address>
         <size>0xe</size>
         <alignment>0x4</alignment>
         <input_file_ref idref="fl-e8"/>
      </object_component>
      <object_component id="oc-2b">
         <name>.text.realloc</name>
         <load_address>0x423e</load_address>
         <readonly>true</readonly>
         <executable>true</executable>
         <run_address>0x423e</run_address>
         <size>0xc</size>
         <alignment>0x2</alignment>
         <input_file_ref idref="fl-20"/>
      </object_component>
      <object_component id="oc-170">
         <name>.text.uxTaskGetNumberOfTasks</name>
         <load_address>0x424c</load_address>
         <readonly>true</readonly>
         <executable>true</executable>
         <run_address>0x424c</run_address>
         <size>0xc</size>
         <alignment>0x4</alignment>
         <input_file_ref idref="fl-11"/>
      </object_component>
      <object_component id="oc-1ad">
         <name>.text.vTaskMissedYield</name>
         <load_address>0x4258</load_address>
         <readonly>true</readonly>
         <executable>true</executable>
         <run_address>0x4258</run_address>
         <size>0xc</size>
         <alignment>0x4</alignment>
         <input_file_ref idref="fl-11"/>
      </object_component>
      <object_component id="oc-177">
         <name>.text.DL_Common_delayCycles</name>
         <load_address>0x4264</load_address>
         <readonly>true</readonly>
         <executable>true</executable>
         <run_address>0x4264</run_address>
         <size>0xa</size>
         <alignment>0x2</alignment>
         <input_file_ref idref="fl-21"/>
      </object_component>
      <object_component id="oc-97">
         <name>.text.ulSetInterruptMask</name>
         <load_address>0x426e</load_address>
         <readonly>true</readonly>
         <executable>true</executable>
         <run_address>0x426e</run_address>
         <size>0x8</size>
         <alignment>0x2</alignment>
         <input_file_ref idref="fl-14"/>
      </object_component>
      <object_component id="oc-99">
         <name>.text.vClearInterruptMask</name>
         <load_address>0x4276</load_address>
         <readonly>true</readonly>
         <executable>true</executable>
         <run_address>0x4276</run_address>
         <size>0x6</size>
         <alignment>0x2</alignment>
         <input_file_ref idref="fl-14"/>
      </object_component>
      <object_component id="oc-109">
         <name>.text:abort</name>
         <load_address>0x427c</load_address>
         <readonly>true</readonly>
         <executable>true</executable>
         <run_address>0x427c</run_address>
         <size>0x6</size>
         <alignment>0x2</alignment>
         <input_file_ref idref="fl-42"/>
      </object_component>
      <object_component id="oc-15b">
         <name>.text.HOSTexit</name>
         <load_address>0x4282</load_address>
         <readonly>true</readonly>
         <executable>true</executable>
         <run_address>0x4282</run_address>
         <size>0x4</size>
         <alignment>0x2</alignment>
         <input_file_ref idref="fl-e4"/>
      </object_component>
      <object_component id="oc-44">
         <name>.text.Reset_Handler</name>
         <load_address>0x4286</load_address>
         <readonly>true</readonly>
         <executable>true</executable>
         <run_address>0x4286</run_address>
         <size>0x4</size>
         <alignment>0x2</alignment>
         <input_file_ref idref="fl-3"/>
      </object_component>
      <object_component id="oc-c0">
         <name>.text._system_pre_init</name>
         <load_address>0x428a</load_address>
         <readonly>true</readonly>
         <executable>true</executable>
         <run_address>0x428a</run_address>
         <size>0x4</size>
         <alignment>0x2</alignment>
         <input_file_ref idref="fl-3d"/>
      </object_component>
      <object_component id="oc-236">
         <name>.cinit..data.load</name>
         <load_address>0x42a8</load_address>
         <readonly>true</readonly>
         <run_address>0x42a8</run_address>
         <size>0x1f</size>
         <alignment>0x1</alignment>
      </object_component>
      <object_component id="oc-234">
         <name>__TI_handler_table</name>
         <load_address>0x42c8</load_address>
         <readonly>true</readonly>
         <run_address>0x42c8</run_address>
         <size>0xc</size>
         <alignment>0x4</alignment>
      </object_component>
      <object_component id="oc-237">
         <name>.cinit..bss.load</name>
         <load_address>0x42d4</load_address>
         <readonly>true</readonly>
         <run_address>0x42d4</run_address>
         <size>0x8</size>
         <alignment>0x4</alignment>
      </object_component>
      <object_component id="oc-235">
         <name>__TI_cinit_table</name>
         <load_address>0x42dc</load_address>
         <readonly>true</readonly>
         <run_address>0x42dc</run_address>
         <size>0x10</size>
         <alignment>0x4</alignment>
      </object_component>
      <object_component id="oc-18c">
         <name>.rodata.str1.6031452896567546882.1</name>
         <load_address>0x4290</load_address>
         <readonly>true</readonly>
         <run_address>0x4290</run_address>
         <size>0x8</size>
         <alignment>0x1</alignment>
         <input_file_ref idref="fl-12"/>
      </object_component>
      <object_component id="oc-185">
         <name>.rodata.str1.13344916649340266805.1</name>
         <load_address>0x4298</load_address>
         <readonly>true</readonly>
         <run_address>0x4298</run_address>
         <size>0x5</size>
         <alignment>0x1</alignment>
         <input_file_ref idref="fl-11"/>
      </object_component>
      <object_component id="oc-141">
         <name>.rodata.str1.301604644627550129.1</name>
         <load_address>0x429d</load_address>
         <readonly>true</readonly>
         <run_address>0x429d</run_address>
         <size>0x2</size>
         <alignment>0x1</alignment>
         <input_file_ref idref="fl-16"/>
      </object_component>
      <object_component id="oc-149">
         <name>.rodata.uxTopUsedPriority</name>
         <load_address>0x42a0</load_address>
         <readonly>true</readonly>
         <run_address>0x42a0</run_address>
         <size>0x4</size>
         <alignment>0x4</alignment>
         <input_file_ref idref="fl-11"/>
      </object_component>
      <object_component id="oc-1fe">
         <name>.binit</name>
         <load_address>0x0</load_address>
         <readonly>true</readonly>
         <run_address>0x0</run_address>
         <size>0x0</size>
         <alignment>0x4</alignment>
      </object_component>
      <object_component id="oc-1a">
         <name>.data.pxCurrentTCB</name>
         <load_address>0x20202f30</load_address>
         <readwrite>true</readwrite>
         <run_address>0x20202f30</run_address>
         <size>0x4</size>
         <alignment>0x4</alignment>
         <input_file_ref idref="fl-11"/>
      </object_component>
      <object_component id="oc-1b4">
         <name>.data.uxTaskNumber</name>
         <load_address>0x20202f50</load_address>
         <readwrite>true</readwrite>
         <run_address>0x20202f50</run_address>
         <size>0x4</size>
         <alignment>0x4</alignment>
         <input_file_ref idref="fl-11"/>
      </object_component>
      <object_component id="oc-d6">
         <name>.data.xSchedulerRunning</name>
         <load_address>0x20202f78</load_address>
         <readwrite>true</readwrite>
         <run_address>0x20202f78</run_address>
         <size>0x4</size>
         <alignment>0x4</alignment>
         <input_file_ref idref="fl-11"/>
      </object_component>
      <object_component id="oc-1e2">
         <name>.data.uxDeletedTasksWaitingCleanUp</name>
         <load_address>0x20202f48</load_address>
         <readwrite>true</readwrite>
         <run_address>0x20202f48</run_address>
         <size>0x4</size>
         <alignment>0x4</alignment>
         <input_file_ref idref="fl-11"/>
      </object_component>
      <object_component id="oc-df">
         <name>.data.uxCurrentNumberOfTasks</name>
         <load_address>0x20202f44</load_address>
         <readwrite>true</readwrite>
         <run_address>0x20202f44</run_address>
         <size>0x4</size>
         <alignment>0x4</alignment>
         <input_file_ref idref="fl-11"/>
      </object_component>
      <object_component id="oc-59">
         <name>.data.uxSchedulerSuspended</name>
         <load_address>0x20202f4c</load_address>
         <readwrite>true</readwrite>
         <run_address>0x20202f4c</run_address>
         <size>0x4</size>
         <alignment>0x4</alignment>
         <input_file_ref idref="fl-11"/>
      </object_component>
      <object_component id="oc-d1">
         <name>.data.xTickCount</name>
         <load_address>0x20202f7c</load_address>
         <readwrite>true</readwrite>
         <run_address>0x20202f7c</run_address>
         <size>0x4</size>
         <alignment>0x4</alignment>
         <input_file_ref idref="fl-11"/>
      </object_component>
      <object_component id="oc-5b">
         <name>.data.uxTopReadyPriority</name>
         <load_address>0x20202f54</load_address>
         <readwrite>true</readwrite>
         <run_address>0x20202f54</run_address>
         <size>0x4</size>
         <alignment>0x4</alignment>
         <input_file_ref idref="fl-11"/>
      </object_component>
      <object_component id="oc-d5">
         <name>.data.xNextTaskUnblockTime</name>
         <load_address>0x20202f64</load_address>
         <readwrite>true</readwrite>
         <run_address>0x20202f64</run_address>
         <size>0x4</size>
         <alignment>0x4</alignment>
         <input_file_ref idref="fl-11"/>
      </object_component>
      <object_component id="oc-5a">
         <name>.data.xYieldPendings</name>
         <load_address>0x20202f88</load_address>
         <readwrite>true</readwrite>
         <run_address>0x20202f88</run_address>
         <size>0x4</size>
         <alignment>0x4</alignment>
         <input_file_ref idref="fl-11"/>
      </object_component>
      <object_component id="oc-d0">
         <name>.data.xPendedTicks</name>
         <load_address>0x20202f74</load_address>
         <readwrite>true</readwrite>
         <run_address>0x20202f74</run_address>
         <size>0x4</size>
         <alignment>0x4</alignment>
         <input_file_ref idref="fl-11"/>
      </object_component>
      <object_component id="oc-d4">
         <name>.data.xNumOfOverflows</name>
         <load_address>0x20202f68</load_address>
         <readwrite>true</readwrite>
         <run_address>0x20202f68</run_address>
         <size>0x4</size>
         <alignment>0x4</alignment>
         <input_file_ref idref="fl-11"/>
      </object_component>
      <object_component id="oc-18a">
         <name>.data.xTimerQueue</name>
         <load_address>0x20202f80</load_address>
         <readwrite>true</readwrite>
         <run_address>0x20202f80</run_address>
         <size>0x4</size>
         <alignment>0x4</alignment>
         <input_file_ref idref="fl-12"/>
      </object_component>
      <object_component id="oc-18d">
         <name>.data.xTimerTaskHandle</name>
         <load_address>0x20202f84</load_address>
         <readwrite>true</readwrite>
         <run_address>0x20202f84</run_address>
         <size>0x4</size>
         <alignment>0x4</alignment>
         <input_file_ref idref="fl-12"/>
      </object_component>
[...]
         <value>0x36c7</value>
         <object_component_ref idref="oc-184"/>
      </symbol>
      <symbol id="sm-145">
         <name>pxCurrentTCB</name>
         <value>0x20202f30</value>
         <object_component_ref idref="oc-1a"/>
      </symbol>
      <symbol id="sm-146">
         <name>xTaskCreate</name>
         <value>0x37ed</value>
         <object_component_ref idref="oc-13d"/>
      </symbol>
      <symbol id="sm-147">
         <name>vTaskDelete</name>
         <value>0x1741</value>
         <object_component_ref idref="oc-1ba"/>
      </symbol>
      <symbol id="sm-148">
         <name>vTaskSuspendAll</name>
         <value>0x4211</value>
         <object_component_ref idref="oc-a7"/>
      </symbol>
      <symbol id="sm-149">
         <name>xTaskResumeAll</name>
         <value>0x565</value>
         <object_component_ref idref="oc-a9"/>
      </symbol>
      <symbol id="sm-14a">
         <name>xTaskIncrementTick</name>
         <value>0x355</value>
         <object_component_ref idref="oc-98"/>
      </symbol>
      <symbol id="sm-14b">
         <name>vTaskDelay</name>
         <value>0x3629</value>
         <object_component_ref idref="oc-197"/>
      </symbol>
      <symbol id="sm-14c">
         <name>vTaskSuspend</name>
         <value>0x161d</value>
         <object_component_ref idref="oc-1b9"/>
      </symbol>
      <symbol id="sm-14d">
         <name>vTaskSwitchContext</name>
         <value>0x1b8d</value>
         <object_component_ref idref="oc-1c"/>
      </symbol>
      <symbol id="sm-14e">
         <name>vTaskStartScheduler</name>
         <value>0x30f5</value>
         <object_component_ref idref="oc-106"/>
      </symbol>
      <symbol id="sm-14f">
         <name>xTaskGetTickCount</name>
         <value>0x419d</value>
         <object_component_ref idref="oc-1f0"/>
      </symbol>
      <symbol id="sm-150">
         <name>uxTaskGetNumberOfTasks</name>
         <value>0x424d</value>
         <object_component_ref idref="oc-170"/>
      </symbol>
      <symbol id="sm-151">
         <name>vTaskStepTick</name>
         <value>0x2ae5</value>
         <object_component_ref idref="oc-1e4"/>
      </symbol>
      <symbol id="sm-152">
         <name>vTaskSetApplicationTaskTag</name>
         <value>0x3c19</value>
         <object_component_ref idref="oc-13e"/>
      </symbol>
      <symbol id="sm-153">
         <name>xTaskGetApplicationTaskTag</name>
         <value>0x3835</value>
         <object_component_ref idref="oc-1de"/>
      </symbol>
      <symbol id="sm-154">
         <name>vTaskPlaceOnEventList</name>
         <value>0x3be5</value>
         <object_component_ref idref="oc-175"/>
      </symbol>
      <symbol id="sm-155">
         <name>vTaskPlaceOnEventListRestricted</name>
         <value>0x2ecd</value>
         <object_component_ref idref="oc-1f3"/>
      </symbol>
      <symbol id="sm-156">
         <name>xTaskRemoveFromEventList</name>
         <value>0xe51</value>
         <object_component_ref idref="oc-16f"/>
      </symbol>
      <symbol id="sm-157">
         <name>vTaskInternalSetTimeOutState</name>
         <value>0x4045</value>
         <object_component_ref idref="oc-172"/>
      </symbol>
      <symbol id="sm-158">
         <name>xTaskCheckForTimeOut</name>
         <value>0x2471</value>
         <object_component_ref idref="oc-173"/>
      </symbol>
      <symbol id="sm-159">
         <name>vTaskMissedYield</name>
         <value>0x4259</value>
         <object_component_ref idref="oc-1ad"/>
      </symbol>
      <symbol id="sm-15a">
         <name>eTaskConfirmSleepModeStatus</name>
         <value>0x2c65</value>
         <object_component_ref idref="oc-1e3"/>
      </symbol>
      <symbol id="sm-15b">
         <name>vTaskSetThreadLocalStoragePointer</name>
         <value>0x333d</value>
         <object_component_ref idref="oc-db"/>
      </symbol>
      <symbol id="sm-15c">
         <name>pvTaskGetThreadLocalStoragePointer</name>
         <value>0x3225</value>
         <object_component_ref idref="oc-d8"/>
      </symbol>
      <symbol id="sm-15d">
         <name>xTaskGetCurrentTaskHandle</name>
         <value>0x4189</value>
         <object_component_ref idref="oc-d7"/>
      </symbol>
      <symbol id="sm-15e">
         <name>xTaskGetSchedulerState</name>
         <value>0x3b41</value>
         <object_component_ref idref="oc-9d"/>
      </symbol>
      <symbol id="sm-15f">
         <name>xTaskPriorityInherit</name>
         <value>0x14f5</value>
         <object_component_ref idref="oc-1ed"/>
      </symbol>
      <symbol id="sm-160">
         <name>xTaskPriorityDisinherit</name>
         <value>0x1c99</value>
         <object_component_ref idref="oc-1a6"/>
      </symbol>
      <symbol id="sm-161">
         <name>vTaskPriorityDisinheritAfterTimeout</name>
         <value>0x1289</value>
         <object_component_ref idref="oc-1ef"/>
      </symbol>
      <symbol id="sm-162">
         <name>pvTaskIncrementMutexHeldCount</name>
         <value>0x3ff5</value>
         <object_component_ref idref="oc-1eb"/>
      </symbol>
      <symbol id="sm-1a7">
         <name>xTimerCreateTimerTask</name>
         <value>0x2d5d</value>
         <object_component_ref idref="oc-143"/>
      </symbol>
      <symbol id="sm-1d4">
         <name>vPortSuppressTicksAndSleep</name>
         <value>0xcb1</value>
         <object_component_ref idref="oc-1c2"/>
      </symbol>
      <symbol id="sm-1d5">
         <name>vPortSetupTimerInterrupt</name>
         <value>0x3441</value>
         <object_component_ref idref="oc-190"/>
      </symbol>
      <symbol id="sm-1d6">
         <name>vPortYield</name>
         <value>0x415d</value>
         <object_component_ref idref="oc-dd"/>
      </symbol>
      <symbol id="sm-1d7">
         <name>vPortEnterCritical</name>
         <value>0x4145</value>
         <object_component_ref idref="oc-dc"/>
      </symbol>
      <symbol id="sm-1d8">
         <name>vPortExitCritical</name>
         <value>0x3e81</value>
         <object_component_ref idref="oc-de"/>
      </symbol>
      <symbol id="sm-1d9">
         <name>SysTick_Handler</name>
         <value>0x3ce1</value>
         <object_component_ref idref="oc-4f"/>
      </symbol>
      <symbol id="sm-1da">
         <name>vPortSVCHandler_C</name>
         <value>0x3dcd</value>
         <object_component_ref idref="oc-20"/>
      </symbol>
      <symbol id="sm-1db">
         <name>pxPortInitialiseStack</name>
         <value>0x185d</value>
         <object_component_ref idref="oc-1da"/>
      </symbol>
      <symbol id="sm-1dc">
         <name>xPortStartScheduler</name>
         <value>0x2b69</value>
         <object_component_ref idref="oc-148"/>
      </symbol>
      <symbol id="sm-1f4">
         <name>vRestoreContextOfFirstTask</name>
         <value>0x4021</value>
         <object_component_ref idref="oc-5d"/>
      </symbol>
      <symbol id="sm-1f5">
         <name>vStartFirstTask</name>
         <value>0x4201</value>
         <object_component_ref idref="oc-191"/>
      </symbol>
      <symbol id="sm-1f6">
         <name>ulSetInterruptMask</name>
         <value>0x426f</value>
         <object_component_ref idref="oc-97"/>
      </symbol>
      <symbol id="sm-1f7">
         <name>vClearInterruptMask</name>
         <value>0x4277</value>
         <object_component_ref idref="oc-99"/>
      </symbol>
      <symbol id="sm-1f8">
         <name>PendSV_Handler</name>
         <value>0x38d1</value>
         <object_component_ref idref="oc-4e"/>
      </symbol>
      <symbol id="sm-1f9">
         <name>SVC_Handler</name>
         <value>0x3fd1</value>
         <object_component_ref idref="oc-49"/>
      </symbol>
      <symbol id="sm-206">
         <name>PTLS_getBuf</name>
         <value>0x40f9</value>
         <object_component_ref idref="oc-9e"/>
      </symbol>
      <symbol id="sm-207">
         <name>PTLS_setBuf</name>
         <value>0x4113</value>
         <object_component_ref idref="oc-a3"/>
      </symbol>
      <symbol id="sm-208">
         <name>PTLS_taskDeleteHook</name>
         <value>0x3fa1</value>
         <object_component_ref idref="oc-1e0"/>
      </symbol>
      <symbol id="sm-22c">
         <name>pthread_attr_init</name>
         <value>0x40dd</value>
         <object_component_ref idref="oc-fd"/>
      </symbol>
      <symbol id="sm-22d">
         <name>pthread_attr_setdetachstate</name>
         <value>0x3d9f</value>
         <object_component_ref idref="oc-103"/>
      </symbol>
      <symbol id="sm-22e">
         <name>pthread_attr_setschedparam</name>
         <value>0x3baf</value>
         <object_component_ref idref="oc-102"/>
      </symbol>
      <symbol id="sm-22f">
         <name>pthread_attr_setstacksize</name>
         <value>0x41b1</value>
         <object_component_ref idref="oc-104"/>
      </symbol>
      <symbol id="sm-230">
         <name>_pthread_cleanup_pop</name>
         <value>0x3e29</value>
         <object_component_ref idref="oc-1b7"/>
      </symbol>
      <symbol id="sm-231">
         <name>pthread_create</name>
         <value>0x113d</value>
         <object_component_ref idref="oc-105"/>
      </symbol>
      <symbol id="sm-232">
         <name>pthread_exit</name>
         <value>0x2f41</value>
         <object_component_ref idref="oc-17e"/>
      </symbol>
      <symbol id="sm-233">
         <name>pthread_self</name>
         <value>0x412d</value>
         <object_component_ref idref="oc-1b5"/>
      </symbol>
      <symbol id="sm-234">
         <name>pthread_setcancelstate</name>
         <value>0x32e1</value>
         <object_component_ref idref="oc-1b6"/>
      </symbol>
      <symbol id="sm-245">
         <name>sem_init</name>
         <value>0x315d</value>
         <object_component_ref idref="oc-f2"/>
      </symbol>
      <symbol id="sm-246">
         <name>sem_post</name>
         <value>0x3679</value>
         <object_component_ref idref="oc-f7"/>
      </symbol>
      <symbol id="sm-247">
         <name>sem_wait</name>
         <value>0x40a1</value>
         <object_component_ref idref="oc-15a"/>
      </symbol>
      <symbol id="sm-254">
         <name>sleep</name>
         <value>0x375d</value>
         <object_component_ref idref="oc-159"/>
      </symbol>
      <symbol id="sm-255">
         <name>usleep</name>
         <value>0x35d9</value>
         <object_component_ref idref="oc-154"/>
      </symbol>
      <symbol id="sm-25f">
         <name>HwiP_inISR</name>
         <value>0x3c81</value>
         <object_component_ref idref="oc-12c"/>
      </symbol>
      <symbol id="sm-274">
         <name>vApplicationGetIdleTaskMemory</name>
         <value>0x3f29</value>
         <object_component_ref idref="oc-17f"/>
      </symbol>
      <symbol id="sm-275">
         <name>vApplicationGetTimerTaskMemory</name>
         <value>0x3f51</value>
         <object_component_ref idref="oc-189"/>
      </symbol>
      <symbol id="sm-298">
         <name>pvPortMalloc</name>
         <value>0xc1</value>
         <object_component_ref idref="oc-64"/>
      </symbol>
      <symbol id="sm-299">
         <name>vPortFree</name>
         <value>0x1ea5</value>
         <object_component_ref idref="oc-74"/>
      </symbol>
      <symbol id="sm-2aa">
         <name>vListInitialise</name>
         <value>0x3e55</value>
         <object_component_ref idref="oc-1c3"/>
      </symbol>
      <symbol id="sm-2ab">
         <name>vListInitialiseItem</name>
         <value>0x38c3</value>
         <object_component_ref idref="oc-1d9"/>
      </symbol>
      <symbol id="sm-2ac">
         <name>vListInsertEnd</name>
         <value>0x3a95</value>
         <object_component_ref idref="oc-1df"/>
      </symbol>
      <symbol id="sm-2ad">
         <name>vListInsert</name>
         <value>0x301d</value>
         <object_component_ref idref="oc-1a7"/>
      </symbol>
      <symbol id="sm-2ae">
         <name>uxListRemove</name>
         <value>0x37a5</value>
         <object_component_ref idref="oc-1d4"/>
      </symbol>
      <symbol id="sm-2de">
         <name>xQueueGenericReset</name>
         <value>0x2081</value>
         <object_component_ref idref="oc-1b1"/>
      </symbol>
      <symbol id="sm-2df">
         <name>xQueueGenericCreateStatic</name>
         <value>0x25c5</value>
         <object_component_ref idref="oc-1c4"/>
      </symbol>
      <symbol id="sm-2e0">
         <name>xQueueGenericCreate</name>
         <value>0x2831</value>
         <object_component_ref idref="oc-13c"/>
      </symbol>
      <symbol id="sm-2e1">
         <name>xQueueGenericSend</name>
         <value>0x93b</value>
         <object_component_ref idref="oc-132"/>
      </symbol>
      <symbol id="sm-2e2">
         <name>xQueueSemaphoreTake</name>
         <value>0x75d</value>
         <object_component_ref idref="oc-1d3"/>
      </symbol>
      <symbol id="sm-2e3">
         <name>xQueueCreateCountingSemaphore</name>
         <value>0x3495</value>
         <object_component_ref idref="oc-125"/>
      </symbol>
      <symbol id="sm-2e4">
         <name>xQueueGiveFromISR</name>
         <value>0x1971</value>
         <object_component_ref idref="oc-131"/>
      </symbol>
      <symbol id="sm-2e5">
         <name>xQueueReceive</name>
         <value>0xb0d</value>
         <object_component_ref idref="oc-1e8"/>
      </symbol>
      <symbol id="sm-2e6">
         <name>vQueueDelete</name>
         <value>0x3c4d</value>
         <object_component_ref idref="oc-13f"/>
      </symbol>
      <symbol id="sm-2e7">
         <name>vQueueWaitForMessageRestricted</name>
         <value>0x3089</value>
         <object_component_ref idref="oc-1e7"/>
      </symbol>
      <symbol id="sm-2f2">
         <name>__aeabi_errno_addr</name>
         <value>0x33ed</value>
         <object_component_ref idref="oc-60"/>
      </symbol>
      <symbol id="sm-306">
         <name>malloc</name>
         <value>0x3713</value>
         <object_component_ref idref="oc-25"/>
      </symbol>
      <symbol id="sm-307">
         <name>calloc</name>
         <value>0x2be9</value>
         <object_component_ref idref="oc-2a"/>
      </symbol>
      <symbol id="sm-308">
         <name>realloc</name>
         <value>0x423f</value>
         <object_component_ref idref="oc-2b"/>
      </symbol>
      <symbol id="sm-309">
         <name>free</name>
         <value>0x41e5</value>
         <object_component_ref idref="oc-2c"/>
      </symbol>
      <symbol id="sm-30a">
         <name>memalign</name>
         <value>0x41f5</value>
         <object_component_ref idref="oc-2d"/>
      </symbol>
      <symbol id="sm-30b">
         <name>aligned_alloc</name>
         <value>0x4175</value>
         <object_component_ref idref="oc-2e"/>
      </symbol>
      <symbol id="sm-314">
         <name>DL_Common_delayCycles</name>
         <value>0x4265</value>
         <object_component_ref idref="oc-177"/>
      </symbol>
      <symbol id="sm-322">
         <name>rand</name>
         <value>0x3b09</value>
         <object_component_ref idref="oc-14a"/>
      </symbol>
      <symbol id="sm-32d">
         <name>_c_int00_noargs</name>
         <value>0x3f79</value>
         <object_component_ref idref="oc-8e"/>
      </symbol>
      <symbol id="sm-32e">
         <name>__stack</name>
         <value>0x20207e00</value>
         <object_component_ref idref="oc-2f"/>
      </symbol>
      <symbol id="sm-33a">
         <name>__TI_auto_init_nobinit_nopinit</name>
         <value>0x3a59</value>
         <object_component_ref idref="oc-110"/>
      </symbol>
      <symbol id="sm-342">
         <name>_system_pre_init</name>
         <value>0x428b</value>
         <object_component_ref idref="oc-c0"/>
      </symbol>
      <symbol id="sm-34d">
         <name>__TI_zero_init</name>
         <value>0x4221</value>
         <object_component_ref idref="oc-8b"/>
      </symbol>
      <symbol id="sm-356">
         <name>__TI_decompress_none</name>
         <value>0x41c3</value>
         <object_component_ref idref="oc-35"/>
      </symbol>
      <symbol id="sm-361">
         <name>__TI_decompress_lzss</name>
         <value>0x2dd9</value>
         <object_component_ref idref="oc-31"/>
      </symbol>
      <symbol id="sm-36b">
         <name>abort</name>
         <value>0x427d</value>
         <object_component_ref idref="oc-109"/>
      </symbol>
      <symbol id="sm-374">
         <name>_nop</name>
         <value>0x26ff</value>
         <object_component_ref idref="oc-19d"/>
      </symbol>
      <symbol id="sm-375">
         <name>_lock</name>
         <value>0x20202f20</value>
         <object_component_ref idref="oc-161"/>
      </symbol>
      <symbol id="sm-376">
         <name>_unlock</name>
         <value>0x20202f24</value>
         <object_component_ref idref="oc-164"/>
      </symbol>
      <symbol id="sm-37f">
         <name>HOSTexit</name>
         <value>0x4283</value>
         <object_component_ref idref="oc-15b"/>
      </symbol>
      <symbol id="sm-380">
         <name>C$$EXIT</name>
         <value>0x4282</value>
         <object_component_ref idref="oc-15b"/>
      </symbol>
      <symbol id="sm-386">
         <name>__aeabi_idiv</name>
         <value>0x3395</value>
         <object_component_ref idref="oc-150"/>
      </symbol>
      <symbol id="sm-387">
         <name>__aeabi_idivmod</name>
         <value>0x3395</value>
         <object_component_ref idref="oc-150"/>
      </symbol>
      <symbol id="sm-38d">
         <name>__aeabi_memcpy</name>
         <value>0x4019</value>
         <object_component_ref idref="oc-7e"/>
      </symbol>
      <symbol id="sm-38e">
         <name>__aeabi_memcpy4</name>
         <value>0x4019</value>
         <object_component_ref idref="oc-7e"/>
      </symbol>
      <symbol id="sm-38f">
         <name>__aeabi_memcpy8</name>
         <value>0x4019</value>
         <object_component_ref idref="oc-7e"/>
      </symbol>
      <symbol id="sm-398">
         <name>__aeabi_memset</name>
         <value>0x4231</value>
         <object_component_ref idref="oc-1d8"/>
      </symbol>
      <symbol id="sm-399">
         <name>__aeabi_memset4</name>
         <value>0x4231</value>
         <object_component_ref idref="oc-1d8"/>
      </symbol>
      <symbol id="sm-39a">
         <name>__aeabi_memset8</name>
         <value>0x4231</value>
         <object_component_ref idref="oc-1d8"/>
      </symbol>
      <symbol id="sm-39b">
         <name>__aeabi_memclr</name>
         <value>0x3fc5</value>
         <object_component_ref idref="oc-6f"/>
      </symbol>
      <symbol id="sm-39c">
         <name>__aeabi_memclr4</name>
         <value>0x3fc5</value>
         <object_component_ref idref="oc-6f"/>
      </symbol>
      <symbol id="sm-39d">
         <name>__aeabi_memclr8</name>
         <value>0x3fc5</value>
         <object_component_ref idref="oc-6f"/>
      </symbol>
      <symbol id="sm-3a3">
         <name>__aeabi_uidiv</name>
         <value>0x399d</value>
         <object_component_ref idref="oc-6b"/>
      </symbol>
      <symbol id="sm-3a4">
         <name>__aeabi_uidivmod</name>
         <value>0x399d</value>
         <object_component_ref idref="oc-6b"/>
      </symbol>
      <symbol id="sm-3ae">
         <name>__aeabi_idiv0</name>
         <value>0x23bb</value>
         <object_component_ref idref="oc-b2"/>
      </symbol>
      <symbol id="sm-3c7">
         <name>memcpy</name>
         <value>0x2665</value>
         <object_component_ref idref="oc-ef"/>
      </symbol>
      <symbol id="sm-3d6">
         <name>memset</name>
         <value>0x31c1</value>
         <object_component_ref idref="oc-e9"/>
      </symbol>
      <symbol id="sm-3d7">
         <name>__TI_static_base__</name>
         <value>0x0</value>
      </symbol>
      <symbol id="sm-3da">
         <name>__mpu_init</name>
         <value>0x0</value>
      </symbol>
      <symbol id="sm-3db">
         <name>_system_post_cinit</name>
         <value>0x0</value>
      </symbol>
   </symbol_table>
   <title>Link successful</title>
</link_info>
