******************************************************************************
            TI ARM Clang Linker PC v4.0.4                      
******************************************************************************
>> Linked Sun May  3 00:01:49 2026

OUTPUT FILE NAME:   <multitask-led.out>
ENTRY POINT SYMBOL: "_c_int00_noargs"  address: 00003e25


MEMORY CONFIGURATION

         name            origin    length      used     unused   attr    fill
----------------------  --------  ---------  --------  --------  ----  --------
  FLASH                 00000000   00020000  00004198  0001be68  R  X
  SRAM                  20200000   00008000  00001580  00006a80  RW X
  BCR_CONFIG            41c00000   000000ff  00000000  000000ff  R   
  BSL_CONFIG            41c00100   00000080  00000000  00000080  R   


SEGMENT ALLOCATION MAP

run origin  load origin   length   init length attrs members
----------  ----------- ---------- ----------- ----- -------
00000000    00000000    00004198   00004198    r-x
  00000000    00000000    000000c0   000000c0    r-- .intvecs
  000000c0    000000c0    00004080   00004080    r-x .text
  00004140    00004140    00000018   00000018    r-- .rodata
  00004158    00004158    00000040   00000040    r-- .cinit
20200000    20200000    00001380   00000000    rw-
  20200000    20200000    0000130c   00000000    rw- .bss
  2020130c    2020130c    00000074   00000000    rw- .data
20207e00    20207e00    00000200   00000000    rw-
  20207e00    20207e00    00000200   00000000    rw- .stack


SECTION ALLOCATION MAP

 output                                  attributes/
section   page    origin      length       input sections
--------  ----  ----------  ----------   ----------------
.intvecs   0    00000000    000000c0     
                  00000000    000000c0     startup_mspm0g350x_ticlang.o (.intvecs)

.text      0    000000c0    00004080     
                  000000c0    00000294     freertos_builds_LP_MSPM0G3507_release_ticlang.lib : heap_4.o (.text.pvPortMalloc)
                  00000354    00000210                                                       : tasks.o (.text.xTaskIncrementTick)
                  00000564    000001f8                                                       : tasks.o (.text.xTaskResumeAll)
                  0000075c    000001de                                                       : queue.o (.text.xQueueSemaphoreTake)
                  0000093a    000001d2                                                       : queue.o (.text.xQueueGenericSend)
                  00000b0c    000001a4                                                       : queue.o (.text.xQueueReceive)
                  00000cb0    000001a0                                                       : port.o (.text.vPortSuppressTicksAndSleep)
                  00000e50    00000190                                                       : tasks.o (.text.xTaskRemoveFromEventList)
                  00000fe0    0000015c                                                       : timers.o (.text.prvProcessReceivedCommands)
                  0000113c    0000014c                                                       : pthread.o (.text.pthread_create)
                  00001288    00000144                                                       : tasks.o (.text.vTaskPriorityDisinheritAfterTimeout)
                  000013cc    00000128                                                       : tasks.o (.text.prvAddNewTaskToReadyList)
                  000014f4    00000128                                                       : tasks.o (.text.xTaskPriorityInherit)
                  0000161c    00000124                                                       : tasks.o (.text.vTaskSuspend)
                  00001740    0000011c                                                       : tasks.o (.text.vTaskDelete)
                  0000185c    00000114                                                       : port.o (.text.pxPortInitialiseStack)
                  00001970    0000010e                                                       : queue.o (.text.xQueueGiveFromISR)
                  00001a7e    00000002     startup_mspm0g350x_ticlang.o (.text.Default_Handler)
                  00001a80    0000010c     freertos_builds_LP_MSPM0G3507_release_ticlang.lib : heap_4.o (.text.prvInsertBlockIntoFreeList)
                  00001b8c    0000010c                                                       : tasks.o (.text.vTaskSwitchContext)
                  00001c98    00000108                                                       : tasks.o (.text.xTaskPriorityDisinherit)
                  00001da0    00000104                                                       : tasks.o (.text.prvInitialiseNewTask)
                  00001ea4    000000f8                                                       : heap_4.o (.text.vPortFree)
                  00001f9c    000000e4                                                       : tasks.o (.text.prvAddCurrentTaskToDelayedList)
                  00002080    000000e4                                                       : queue.o (.text.xQueueGenericReset)
                  00002164    000000d4                                                       : queue.o (.text.prvCopyDataToQueue)
                  00002238    000000cc                                                       : tasks.o (.text.prvCreateIdleTasks)
                  00002304    000000b6                                                       : queue.o (.text.prvUnlockQueue)
                  000023ba    00000002     libclang_rt.builtins.a : aeabi_div0.c.obj (.text.__aeabi_idiv0)
                  000023bc    000000b4     multitask-led.o (.text.main)
                  00002470    000000b4     freertos_builds_LP_MSPM0G3507_release_ticlang.lib : tasks.o (.text.xTaskCheckForTimeOut)
                  00002524    000000a0                                                       : heap_4.o (.text.prvHeapInit)
                  000025c4    000000a0                                                       : queue.o (.text.xQueueGenericCreateStatic)
                  00002664    0000009a     libc.a : memcpy16.S.obj (.text:memcpy)
                  000026fe    00000098     freertos_builds_LP_MSPM0G3507_release_ticlang.lib : tasks.o (.text.prvCreateStaticTask)
                  00002796    00000094                                                       : queue.o (.text.xQueueGenericCreate)
                  0000282a    00000002     multitask-led.o (.text.vApplicationStackOverflowHook)
                  0000282c    0000008c     freertos_builds_LP_MSPM0G3507_release_ticlang.lib : timers.o (.text.prvProcessTimerOrBlockTask)
                  000028b8    0000008c                                                       : pthread.o (.text.removeThreadKeys)
                  00002944    00000084                                                       : tasks.o (.text.prvCreateTask)
                  000029c8    00000084                                                       : timers.o (.text.prvInsertTimerInActiveList)
                  00002a4c    00000084                                                       : tasks.o (.text.vTaskStepTick)
                  00002ad0    00000080                                                       : port.o (.text.xPortStartScheduler)
                  00002b50    0000007c                                                       : memory.o (.text.calloc)
                  00002bcc    0000007c                                                       : tasks.o (.text.eTaskConfirmSleepModeStatus)
                  00002c48    0000007c                                                       : tasks.o (.text.prvInitialiseTaskLists)
                  00002cc4    0000007c                                                       : timers.o (.text.xTimerCreateTimerTask)
                  00002d40    0000007c     libc.a : copy_decompress_lzss.c.obj (.text:decompress:lzss)
                  00002dbc    00000078     freertos_builds_LP_MSPM0G3507_release_ticlang.lib : tasks.o (.text.prvGetExpectedIdleTime)
                  00002e34    00000074                                                       : tasks.o (.text.vTaskPlaceOnEventListRestricted)
                  00002ea8    0000006e                                                       : pthread.o (.text.pthread_exit)
                  00002f16    00000002     --HOLE-- [fill = 0]
                  00002f18    0000006c                                                       : timers.o (.text.prvCheckForValidListAndQueue)
                  00002f84    0000006c                                                       : list.o (.text.vListInsert)
                  00002ff0    0000006a                                                       : queue.o (.text.vQueueWaitForMessageRestricted)
                  0000305a    00000002     --HOLE-- [fill = 0]
                  0000305c    00000068                                                       : tasks.o (.text.vTaskStartScheduler)
                  000030c4    00000064                                                       : semaphore.o (.text.sem_init)
                  00003128    00000062     libc.a : memset16.S.obj (.text:memset)
                  0000318a    00000002     --HOLE-- [fill = 0]
                  0000318c    00000060     freertos_builds_LP_MSPM0G3507_release_ticlang.lib : tasks.o (.text.pvTaskGetThreadLocalStoragePointer)
                  000031ec    0000005c                                                       : tasks.o (.text.prvIdleTask)
                  00003248    0000005a                                                       : pthread.o (.text.pthread_setcancelstate)
                  000032a2    00000002     --HOLE-- [fill = 0]
                  000032a4    00000058                                                       : tasks.o (.text.vTaskSetThreadLocalStoragePointer)
                  000032fc    00000054                                                       : aeabi_portable.o (.text.__aeabi_errno_addr)
                  00003350    00000054                                                       : port.o (.text.vPortSetupTimerInterrupt)
                  000033a4    00000054                                                       : queue.o (.text.xQueueCreateCountingSemaphore)
                  000033f8    00000050                                                       : tasks.o (.text.prvCheckTasksWaitingTermination)
                  00003448    00000050                                                       : tasks.o (.text.prvDeleteTCB)
                  00003498    00000050                                                       : timers.o (.text.prvProcessExpiredTimer)
                  000034e8    00000050                                                       : tasks.o (.text.vTaskDelay)
                  00003538    0000004e                                                       : semaphore.o (.text.sem_post)
                  00003586    0000004c                                                       : tasks.o (.text.xTaskCreateStatic)
                  000035d2    0000004a                                                       : memory.o (.text.malloc)
                  0000361c    00000048                                                       : sleep.o (.text.sleep)
                  00003664    00000048                                                       : list.o (.text.uxListRemove)
                  000036ac    00000048                                                       : tasks.o (.text.xTaskCreate)
                  000036f4    00000048                                                       : tasks.o (.text.xTaskGetApplicationTaskTag)
                  0000373c    00000046                                                       : queue.o (.text.prvInitialiseNewQueue)
                  00003782    0000000e                                                       : list.o (.text.vListInitialiseItem)
                  00003790    00000044                                                       : portasm.o (.text.PendSV_Handler)
                  000037d4    00000044                                                       : queue.o (.text.prvCopyDataFromQueue)
                  00003818    00000044                                                       : timers.o (.text.prvSwitchTimerLists)
                  0000385c    00000040     libclang_rt.builtins.a : aeabi_uidivmod.S.obj (.text.__aeabi_uidivmod)
                  0000389c    0000003c     multitask-led.o (.text.controlTask)
                  000038d8    0000003c     freertos_builds_LP_MSPM0G3507_release_ticlang.lib : timers.o (.text.prvSampleTimeNow)
                  00003914    0000003c     libc.a : autoinit.c.obj (.text:__TI_auto_init_nobinit_nopinit)
                  00003950    0000003a     freertos_builds_LP_MSPM0G3507_release_ticlang.lib : list.o (.text.vListInsertEnd)
                  0000398a    00000002     --HOLE-- [fill = 0]
                  0000398c    00000038                                                       : timers.o (.text.prvGetNextExpireTime)
                  000039c4    00000038                                                       : tasks.o (.text.xTaskGetSchedulerState)
                  000039fc    00000036                                                       : timers.o (.text.prvReloadTimer)
                  00003a32    00000034                                                       : pthread.o (.text.pthread_attr_setschedparam)
                  00003a66    00000002     --HOLE-- [fill = 0]
                  00003a68    00000034                                                       : tasks.o (.text.vTaskPlaceOnEventList)
                  00003a9c    00000034                                                       : tasks.o (.text.vTaskSetApplicationTaskTag)
                  00003ad0    00000032                                                       : queue.o (.text.vQueueDelete)
                  00003b02    00000002     --HOLE-- [fill = 0]
                  00003b04    00000030                                                       : HwiPMSPM0_freertos.o (.text.HwiP_inISR)
                  00003b34    00000030                                                       : port.o (.text.SysTick_Handler)
                  00003b64    00000030                                                       : tasks.o (.text.prvResetNextTaskUnblockTime)
                  00003b94    00000030                                                       : port.o (.text.prvTaskExitError)
                  00003bc4    0000002e                                                       : queue.o (.text.prvIsQueueFull)
                  00003bf2    0000002e                                                       : pthread.o (.text.pthread_attr_setdetachstate)
                  00003c20    0000002e                                                       : port.o (.text.vPortSVCHandler_C)
                  00003c4e    00000002     --HOLE-- [fill = 0]
                  00003c50    0000002c     ti_msp_dl_config.o (.text.SYSCFG_DL_GPIO_init)
                  00003c7c    0000002c     ti_msp_dl_config.o (.text.SYSCFG_DL_initPower)
                  00003ca8    0000002c     freertos_builds_LP_MSPM0G3507_release_ticlang.lib : pthread.o (.text._pthread_cleanup_pop)
                  00003cd4    0000002c                                                       : list.o (.text.vListInitialise)
                  00003d00    0000002c                                                       : port.o (.text.vPortExitCritical)
                  00003d2c    0000002a                                                       : queue.o (.text.prvIsQueueEmpty)
                  00003d56    0000002a                                                       : semaphore.o (.text.semaphorePend)
                  00003d80    0000002a     multitask-led.o (.text.timingTask)
                  00003daa    00000028     freertos_builds_LP_MSPM0G3507_release_ticlang.lib : queue.o (.text.prvGetHighestPriorityOfWaitToReceiveList)
                  00003dd2    00000002     --HOLE-- [fill = 0]
                  00003dd4    00000028                                                       : StaticAllocs_freertos.o (.text.vApplicationGetIdleTaskMemory)
                  00003dfc    00000028                                                       : StaticAllocs_freertos.o (.text.vApplicationGetTimerTaskMemory)
                  00003e24    00000028     libc.a : boot_cortex_m.c.obj (.text:_c_int00_noargs)
                  00003e4c    00000024     freertos_builds_LP_MSPM0G3507_release_ticlang.lib : PTLS.o (.text.PTLS_taskDeleteHook)
                  00003e70    00000024                                                       : portasm.o (.text.SVC_Handler)
                  00003e94    00000024                                                       : tasks.o (.text.pvTaskIncrementMutexHeldCount)
                  00003eb8    00000008     libclang_rt.builtins.a : aeabi_memcpy.S.obj (.text.__aeabi_memcpy)
                  00003ec0    00000024     freertos_builds_LP_MSPM0G3507_release_ticlang.lib : portasm.o (.text.vRestoreContextOfFirstTask)
                  00003ee4    00000020                                                       : tasks.o (.text.vTaskInternalSetTimeOutState)
                  00003f04    0000001e                                                       : pthread.o (.text._pthread_runStub)
                  00003f22    0000001e                                                       : timers.o (.text.prvTimerTask)
                  00003f40    0000001e                                                       : semaphore.o (.text.sem_wait)
                  00003f5e    00000002     --HOLE-- [fill = 0]
                  00003f60    0000001c     ti_msp_dl_config.o (.text.SYSCFG_DL_SYSCTL_init)
                  00003f7c    0000001c     freertos_builds_LP_MSPM0G3507_release_ticlang.lib : pthread.o (.text.pthread_attr_init)
                  00003f98    0000001a                                                       : PTLS.o (.text.PTLS_getBuf)
                  00003fb2    0000001a                                                       : PTLS.o (.text.PTLS_setBuf)
                  00003fcc    00000018                                                       : pthread.o (.text.pthread_self)
                  00003fe4    00000018                                                       : port.o (.text.vPortEnterCritical)
                  00003ffc    00000018                                                       : port.o (.text.vPortYield)
                  00004014    00000014                                                       : memory.o (.text.aligned_alloc)
                  00004028    00000014                                                       : tasks.o (.text.xTaskGetCurrentTaskHandle)
                  0000403c    00000014                                                       : tasks.o (.text.xTaskGetTickCount)
                  00004050    00000012                                                       : pthread.o (.text.pthread_attr_setstacksize)
                  00004062    00000012     libc.a : copy_decompress_none.c.obj (.text:decompress:none)
                  00004074    00000010     ti_msp_dl_config.o (.text.SYSCFG_DL_init)
                  00004084    00000010     freertos_builds_LP_MSPM0G3507_release_ticlang.lib : memory.o (.text.free)
                  00004094    0000000c     libclang_rt.builtins.a : aeabi_memset.S.obj (.text.__aeabi_memclr)
                  000040a0    00000010     freertos_builds_LP_MSPM0G3507_release_ticlang.lib : portasm.o (.text.vStartFirstTask)
                  000040b0    00000010                                                       : tasks.o (.text.vTaskSuspendAll)
                  000040c0    00000010     libc.a : copy_zero_init.c.obj (.text:decompress:ZI)
                  000040d0    0000000e     libclang_rt.builtins.a : aeabi_memset.S.obj (.text.__aeabi_memset)
                  000040de    0000000c     freertos_builds_LP_MSPM0G3507_release_ticlang.lib : memory.o (.text.memalign)
                  000040ea    0000000c                                                       : memory.o (.text.realloc)
                  000040f6    00000002     --HOLE-- [fill = 0]
                  000040f8    0000000c                                                       : tasks.o (.text.uxTaskGetNumberOfTasks)
                  00004104    0000000c                                                       : tasks.o (.text.vTaskMissedYield)
                  00004110    0000000a     driverlib.a : dl_common.o (.text.DL_Common_delayCycles)
                  0000411a    00000008     freertos_builds_LP_MSPM0G3507_release_ticlang.lib : portasm.o (.text.ulSetInterruptMask)
                  00004122    00000006                                                       : portasm.o (.text.vClearInterruptMask)
                  00004128    00000006     libc.a : exit.c.obj (.text:abort)
                  0000412e    00000004     libsysbm.a : hostexit.c.obj (.text.HOSTexit)
                  00004132    00000004     startup_mspm0g350x_ticlang.o (.text.Reset_Handler)
                  00004136    00000004     libc.a : pre_init.c.obj (.text._system_pre_init)
                  0000413a    00000006     --HOLE-- [fill = 0]

.cinit     0    00004158    00000040     
                  00004158    00000017     (.cinit..data.load) [load image, compression = lzss]
                  0000416f    00000001     --HOLE-- [fill = 0]
                  00004170    0000000c     (__TI_handler_table)
                  0000417c    00000008     (.cinit..bss.load) [load image, compression = zero_init]
                  00004184    00000010     (__TI_cinit_table)
                  00004194    00000004     --HOLE-- [fill = 0]

.rodata    0    00004140    00000018     
                  00004140    00000008     freertos_builds_LP_MSPM0G3507_release_ticlang.lib : timers.o (.rodata.str1.6031452896567546882.1)
                  00004148    00000005                                                       : tasks.o (.rodata.str1.13344916649340266805.1)
                  0000414d    00000002                                                       : pthread.o (.rodata.str1.301604644627550129.1)
                  0000414f    00000001     --HOLE-- [fill = 0]
                  00004150    00000004                                                       : tasks.o (.rodata.uxTopUsedPriority)
                  00004154    00000004     --HOLE-- [fill = 0]

.init_array 
*          0    00000000    00000000     UNINITIALIZED

.binit     0    00000000    00000000     

.bss       0    20200000    0000130c     UNINITIALIZED
                  20200000    00000c00     freertos_builds_LP_MSPM0G3507_release_ticlang.lib : heap_4.o (.bss.ucHeap)
                  20200c00    00000200                                                       : StaticAllocs_freertos.o (.bss.vApplicationGetIdleTaskMemory.uxIdleTaskStack)
                  20200e00    00000200                                                       : StaticAllocs_freertos.o (.bss.vApplicationGetTimerTaskMemory.uxTimerTaskStack)
                  20201000    000000c8                                                       : tasks.o (.bss.pxReadyTasksLists)
                  202010c8    00000078                                                       : timers.o (.bss.prvCheckForValidListAndQueue.ucStaticTimerQueueStorage)
                  20201140    00000068                                                       : StaticAllocs_freertos.o (.bss.vApplicationGetIdleTaskMemory.xIdleTaskTCB)
                  202011a8    00000068                                                       : StaticAllocs_freertos.o (.bss.vApplicationGetTimerTaskMemory.xTimerTaskTCB)
                  20201210    00000050                                                       : timers.o (.bss.prvCheckForValidListAndQueue.xStaticTimerQueue)
                  20201260    00000014                                                       : timers.o (.bss.xActiveTimerList1)
                  20201274    00000014                                                       : timers.o (.bss.xActiveTimerList2)
                  20201288    00000014                                                       : tasks.o (.bss.xDelayedTaskList1)
                  2020129c    00000014                                                       : tasks.o (.bss.xDelayedTaskList2)
                  202012b0    00000014                                                       : tasks.o (.bss.xPendingReadyList)
                  202012c4    00000014                                                       : tasks.o (.bss.xSuspendedTaskList)
                  202012d8    00000014                                                       : tasks.o (.bss.xTasksWaitingTermination)
                  202012ec    00000008                                                       : heap_4.o (.bss.xStart)
                  202012f4    00000004                                                       : aeabi_portable.o (.bss.main_reent)
                  202012f8    00000004                                                       : timers.o (.bss.pxCurrentTimerList)
                  202012fc    00000004                                                       : tasks.o (.bss.pxDelayedTaskList)
                  20201300    00000004                                                       : tasks.o (.bss.pxOverflowDelayedTaskList)
                  20201304    00000004                                                       : timers.o (.bss.pxOverflowTimerList)
                  20201308    00000004                                                       : tasks.o (.bss.xIdleTaskHandles)

.data      0    2020130c    00000074     UNINITIALIZED
                  2020130c    00000014     freertos_builds_LP_MSPM0G3507_release_ticlang.lib : pthread.o (.data.defaultPthreadAttrs)
                  20201320    00000004                                                       : timers.o (.data.prvSampleTimeNow.xLastTime)
                  20201324    00000004                                                       : tasks.o (.data.pxCurrentTCB)
                  20201328    00000004                                                       : heap_4.o (.data.pxEnd)
                  2020132c    00000004                                                       : port.o (.data.ulCriticalNesting)
                  20201330    00000004                                                       : port.o (.data.ulStoppedTimerCompensation)
                  20201334    00000004                                                       : port.o (.data.ulTimerCountsForOneTick)
                  20201338    00000004                                                       : tasks.o (.data.uxCurrentNumberOfTasks)
                  2020133c    00000004                                                       : tasks.o (.data.uxDeletedTasksWaitingCleanUp)
                  20201340    00000004                                                       : tasks.o (.data.uxSchedulerSuspended)
                  20201344    00000004                                                       : tasks.o (.data.uxTaskNumber)
                  20201348    00000004                                                       : tasks.o (.data.uxTopReadyPriority)
                  2020134c    00000004                                                       : heap_4.o (.data.xFreeBytesRemaining)
                  20201350    00000004                                                       : port.o (.data.xMaximumPossibleSuppressedTicks)
                  20201354    00000004                                                       : heap_4.o (.data.xMinimumEverFreeBytesRemaining)
                  20201358    00000004                                                       : tasks.o (.data.xNextTaskUnblockTime)
                  2020135c    00000004                                                       : tasks.o (.data.xNumOfOverflows)
                  20201360    00000004                                                       : heap_4.o (.data.xNumberOfSuccessfulAllocations)
                  20201364    00000004                                                       : heap_4.o (.data.xNumberOfSuccessfulFrees)
                  20201368    00000004                                                       : tasks.o (.data.xPendedTicks)
                  2020136c    00000004                                                       : tasks.o (.data.xSchedulerRunning)
                  20201370    00000004                                                       : tasks.o (.data.xTickCount)
                  20201374    00000004                                                       : timers.o (.data.xTimerQueue)
                  20201378    00000004                                                       : timers.o (.data.xTimerTaskHandle)
                  2020137c    00000004                                                       : tasks.o (.data.xYieldPendings)

.stack     0    20207e00    00000200     UNINITIALIZED
                  20207e00    00000004     libc.a : boot_cortex_m.c.obj (.stack)
                  20207e04    000001fc     --HOLE--

__llvm_prf_cnts 
*          0    20200000    00000000     UNINITIALIZED

__llvm_prf_bits 
*          0    20200000    00000000     UNINITIALIZED

MODULE SUMMARY

       Module                         code    ro data   rw data
       ------                         ----    -------   -------
    .\
       multitask-led.o                284     0         0      
       ti_msp_dl_config.o             132     0         0      
    +--+------------------------------+-------+---------+---------+
       Total:                         416     0         0      
                                                               
    .\freertos\ticlang\
       startup_mspm0g350x_ticlang.o   6       192       0      
    +--+------------------------------+-------+---------+---------+
       Total:                         6       192       0      
                                                               
    C:/Users/Daniel/workspace_ccstheia/freertos_builds_LP_MSPM0G3507_release_ticlang/Debug/freertos_builds_LP_MSPM0G3507_release_ticlang.lib
       tasks.o                        6424    9         360    
       heap_4.o                       1336    0         3100   
       queue.o                        3070    0         0      
       timers.o                       1200    8         260    
       StaticAllocs_freertos.o        80      0         1232   
       port.o                         1138    0         16     
       pthread.o                      914     2         20     
       list.o                         296     0         0      
       memory.o                       258     0         0      
       semaphore.o                    250     0         0      
       portasm.o                      170     0         0      
       PTLS.o                         88      0         0      
       aeabi_portable.o               84      0         4      
       sleep.o                        72      0         0      
       HwiPMSPM0_freertos.o           48      0         0      
    +--+------------------------------+-------+---------+---------+
       Total:                         15428   19        4992   
                                                               
    C:/ti/mspm0_sdk_2_09_00_01/source/ti/driverlib/lib/ticlang/m0p/mspm0g1x0x_g3x0x/driverlib.a
       dl_common.o                    10      0         0      
    +--+------------------------------+-------+---------+---------+
       Total:                         10      0         0      
                                                               
    C:\ti\ccs2020\ccs\tools\compiler\ti-cgt-armllvm_4.0.4.LTS\lib\armv6m-ti-none-eabi/c/libc.a
       memcpy16.S.obj                 154     0         0      
       copy_decompress_lzss.c.obj     124     0         0      
       memset16.S.obj                 98      0         0      
       autoinit.c.obj                 60      0         0      
       boot_cortex_m.c.obj            40      0         0      
       copy_decompress_none.c.obj     18      0         0      
       copy_zero_init.c.obj           16      0         0      
       exit.c.obj                     6       0         0      
       pre_init.c.obj                 4       0         0      
    +--+------------------------------+-------+---------+---------+
       Total:                         520     0         0      
                                                               
    C:\ti\ccs2020\ccs\tools\compiler\ti-cgt-armllvm_4.0.4.LTS\lib\armv6m-ti-none-eabi/c/libsysbm.a
       hostexit.c.obj                 4       0         0      
    +--+------------------------------+-------+---------+---------+
       Total:                         4       0         0      
                                                               
    C:\ti\ccs2020\ccs\tools\compiler\ti-cgt-armllvm_4.0.4.LTS\lib\armv6m-ti-none-eabi/libclang_rt.builtins.a
       aeabi_uidivmod.S.obj           64      0         0      
       aeabi_memset.S.obj             26      0         0      
       aeabi_memcpy.S.obj             8       0         0      
       aeabi_div0.c.obj               2       0         0      
    +--+------------------------------+-------+---------+---------+
       Total:                         100     0         0      
                                                               
       Stack:                         0       0         512    
       Linker Generated:              0       59        0      
    +--+------------------------------+-------+---------+---------+
       Grand Total:                   16484   270       5504   


LINKER GENERATED COPY TABLES

__TI_cinit_table @ 00004184 records: 2, size/record: 8, table size: 16
	.data: load addr=00004158, load size=00000017 bytes, run addr=2020130c, run size=00000074 bytes, compression=lzss
	.bss: load addr=0000417c, load size=00000008 bytes, run addr=20200000, run size=0000130c bytes, compression=zero_init


LINKER GENERATED HANDLER TABLE

__TI_handler_table @ 00004170 records: 3, size/record: 4, table size: 12
	index: 0, handler: __TI_decompress_lzss
	index: 1, handler: __TI_decompress_none
	index: 2, handler: __TI_zero_init


GLOBAL SYMBOLS: SORTED ALPHABETICALLY BY Name 

address   name                               
-------   ----                               
00001a7f  ADC0_IRQHandler                    
00001a7f  ADC1_IRQHandler                    
00001a7f  AES_IRQHandler                     
0000412e  C$$EXIT                            
00001a7f  CANFD0_IRQHandler                  
00001a7f  DAC0_IRQHandler                    
00004111  DL_Common_delayCycles              
00001a7f  DMA_IRQHandler                     
00001a7f  Default_Handler                    
00001a7f  GROUP0_IRQHandler                  
00001a7f  GROUP1_IRQHandler                  
0000412f  HOSTexit                           
00001a7f  HardFault_Handler                  
00003b05  HwiP_inISR                         
00001a7f  I2C0_IRQHandler                    
00001a7f  I2C1_IRQHandler                    
00001a7f  NMI_Handler                        
00003f99  PTLS_getBuf                        
00003fb3  PTLS_setBuf                        
00003e4d  PTLS_taskDeleteHook                
00003791  PendSV_Handler                     
00001a7f  RTC_IRQHandler                     
00004133  Reset_Handler                      
00001a7f  SPI0_IRQHandler                    
00001a7f  SPI1_IRQHandler                    
00003e71  SVC_Handler                        
00003c51  SYSCFG_DL_GPIO_init                
00003f61  SYSCFG_DL_SYSCTL_init              
00004075  SYSCFG_DL_init                     
00003c7d  SYSCFG_DL_initPower                
00003b35  SysTick_Handler                    
00001a7f  TIMA0_IRQHandler                   
00001a7f  TIMA1_IRQHandler                   
00001a7f  TIMG0_IRQHandler                   
00001a7f  TIMG12_IRQHandler                  
00001a7f  TIMG6_IRQHandler                   
00001a7f  TIMG7_IRQHandler                   
00001a7f  TIMG8_IRQHandler                   
00001a7f  UART0_IRQHandler                   
00001a7f  UART1_IRQHandler                   
00001a7f  UART2_IRQHandler                   
00001a7f  UART3_IRQHandler                   
20208000  __STACK_END                        
00000200  __STACK_SIZE                       
00000000  __TI_ATRegion0_region_sz           
00000000  __TI_ATRegion0_src_addr            
00000000  __TI_ATRegion0_trg_addr            
00000000  __TI_ATRegion1_region_sz           
00000000  __TI_ATRegion1_src_addr            
00000000  __TI_ATRegion1_trg_addr            
00000000  __TI_ATRegion2_region_sz           
00000000  __TI_ATRegion2_src_addr            
00000000  __TI_ATRegion2_trg_addr            
00004184  __TI_CINIT_Base                    
00004194  __TI_CINIT_Limit                   
00004194  __TI_CINIT_Warm                    
00004170  __TI_Handler_Table_Base            
0000417c  __TI_Handler_Table_Limit           
00003915  __TI_auto_init_nobinit_nopinit     
00002d41  __TI_decompress_lzss               
00004063  __TI_decompress_none               
ffffffff  __TI_pprof_out_hndl                
ffffffff  __TI_prof_data_size                
ffffffff  __TI_prof_data_start               
00000000  __TI_static_base__                 
000040c1  __TI_zero_init                     
000032fd  __aeabi_errno_addr                 
000023bb  __aeabi_idiv0                      
00004095  __aeabi_memclr                     
00004095  __aeabi_memclr4                    
00004095  __aeabi_memclr8                    
00003eb9  __aeabi_memcpy                     
00003eb9  __aeabi_memcpy4                    
00003eb9  __aeabi_memcpy8                    
000040d1  __aeabi_memset                     
000040d1  __aeabi_memset4                    
000040d1  __aeabi_memset8                    
0000385d  __aeabi_uidiv                      
0000385d  __aeabi_uidivmod                   
ffffffff  __binit__                          
UNDEFED   __mpu_init                         
20207e00  __stack                            
20200000  __start___llvm_prf_bits            
20200000  __start___llvm_prf_cnts            
20200000  __stop___llvm_prf_bits             
20200000  __stop___llvm_prf_cnts             
00003e25  _c_int00_noargs                    
00003ca9  _pthread_cleanup_pop               
UNDEFED   _system_post_cinit                 
00004137  _system_pre_init                   
00004129  abort                              
00004015  aligned_alloc                      
ffffffff  binit                              
00002b51  calloc                             
0000389d  controlTask                        
00002bcd  eTaskConfirmSleepModeStatus        
00004085  free                               
00000000  interruptVectors                   
000023bd  main                               
000035d3  malloc                             
000040df  memalign                           
00002665  memcpy                             
00003129  memset                             
00003f7d  pthread_attr_init                  
00003bf3  pthread_attr_setdetachstate        
00003a33  pthread_attr_setschedparam         
00004051  pthread_attr_setstacksize          
0000113d  pthread_create                     
00002ea9  pthread_exit                       
00003fcd  pthread_self                       
00003249  pthread_setcancelstate             
000000c1  pvPortMalloc                       
0000318d  pvTaskGetThreadLocalStoragePointer 
00003e95  pvTaskIncrementMutexHeldCount      
20201324  pxCurrentTCB                       
0000185d  pxPortInitialiseStack              
000040eb  realloc                            
000030c5  sem_init                           
00003539  sem_post                           
00003f41  sem_wait                           
0000361d  sleep                              
00003d81  timingTask                         
0000411b  ulSetInterruptMask                 
00003665  uxListRemove                       
000040f9  uxTaskGetNumberOfTasks             
00003dd5  vApplicationGetIdleTaskMemory      
00003dfd  vApplicationGetTimerTaskMemory     
0000282b  vApplicationStackOverflowHook      
00004123  vClearInterruptMask                
00003cd5  vListInitialise                    
00003783  vListInitialiseItem                
00002f85  vListInsert                        
00003951  vListInsertEnd                     
00003fe5  vPortEnterCritical                 
00003d01  vPortExitCritical                  
00001ea5  vPortFree                          
00003c21  vPortSVCHandler_C                  
00003351  vPortSetupTimerInterrupt           
00000cb1  vPortSuppressTicksAndSleep         
00003ffd  vPortYield                         
00003ad1  vQueueDelete                       
00002ff1  vQueueWaitForMessageRestricted     
00003ec1  vRestoreContextOfFirstTask         
000040a1  vStartFirstTask                    
000034e9  vTaskDelay                         
00001741  vTaskDelete                        
00003ee5  vTaskInternalSetTimeOutState       
00004105  vTaskMissedYield                   
00003a69  vTaskPlaceOnEventList              
00002e35  vTaskPlaceOnEventListRestricted    
00001289  vTaskPriorityDisinheritAfterTimeout
00003a9d  vTaskSetApplicationTaskTag         
000032a5  vTaskSetThreadLocalStoragePointer  
0000305d  vTaskStartScheduler                
00002a4d  vTaskStepTick                      
0000161d  vTaskSuspend                       
000040b1  vTaskSuspendAll                    
00001b8d  vTaskSwitchContext                 
00002ad1  xPortStartScheduler                
000033a5  xQueueCreateCountingSemaphore      
00002797  xQueueGenericCreate                
000025c5  xQueueGenericCreateStatic          
00002081  xQueueGenericReset                 
0000093b  xQueueGenericSend                  
00001971  xQueueGiveFromISR                  
00000b0d  xQueueReceive                      
0000075d  xQueueSemaphoreTake                
00002471  xTaskCheckForTimeOut               
000036ad  xTaskCreate                        
00003587  xTaskCreateStatic                  
000036f5  xTaskGetApplicationTaskTag         
00004029  xTaskGetCurrentTaskHandle          
000039c5  xTaskGetSchedulerState             
0000403d  xTaskGetTickCount                  
00000355  xTaskIncrementTick                 
00001c99  xTaskPriorityDisinherit            
000014f5  xTaskPriorityInherit               
00000e51  xTaskRemoveFromEventList           
00000565  xTaskResumeAll                     
00002cc5  xTimerCreateTimerTask              


GLOBAL SYMBOLS: SORTED BY Symbol Address 

address   name                               
-------   ----                               
00000000  __TI_ATRegion0_region_sz           
00000000  __TI_ATRegion0_src_addr            
00000000  __TI_ATRegion0_trg_addr            
00000000  __TI_ATRegion1_region_sz           
00000000  __TI_ATRegion1_src_addr            
00000000  __TI_ATRegion1_trg_addr            
00000000  __TI_ATRegion2_region_sz           
00000000  __TI_ATRegion2_src_addr            
00000000  __TI_ATRegion2_trg_addr            
00000000  __TI_static_base__                 
00000000  interruptVectors                   
000000c1  pvPortMalloc                       
00000200  __STACK_SIZE                       
00000355  xTaskIncrementTick                 
00000565  xTaskResumeAll                     
0000075d  xQueueSemaphoreTake                
0000093b  xQueueGenericSend                  
00000b0d  xQueueReceive                      
00000cb1  vPortSuppressTicksAndSleep         
00000e51  xTaskRemoveFromEventList           
0000113d  pthread_create                     
00001289  vTaskPriorityDisinheritAfterTimeout
000014f5  xTaskPriorityInherit               
0000161d  vTaskSuspend                       
00001741  vTaskDelete                        
0000185d  pxPortInitialiseStack              
00001971  xQueueGiveFromISR                  
00001a7f  ADC0_IRQHandler                    
00001a7f  ADC1_IRQHandler                    
00001a7f  AES_IRQHandler                     
00001a7f  CANFD0_IRQHandler                  
00001a7f  DAC0_IRQHandler                    
00001a7f  DMA_IRQHandler                     
00001a7f  Default_Handler                    
00001a7f  GROUP0_IRQHandler                  
00001a7f  GROUP1_IRQHandler                  
00001a7f  HardFault_Handler                  
00001a7f  I2C0_IRQHandler                    
00001a7f  I2C1_IRQHandler                    
00001a7f  NMI_Handler                        
00001a7f  RTC_IRQHandler                     
00001a7f  SPI0_IRQHandler                    
00001a7f  SPI1_IRQHandler                    
00001a7f  TIMA0_IRQHandler                   
00001a7f  TIMA1_IRQHandler                   
00001a7f  TIMG0_IRQHandler                   
00001a7f  TIMG12_IRQHandler                  
00001a7f  TIMG6_IRQHandler                   
00001a7f  TIMG7_IRQHandler                   
00001a7f  TIMG8_IRQHandler                   
00001a7f  UART0_IRQHandler                   
00001a7f  UART1_IRQHandler                   
00001a7f  UART2_IRQHandler                   
00001a7f  UART3_IRQHandler                   
00001b8d  vTaskSwitchContext                 
00001c99  xTaskPriorityDisinherit            
00001ea5  vPortFree                          
00002081  xQueueGenericReset                 
000023bb  __aeabi_idiv0                      
000023bd  main                               
00002471  xTaskCheckForTimeOut               
000025c5  xQueueGenericCreateStatic          
00002665  memcpy                             
00002797  xQueueGenericCreate                
0000282b  vApplicationStackOverflowHook      
00002a4d  vTaskStepTick                      
00002ad1  xPortStartScheduler                
00002b51  calloc                             
00002bcd  eTaskConfirmSleepModeStatus        
00002cc5  xTimerCreateTimerTask              
00002d41  __TI_decompress_lzss               
00002e35  vTaskPlaceOnEventListRestricted    
00002ea9  pthread_exit                       
00002f85  vListInsert                        
00002ff1  vQueueWaitForMessageRestricted     
0000305d  vTaskStartScheduler                
000030c5  sem_init                           
00003129  memset                             
0000318d  pvTaskGetThreadLocalStoragePointer 
00003249  pthread_setcancelstate             
000032a5  vTaskSetThreadLocalStoragePointer  
000032fd  __aeabi_errno_addr                 
00003351  vPortSetupTimerInterrupt           
000033a5  xQueueCreateCountingSemaphore      
000034e9  vTaskDelay                         
00003539  sem_post                           
00003587  xTaskCreateStatic                  
000035d3  malloc                             
0000361d  sleep                              
00003665  uxListRemove                       
000036ad  xTaskCreate                        
000036f5  xTaskGetApplicationTaskTag         
00003783  vListInitialiseItem                
00003791  PendSV_Handler                     
0000385d  __aeabi_uidiv                      
0000385d  __aeabi_uidivmod                   
0000389d  controlTask                        
00003915  __TI_auto_init_nobinit_nopinit     
00003951  vListInsertEnd                     
000039c5  xTaskGetSchedulerState             
00003a33  pthread_attr_setschedparam         
00003a69  vTaskPlaceOnEventList              
00003a9d  vTaskSetApplicationTaskTag         
00003ad1  vQueueDelete                       
00003b05  HwiP_inISR                         
00003b35  SysTick_Handler                    
00003bf3  pthread_attr_setdetachstate        
00003c21  vPortSVCHandler_C                  
00003c51  SYSCFG_DL_GPIO_init                
00003c7d  SYSCFG_DL_initPower                
00003ca9  _pthread_cleanup_pop               
00003cd5  vListInitialise                    
00003d01  vPortExitCritical                  
00003d81  timingTask                         
00003dd5  vApplicationGetIdleTaskMemory      
00003dfd  vApplicationGetTimerTaskMemory     
00003e25  _c_int00_noargs                    
00003e4d  PTLS_taskDeleteHook                
00003e71  SVC_Handler                        
00003e95  pvTaskIncrementMutexHeldCount      
00003eb9  __aeabi_memcpy                     
00003eb9  __aeabi_memcpy4                    
00003eb9  __aeabi_memcpy8                    
00003ec1  vRestoreContextOfFirstTask         
00003ee5  vTaskInternalSetTimeOutState       
00003f41  sem_wait                           
00003f61  SYSCFG_DL_SYSCTL_init              
00003f7d  pthread_attr_init                  
00003f99  PTLS_getBuf                        
00003fb3  PTLS_setBuf                        
00003fcd  pthread_self                       
00003fe5  vPortEnterCritical                 
00003ffd  vPortYield                         
00004015  aligned_alloc                      
00004029  xTaskGetCurrentTaskHandle          
0000403d  xTaskGetTickCount                  
00004051  pthread_attr_setstacksize          
00004063  __TI_decompress_none               
00004075  SYSCFG_DL_init                     
00004085  free                               
00004095  __aeabi_memclr                     
00004095  __aeabi_memclr4                    
00004095  __aeabi_memclr8                    
000040a1  vStartFirstTask                    
000040b1  vTaskSuspendAll                    
000040c1  __TI_zero_init                     
000040d1  __aeabi_memset                     
000040d1  __aeabi_memset4                    
000040d1  __aeabi_memset8                    
000040df  memalign                           
000040eb  realloc                            
000040f9  uxTaskGetNumberOfTasks             
00004105  vTaskMissedYield                   
00004111  DL_Common_delayCycles              
0000411b  ulSetInterruptMask                 
00004123  vClearInterruptMask                
00004129  abort                              
0000412e  C$$EXIT                            
0000412f  HOSTexit                           
00004133  Reset_Handler                      
00004137  _system_pre_init                   
00004170  __TI_Handler_Table_Base            
0000417c  __TI_Handler_Table_Limit           
00004184  __TI_CINIT_Base                    
00004194  __TI_CINIT_Limit                   
00004194  __TI_CINIT_Warm                    
20200000  __start___llvm_prf_bits            
20200000  __start___llvm_prf_cnts            
20200000  __stop___llvm_prf_bits             
20200000  __stop___llvm_prf_cnts             
20201324  pxCurrentTCB                       
20207e00  __stack                            
20208000  __STACK_END                        
ffffffff  __TI_pprof_out_hndl                
ffffffff  __TI_prof_data_size                
ffffffff  __TI_prof_data_start               
ffffffff  __binit__                          
ffffffff  binit                              
UNDEFED   __mpu_init                         
UNDEFED   _system_post_cinit                 

[180 symbols]
