******************************************************************************
            TI ARM Clang Linker PC v4.0.3                      
******************************************************************************
>> Linked Wed May 13 23:12:30 2026

OUTPUT FILE NAME:   <CMPE146FinalProject.out>
ENTRY POINT SYMBOL: "_c_int00_noargs"  address: 00001569


MEMORY CONFIGURATION

         name            origin    length      used     unused   attr    fill
----------------------  --------  ---------  --------  --------  ----  --------
  FLASH                 00000000   00020000  00001a68  0001e598  R  X
  SRAM                  20200000   00008000  000002b4  00007d4c  RW X
  BCR_CONFIG            41c00000   000000ff  00000000  000000ff  R   
  BSL_CONFIG            41c00100   00000080  00000000  00000080  R   


SEGMENT ALLOCATION MAP

run origin  load origin   length   init length attrs members
----------  ----------- ---------- ----------- ----- -------
00000000    00000000    00001738   00001738    r-x
  00000000    00000000    000000c0   000000c0    r-- .intvecs
  000000c0    000000c0    00001678   00001678    r-x .text
00001740    00001740    00000330   00000330    r--
  00001740    00001740    00000270   00000270    r-- .rodata
  000019b0    000019b0    000000c0   000000c0    r-- .cinit
20200000    20200000    000000b4   00000000    rw-
  20200000    20200000    000000b4   00000000    rw- .data
20207e00    20207e00    00000200   00000000    rw-
  20207e00    20207e00    00000200   00000000    rw- .stack


SECTION ALLOCATION MAP

 output                                  attributes/
section   page    origin      length       input sections
--------  ----  ----------  ----------   ----------------
.intvecs   0    00000000    000000c0     
                  00000000    000000c0     startup_mspm0g350x_ticlang.o (.intvecs)

.text      0    000000c0    00001678     
                  000000c0    00000868     libc.a : _printfi.c.obj (.text:__TI_printfi_nofloat)
                  00000928    000002a8     Setup.o (.text.game_state)
                  00000bd0    000000e8     driverlib.a : dl_timer.o (.text.DL_Timer_initTimerMode)
                  00000cb8    000000e4     Setup.o (.text.reset_leaderboard)
                  00000d9c    000000e4     Setup.o (.text.setup1)
                  00000e80    000000d0     Setup.o (.text.print_leaderboard)
                  00000f50    000000c0     main.o (.text.main)
                  00001010    000000a2     libclang_rt.builtins.a : udivmoddi4.S.obj (.text)
                  000010b2    0000009a     libc.a : memcpy16.S.obj (.text:memcpy)
                  0000114c    0000007c            : copy_decompress_lzss.c.obj (.text:decompress:lzss)
                  000011c8    00000062            : memset16.S.obj (.text:memset)
                  0000122a    00000002     startup_mspm0g350x_ticlang.o (.text.Default_Handler)
                  0000122c    0000005c     Setup.o (.text.wait_state)
                  00001288    00000056     libclang_rt.builtins.a : aeabi_idivmod.S.obj (.text.__aeabi_idivmod)
                  000012de    00000002                            : aeabi_div0.c.obj (.text.__aeabi_idiv0)
                  000012e0    00000048     driverlib.a : dl_uart.o (.text.DL_UART_init)
                  00001328    00000048     FunctionDef.o (.text.timer_start)
                  00001370    00000040     libclang_rt.builtins.a : aeabi_uidivmod.S.obj (.text.__aeabi_uidivmod)
                  000013b0    00000040     libc.a : atoi.c.obj (.text.atoi)
                  000013f0    0000003c            : autoinit.c.obj (.text:__TI_auto_init_nobinit_nopinit)
                  0000142c    0000003a     libclang_rt.builtins.a : muldsi3.S.obj (.text.__muldsi3)
                  00001466    00000002                            : aeabi_div0.c.obj (.text.__aeabi_ldiv0)
                  00001468    00000038     libc.a : rand.c.obj (.text.rand)
                  000014a0    00000038            : sprintf.c.obj (.text.sprintf)
                  000014d8    00000034     FunctionDef.o (.text.send_message)
                  0000150c    00000030     ti_msp_dl_config.o (.text.SYSCFG_DL_GPIO_init)
                  0000153c    0000002c     ti_msp_dl_config.o (.text.SYSCFG_DL_initPower)
                  00001568    00000028     libc.a : boot_cortex_m.c.obj (.text:_c_int00_noargs)
                  00001590    00000024     libclang_rt.builtins.a : muldi3.S.obj (.text.__muldi3)
                  000015b4    00000024     libc.a : rand.c.obj (.text.srand)
                  000015d8    00000022            : memccpy.c.obj (.text.memccpy)
                  000015fa    00000002            : _lock.c.obj (.text._nop)
                  000015fc    0000001e     libclang_rt.builtins.a : ashldi3.S.obj (.text.__ashldi3)
                  0000161a    00000002     --HOLE-- [fill = 0]
                  0000161c    0000001c     driverlib.a : dl_timer.o (.text.DL_Timer_setClockConfig)
                  00001638    0000001c     ti_msp_dl_config.o (.text.SYSCFG_DL_SYSCTL_init)
                  00001654    00000018     libc.a : sprintf.c.obj (.text._outs)
                  0000166c    00000014     libclang_rt.builtins.a : aeabi_uldivmod.S.obj (.text.__aeabi_uldivmod)
                  00001680    00000014     FunctionDef.o (.text.get_time_ms)
                  00001694    00000012     driverlib.a : dl_uart.o (.text.DL_UART_setClockConfig)
                  000016a6    00000012     libc.a : copy_decompress_none.c.obj (.text:decompress:none)
                  000016b8    00000010     ti_msp_dl_config.o (.text.SYSCFG_DL_init)
                  000016c8    00000010     libc.a : wcslen.c.obj (.text.wcslen)
                  000016d8    0000000e     libclang_rt.builtins.a : aeabi_memset.S.obj (.text.__aeabi_memset)
                  000016e6    0000000e     libc.a : _printfi.c.obj (.text.strlen)
                  000016f4    0000000a     driverlib.a : dl_common.o (.text.DL_Common_delayCycles)
                  000016fe    0000000a     libc.a : sprintf.c.obj (.text._outc)
                  00001708    00000008            : aeabi_portable.c.obj (.text.__aeabi_errno_addr)
                  00001710    00000008     libclang_rt.builtins.a : aeabi_memcpy.S.obj (.text.__aeabi_memcpy)
                  00001718    00000008     Setup.o (.text.start_game)
                  00001720    00000006     libc.a : exit.c.obj (.text:abort)
                  00001726    00000004     libsysbm.a : hostexit.c.obj (.text.HOSTexit)
                  0000172a    00000004     startup_mspm0g350x_ticlang.o (.text.Reset_Handler)
                  0000172e    00000004     libc.a : pre_init.c.obj (.text._system_pre_init)
                  00001732    00000006     --HOLE-- [fill = 0]

.cinit     0    000019b0    000000c0     
                  000019b0    000000a9     (.cinit..data.load) [load image, compression = lzss]
                  00001a59    00000003     --HOLE-- [fill = 0]
                  00001a5c    00000008     (__TI_handler_table)
                  00001a64    00000008     (__TI_cinit_table)
                  00001a6c    00000004     --HOLE-- [fill = 0]

.rodata    0    00001740    00000270     
                  00001740    00000101     libc.a : aeabi_ctype.S.obj (.rodata:__aeabi_ctype_table_)
                  00001841    00000033     Setup.o (.rodata.str1.17380088961852690031.1)
                  00001874    0000002a     Setup.o (.rodata.str1.16382269418599090647.4)
                  0000189e    00000029     Setup.o (.rodata.str1.6619441143447882772.1)
                  000018c7    00000001     --HOLE-- [fill = 0]
                  000018c8    00000022     main.o (.rodata.str1.1867759117563697715.4)
                  000018ea    0000001b     Setup.o (.rodata.str1.18322653550636990944.1)
                  00001905    0000001a     Setup.o (.rodata.str1.704958060010732673.1)
                  0000191f    00000018     Setup.o (.rodata.str1.13091653946495945604.1)
                  00001937    00000017     Setup.o (.rodata.str1.17264625156613626397.1)
                  0000194e    00000012     Setup.o (.rodata.str1.17429514819059359187.1)
                  00001960    00000011     libc.a : _printfi.c.obj (.rodata.str1.10348868589481759720.1)
                  00001971    00000011            : _printfi.c.obj (.rodata.str1.15363888844622738466.1)
                  00001982    0000000d     Setup.o (.rodata.str1.12306607046476746938.1)
                  0000198f    00000001     --HOLE-- [fill = 0]
                  00001990    0000000a     Setup.o (.rodata.setup1.gUART_0Config)
                  0000199a    0000000a     Setup.o (.rodata.str1.5501928045850708640.1)
                  000019a4    00000002     Setup.o (.rodata.setup1.gUART_0ClockConfig)
                  000019a6    0000000a     --HOLE-- [fill = 0]

.init_array 
*          0    00000000    00000000     UNINITIALIZED

.binit     0    00000000    00000000     

.data      0    20200000    000000b4     UNINITIALIZED
                  20200000    00000037     main.o (.data.main.something3)
                  20200037    0000002c     main.o (.data.main.something)
                  20200063    00000017     main.o (.data.main.something2)
                  2020007a    00000002     --HOLE--
                  2020007c    00000014     Setup.o (.data.leaderboard)
                  20200090    00000012     main.o (.data.main.something1)
                  202000a2    00000002     --HOLE--
                  202000a4    00000004     libc.a : aeabi_portable.c.obj (.data.__aeabi_errno)
                  202000a8    00000004            : _lock.c.obj (.data._lock)
                  202000ac    00000004            : _lock.c.obj (.data._unlock)
                  202000b0    00000004            : rand.c.obj (.data.next)

.stack     0    20207e00    00000200     UNINITIALIZED
                  20207e00    00000004     libc.a : boot_cortex_m.c.obj (.stack)
                  20207e04    000001fc     --HOLE--

__llvm_prf_cnts 
*          0    20200000    00000000     UNINITIALIZED

__llvm_prf_bits 
*          0    20200000    00000000     UNINITIALIZED

MODULE SUMMARY

       Module                         code   ro data   rw data
       ------                         ----   -------   -------
    .\
       Setup.o                        1444   287       20     
       main.o                         192    34        140    
       FunctionDef.o                  144    0         0      
       ti_msp_dl_config.o             136    0         0      
    +--+------------------------------+------+---------+---------+
       Total:                         1916   321       160    
                                                              
    .\freertos\ticlang\
       startup_mspm0g350x_ticlang.o   6      192       0      
    +--+------------------------------+------+---------+---------+
       Total:                         6      192       0      
                                                              
    C:/ti/mspm0_sdk_2_05_01_00/source/ti/driverlib/lib/ticlang/m0p/mspm0g1x0x_g3x0x/driverlib.a
       dl_timer.o                     260    0         0      
       dl_uart.o                      90     0         0      
       dl_common.o                    10     0         0      
    +--+------------------------------+------+---------+---------+
       Total:                         360    0         0      
                                                              
    C:\ti\ccs2020\ccs\tools\compiler\ti-cgt-armllvm_4.0.3.LTS\lib\armv6m-ti-none-eabi/c/libc.a
       _printfi.c.obj                 2166   34        0      
       aeabi_ctype.S.obj              0      257       0      
       memcpy16.S.obj                 154    0         0      
       copy_decompress_lzss.c.obj     124    0         0      
       memset16.S.obj                 98     0         0      
       rand.c.obj                     92     0         4      
       sprintf.c.obj                  90     0         0      
       atoi.c.obj                     64     0         0      
       autoinit.c.obj                 60     0         0      
       boot_cortex_m.c.obj            40     0         0      
       memccpy.c.obj                  34     0         0      
       copy_decompress_none.c.obj     18     0         0      
       wcslen.c.obj                   16     0         0      
       aeabi_portable.c.obj           8      0         4      
       _lock.c.obj                    2      0         8      
       exit.c.obj                     6      0         0      
       pre_init.c.obj                 4      0         0      
    +--+------------------------------+------+---------+---------+
       Total:                         2976   291       16     
                                                              
    C:\ti\ccs2020\ccs\tools\compiler\ti-cgt-armllvm_4.0.3.LTS\lib\armv6m-ti-none-eabi/c/libsysbm.a
       hostexit.c.obj                 4      0         0      
    +--+------------------------------+------+---------+---------+
       Total:                         4      0         0      
                                                              
    C:\ti\ccs2020\ccs\tools\compiler\ti-cgt-armllvm_4.0.3.LTS\lib\armv6m-ti-none-eabi/libclang_rt.builtins.a
       udivmoddi4.S.obj               162    0         0      
       aeabi_idivmod.S.obj            86     0         0      
       aeabi_uidivmod.S.obj           64     0         0      
       muldsi3.S.obj                  58     0         0      
       muldi3.S.obj                   36     0         0      
       ashldi3.S.obj                  30     0         0      
       aeabi_uldivmod.S.obj           20     0         0      
       aeabi_memset.S.obj             14     0         0      
       aeabi_memcpy.S.obj             8      0         0      
       aeabi_div0.c.obj               4      0         0      
    +--+------------------------------+------+---------+---------+
       Total:                         482    0         0      
                                                              
       Stack:                         0      0         512    
       Linker Generated:              0      185       0      
    +--+------------------------------+------+---------+---------+
       Grand Total:                   5744   989       688    


LINKER GENERATED COPY TABLES

__TI_cinit_table @ 00001a64 records: 1, size/record: 8, table size: 8
	.data: load addr=000019b0, load size=000000a9 bytes, run addr=20200000, run size=000000b4 bytes, compression=lzss


LINKER GENERATED HANDLER TABLE

__TI_handler_table @ 00001a5c records: 2, size/record: 4, table size: 8
	index: 0, handler: __TI_decompress_lzss
	index: 1, handler: __TI_decompress_none


GLOBAL SYMBOLS: SORTED ALPHABETICALLY BY Name 

address   name                          
-------   ----                          
0000122b  ADC0_IRQHandler               
0000122b  ADC1_IRQHandler               
0000122b  AES_IRQHandler                
00001726  C$$EXIT                       
0000122b  CANFD0_IRQHandler             
0000122b  DAC0_IRQHandler               
000016f5  DL_Common_delayCycles         
00000bd1  DL_Timer_initTimerMode        
0000161d  DL_Timer_setClockConfig       
000012e1  DL_UART_init                  
00001695  DL_UART_setClockConfig        
0000122b  DMA_IRQHandler                
0000122b  Default_Handler               
0000122b  GROUP0_IRQHandler             
0000122b  GROUP1_IRQHandler             
00001727  HOSTexit                      
0000122b  HardFault_Handler             
0000122b  I2C0_IRQHandler               
0000122b  I2C1_IRQHandler               
0000122b  NMI_Handler                   
0000122b  PendSV_Handler                
0000122b  RTC_IRQHandler                
0000172b  Reset_Handler                 
0000122b  SPI0_IRQHandler               
0000122b  SPI1_IRQHandler               
0000122b  SVC_Handler                   
0000150d  SYSCFG_DL_GPIO_init           
00001639  SYSCFG_DL_SYSCTL_init         
000016b9  SYSCFG_DL_init                
0000153d  SYSCFG_DL_initPower           
0000122b  SysTick_Handler               
0000122b  TIMA0_IRQHandler              
0000122b  TIMA1_IRQHandler              
0000122b  TIMG0_IRQHandler              
0000122b  TIMG12_IRQHandler             
0000122b  TIMG6_IRQHandler              
0000122b  TIMG7_IRQHandler              
0000122b  TIMG8_IRQHandler              
0000122b  UART0_IRQHandler              
0000122b  UART1_IRQHandler              
0000122b  UART2_IRQHandler              
0000122b  UART3_IRQHandler              
20208000  __STACK_END                   
00000200  __STACK_SIZE                  
00000000  __TI_ATRegion0_region_sz      
00000000  __TI_ATRegion0_src_addr       
00000000  __TI_ATRegion0_trg_addr       
00000000  __TI_ATRegion1_region_sz      
00000000  __TI_ATRegion1_src_addr       
00000000  __TI_ATRegion1_trg_addr       
00000000  __TI_ATRegion2_region_sz      
00000000  __TI_ATRegion2_src_addr       
00000000  __TI_ATRegion2_trg_addr       
00001a64  __TI_CINIT_Base               
00001a6c  __TI_CINIT_Limit              
00001a6c  __TI_CINIT_Warm               
00001a5c  __TI_Handler_Table_Base       
00001a64  __TI_Handler_Table_Limit      
000013f1  __TI_auto_init_nobinit_nopinit
0000114d  __TI_decompress_lzss          
000016a7  __TI_decompress_none          
ffffffff  __TI_pprof_out_hndl           
000000c1  __TI_printfi_nofloat          
ffffffff  __TI_prof_data_size           
ffffffff  __TI_prof_data_start          
00000000  __TI_static_base__            
00001740  __aeabi_ctype_table_          
00001740  __aeabi_ctype_table_C         
202000a4  __aeabi_errno                 
00001709  __aeabi_errno_addr            
00001289  __aeabi_idiv                  
000012df  __aeabi_idiv0                 
00001289  __aeabi_idivmod               
00001467  __aeabi_ldiv0                 
000015fd  __aeabi_llsl                  
00001591  __aeabi_lmul                  
00001711  __aeabi_memcpy                
00001711  __aeabi_memcpy4               
00001711  __aeabi_memcpy8               
000016d9  __aeabi_memset                
000016d9  __aeabi_memset4               
000016d9  __aeabi_memset8               
00001371  __aeabi_uidiv                 
00001371  __aeabi_uidivmod              
0000166d  __aeabi_uldivmod              
000015fd  __ashldi3                     
ffffffff  __binit__                     
UNDEFED   __mpu_init                    
00001591  __muldi3                      
0000142d  __muldsi3                     
20207e00  __stack                       
20200000  __start___llvm_prf_bits       
20200000  __start___llvm_prf_cnts       
20200000  __stop___llvm_prf_bits        
20200000  __stop___llvm_prf_cnts        
00001011  __udivmoddi4                  
00001569  _c_int00_noargs               
202000a8  _lock                         
000015fb  _nop                          
UNDEFED   _system_post_cinit            
0000172f  _system_pre_init              
202000ac  _unlock                       
00001721  abort                         
000013b1  atoi                          
ffffffff  binit                         
00000929  game_state                    
00001681  get_time_ms                   
00000000  interruptVectors              
2020007c  leaderboard                   
00000f51  main                          
000015d9  memccpy                       
000010b3  memcpy                        
000011c9  memset                        
00000e81  print_leaderboard             
00001469  rand                          
00000cb9  reset_leaderboard             
000014d9  send_message                  
00000d9d  setup1                        
000014a1  sprintf                       
000015b5  srand                         
00001719  start_game                    
00001329  timer_start                   
0000122d  wait_state                    
000016c9  wcslen                        


GLOBAL SYMBOLS: SORTED BY Symbol Address 

address   name                          
-------   ----                          
00000000  __TI_ATRegion0_region_sz      
00000000  __TI_ATRegion0_src_addr       
00000000  __TI_ATRegion0_trg_addr       
00000000  __TI_ATRegion1_region_sz      
00000000  __TI_ATRegion1_src_addr       
00000000  __TI_ATRegion1_trg_addr       
00000000  __TI_ATRegion2_region_sz      
00000000  __TI_ATRegion2_src_addr       
00000000  __TI_ATRegion2_trg_addr       
00000000  __TI_static_base__            
00000000  interruptVectors              
000000c1  __TI_printfi_nofloat          
00000200  __STACK_SIZE                  
00000929  game_state                    
00000bd1  DL_Timer_initTimerMode        
00000cb9  reset_leaderboard             
00000d9d  setup1                        
00000e81  print_leaderboard             
00000f51  main                          
00001011  __udivmoddi4                  
000010b3  memcpy                        
0000114d  __TI_decompress_lzss          
000011c9  memset                        
0000122b  ADC0_IRQHandler               
0000122b  ADC1_IRQHandler               
0000122b  AES_IRQHandler                
0000122b  CANFD0_IRQHandler             
0000122b  DAC0_IRQHandler               
0000122b  DMA_IRQHandler                
0000122b  Default_Handler               
0000122b  GROUP0_IRQHandler             
0000122b  GROUP1_IRQHandler             
0000122b  HardFault_Handler             
0000122b  I2C0_IRQHandler               
0000122b  I2C1_IRQHandler               
0000122b  NMI_Handler                   
0000122b  PendSV_Handler                
0000122b  RTC_IRQHandler                
0000122b  SPI0_IRQHandler               
0000122b  SPI1_IRQHandler               
0000122b  SVC_Handler                   
0000122b  SysTick_Handler               
0000122b  TIMA0_IRQHandler              
0000122b  TIMA1_IRQHandler              
0000122b  TIMG0_IRQHandler              
0000122b  TIMG12_IRQHandler             
0000122b  TIMG6_IRQHandler              
0000122b  TIMG7_IRQHandler              
0000122b  TIMG8_IRQHandler              
0000122b  UART0_IRQHandler              
0000122b  UART1_IRQHandler              
0000122b  UART2_IRQHandler              
0000122b  UART3_IRQHandler              
0000122d  wait_state                    
00001289  __aeabi_idiv                  
00001289  __aeabi_idivmod               
000012df  __aeabi_idiv0                 
000012e1  DL_UART_init                  
00001329  timer_start                   
00001371  __aeabi_uidiv                 
00001371  __aeabi_uidivmod              
000013b1  atoi                          
000013f1  __TI_auto_init_nobinit_nopinit
0000142d  __muldsi3                     
00001467  __aeabi_ldiv0                 
00001469  rand                          
000014a1  sprintf                       
000014d9  send_message                  
0000150d  SYSCFG_DL_GPIO_init           
0000153d  SYSCFG_DL_initPower           
00001569  _c_int00_noargs               
00001591  __aeabi_lmul                  
00001591  __muldi3                      
000015b5  srand                         
000015d9  memccpy                       
000015fb  _nop                          
000015fd  __aeabi_llsl                  
000015fd  __ashldi3                     
0000161d  DL_Timer_setClockConfig       
00001639  SYSCFG_DL_SYSCTL_init         
0000166d  __aeabi_uldivmod              
00001681  get_time_ms                   
00001695  DL_UART_setClockConfig        
000016a7  __TI_decompress_none          
000016b9  SYSCFG_DL_init                
000016c9  wcslen                        
000016d9  __aeabi_memset                
000016d9  __aeabi_memset4               
000016d9  __aeabi_memset8               
000016f5  DL_Common_delayCycles         
00001709  __aeabi_errno_addr            
00001711  __aeabi_memcpy                
00001711  __aeabi_memcpy4               
00001711  __aeabi_memcpy8               
00001719  start_game                    
00001721  abort                         
00001726  C$$EXIT                       
00001727  HOSTexit                      
0000172b  Reset_Handler                 
0000172f  _system_pre_init              
00001740  __aeabi_ctype_table_          
00001740  __aeabi_ctype_table_C         
00001a5c  __TI_Handler_Table_Base       
00001a64  __TI_CINIT_Base               
00001a64  __TI_Handler_Table_Limit      
00001a6c  __TI_CINIT_Limit              
00001a6c  __TI_CINIT_Warm               
20200000  __start___llvm_prf_bits       
20200000  __start___llvm_prf_cnts       
20200000  __stop___llvm_prf_bits        
20200000  __stop___llvm_prf_cnts        
2020007c  leaderboard                   
202000a4  __aeabi_errno                 
202000a8  _lock                         
202000ac  _unlock                       
20207e00  __stack                       
20208000  __STACK_END                   
ffffffff  __TI_pprof_out_hndl           
ffffffff  __TI_prof_data_size           
ffffffff  __TI_prof_data_start          
ffffffff  __binit__                     
ffffffff  binit                         
UNDEFED   __mpu_init                    
UNDEFED   _system_post_cinit            

[124 symbols]
