******************************************************************************
            TI ARM Clang Linker PC v4.0.4                      
******************************************************************************
>> Linked Tue May 12 20:14:31 2026

OUTPUT FILE NAME:   <CMPE146FinalProject.out>
ENTRY POINT SYMBOL: "_c_int00_noargs"  address: 00002575


MEMORY CONFIGURATION

         name            origin    length      used     unused   attr    fill
----------------------  --------  ---------  --------  --------  ----  --------
  FLASH                 00000000   00020000  00002ab8  0001d548  R  X
  SRAM                  20200000   00008000  00000dcd  00007233  RW X
  BCR_CONFIG            41c00000   000000ff  00000000  000000ff  R   
  BSL_CONFIG            41c00100   00000080  00000000  00000080  R   


SEGMENT ALLOCATION MAP

run origin  load origin   length   init length attrs members
----------  ----------- ---------- ----------- ----- -------
00000000    00000000    00002ab8   00002ab8    r-x
  00000000    00000000    000000c0   000000c0    r-- .intvecs
  000000c0    000000c0    000026d0   000026d0    r-x .text
  00002790    00002790    00000270   00000270    r-- .rodata
  00002a00    00002a00    000000b8   000000b8    r-- .cinit
20200000    20200000    00000bd0   00000000    rw-
  20200000    20200000    00000800   00000000    rw- .sysmem
  20200800    20200800    00000201   00000000    rw- .data
  20200a04    20200a04    000001cc   00000000    rw- .bss
20207e00    20207e00    00000200   00000000    rw-
  20207e00    20207e00    00000200   00000000    rw- .stack


SECTION ALLOCATION MAP

 output                                  attributes/
section   page    origin      length       input sections
--------  ----  ----------  ----------   ----------------
.intvecs   0    00000000    000000c0     
                  00000000    000000c0     startup_mspm0g350x_ticlang.o (.intvecs)

.text      0    000000c0    000026d0     
                  000000c0    00000868     libc.a : _printfi.c.obj (.text:__TI_printfi_nofloat)
                  00000928    00000320     Setup.o (.text.wait_state)
                  00000c48    00000304     Setup.o (.text.start_game)
                  00000f4c    00000170     Setup.o (.text.game_state)
                  000010bc    00000128     Setup.o (.text.setup1)
                  000011e4    0000011c     Setup.o (.text.timer_start)
                  00001300    00000114     libc.a : memory.c.obj (.text.aligned_alloc)
                  00001414    000000fc     driverlib.a : dl_timer.o (.text.DL_Timer_initTimerMode)
                  00001510    000000f8     libc.a : fputs.c.obj (.text.fputs)
                  00001608    000000e8            : memory.c.obj (.text.free)
                  000016f0    000000e0            : setvbuf.c.obj (.text.setvbuf)
                  000017d0    000000dc     Setup.o (.text.send_message)
                  000018ac    000000a2     libclang_rt.builtins.a : udivmoddi4.S.obj (.text)
                  0000194e    00000002     startup_mspm0g350x_ticlang.o (.text.Default_Handler)
                  00001950    0000009c     libc.a : fputc.c.obj (.text.fputc)
                  000019ec    0000009a            : memcpy16.S.obj (.text:memcpy)
                  00001a86    0000000a     driverlib.a : dl_common.o (.text.DL_Common_delayCycles)
                  00001a90    00000088     libc.a : strcmp-armv6m.S.obj (.text:strcmp)
                  00001b18    0000007c            : fclose.c.obj (.text.__TI_closefile)
                  00001b94    0000007c            : copy_decompress_lzss.c.obj (.text:decompress:lzss)
                  00001c10    0000006c     libsysbm.a : hostlseek.c.obj (.text.HOSTlseek)
                  00001c7c    0000006c                : hostrename.c.obj (.text.HOSTrename)
                  00001ce8    0000006c     libc.a : fseek.c.obj (.text.fseeko)
                  00001d54    0000006c            : getdevice.c.obj (.text.getdevice)
                  00001dc0    0000006c     main.o (.text.main)
                  00001e2c    00000064     libc.a : _io_perm.c.obj (.text.__TI_wrt_ok)
                  00001e90    00000064            : memory.c.obj (.text.split)
                  00001ef4    00000062            : memset16.S.obj (.text:memset)
                  00001f56    00000002     libclang_rt.builtins.a : aeabi_div0.c.obj (.text.__aeabi_idiv0)
                  00001f58    00000060     libsysbm.a : hostopen.c.obj (.text.HOSTopen)
                  00001fb8    0000005c     libc.a : printf.c.obj (.text.printf)
                  00002014    00000058     libsysbm.a : hostread.c.obj (.text.HOSTread)
                  0000206c    00000058                : hostwrite.c.obj (.text.HOSTwrite)
                  000020c4    00000052     libc.a : fflush.c.obj (.text.__TI_doflush)
                  00002116    00000002     libclang_rt.builtins.a : aeabi_div0.c.obj (.text.__aeabi_ldiv0)
                  00002118    00000050     libsysbm.a : close.c.obj (.text.close)
                  00002168    00000048     driverlib.a : dl_uart.o (.text.DL_UART_init)
                  000021b0    00000048     libsysbm.a : hostclose.c.obj (.text.HOSTclose)
                  000021f8    00000048                : hostunlink.c.obj (.text.HOSTunlink)
                  00002240    00000040     libclang_rt.builtins.a : aeabi_uidivmod.S.obj (.text.__aeabi_uidivmod)
                  00002280    00000040     libc.a : atoi.c.obj (.text.atoi)
                  000022c0    0000003c            : autoinit.c.obj (.text:__TI_auto_init_nobinit_nopinit)
                  000022fc    0000003a     libclang_rt.builtins.a : muldsi3.S.obj (.text.__muldsi3)
                  00002336    00000002     libc.a : _lock.c.obj (.text._nop)
                  00002338    00000038            : rand.c.obj (.text.rand)
                  00002370    00000034            : fopen.c.obj (.text.__TI_cleanup)
                  000023a4    00000034     libsysbm.a : trgmsg.c.obj (.text.__TI_readmsg)
                  000023d8    00000034                : trgmsg.c.obj (.text.__TI_writemsg)
                  0000240c    00000034     libc.a : exit.c.obj (.text.exit)
                  00002440    00000034            : getdevice.c.obj (.text.finddevice)
                  00002474    00000030     ti_msp_dl_config.o (.text.SYSCFG_DL_GPIO_init)
                  000024a4    0000002c     ti_msp_dl_config.o (.text.SYSCFG_DL_initPower)
                  000024d0    0000002c     libsysbm.a : unlink.c.obj (.text.unlink)
                  000024fc    00000028     libc.a : memory.c.obj (.text.free_list_insert)
                  00002524    00000028     libsysbm.a : lseek.c.obj (.text.lseek)
                  0000254c    00000028                : write.c.obj (.text.write)
                  00002574    00000028     libc.a : boot_cortex_m.c.obj (.text:_c_int00_noargs)
                  0000259c    00000024     libclang_rt.builtins.a : muldi3.S.obj (.text.__muldi3)
                  000025c0    00000024     libc.a : rand.c.obj (.text.srand)
                  000025e4    00000022            : memccpy.c.obj (.text.memccpy)
                  00002606    00000002     --HOLE-- [fill = 0]
                  00002608    0000001e     libclang_rt.builtins.a : ashldi3.S.obj (.text.__ashldi3)
                  00002626    00000002     --HOLE-- [fill = 0]
                  00002628    0000001c     driverlib.a : dl_timer.o (.text.DL_Timer_setClockConfig)
                  00002644    0000001c     ti_msp_dl_config.o (.text.SYSCFG_DL_SYSCTL_init)
                  00002660    0000001c     libc.a : memory.c.obj (.text.free_list_remove)
                  0000267c    00000016            : copy_zero_init.c.obj (.text:decompress:ZI:__TI_zero_init_nomemset)
                  00002692    00000002     --HOLE-- [fill = 0]
                  00002694    00000014     libclang_rt.builtins.a : aeabi_uldivmod.S.obj (.text.__aeabi_uldivmod)
                  000026a8    00000012     driverlib.a : dl_uart.o (.text.DL_UART_setClockConfig)
                  000026ba    00000012     libc.a : copy_decompress_none.c.obj (.text:decompress:none)
                  000026cc    00000010     ti_msp_dl_config.o (.text.SYSCFG_DL_init)
                  000026dc    00000010     libc.a : wcslen.c.obj (.text.wcslen)
                  000026ec    0000000e            : memory.c.obj (.text.OUTLINED_FUNCTION_0)
                  000026fa    00000002     --HOLE-- [fill = 0]
                  000026fc    0000000e     libclang_rt.builtins.a : aeabi_memset.S.obj (.text.__aeabi_memset)
                  0000270a    0000000e     libsysbm.a : hostrename.c.obj (.text.strcpy)
                  00002718    0000000e     libc.a : _printfi.c.obj (.text.strlen)
                  00002726    0000000e     libsysbm.a : hostrename.c.obj (.text.strlen)
                  00002734    0000000c     libclang_rt.builtins.a : aeabi_memset.S.obj (.text.__aeabi_memclr)
                  00002740    0000000c     libc.a : memory.c.obj (.text.malloc)
                  0000274c    00000008            : aeabi_portable.c.obj (.text.__aeabi_errno_addr)
                  00002754    00000008     libclang_rt.builtins.a : aeabi_memcpy.S.obj (.text.__aeabi_memcpy)
                  0000275c    00000008     libc.a : printf.c.obj (.text._outc)
                  00002764    00000008            : printf.c.obj (.text._outs)
                  0000276c    00000008            : fseek.c.obj (.text.fseek)
                  00002774    00000008     libsysbm.a : remove.c.obj (.text.remove)
                  0000277c    00000006     libc.a : exit.c.obj (.text:abort)
                  00002782    00000004     libsysbm.a : hostexit.c.obj (.text.HOSTexit)
                  00002786    00000004     startup_mspm0g350x_ticlang.o (.text.Reset_Handler)
                  0000278a    00000004     libc.a : pre_init.c.obj (.text._system_pre_init)
                  0000278e    00000002     --HOLE-- [fill = 0]

.cinit     0    00002a00    000000b8     
                  00002a00    00000094     (.cinit..data.load) [load image, compression = lzss]
                  00002a94    0000000c     (__TI_handler_table)
                  00002aa0    00000008     (.cinit..bss.load) [load image, compression = zero_init]
                  00002aa8    00000010     (__TI_cinit_table)

.rodata    0    00002790    00000270     
                  00002790    00000101     libc.a : aeabi_ctype.S.obj (.rodata:__aeabi_ctype_table_)
                  00002891    0000005b     Setup.o (.rodata.str1.10108267561400382571.1)
                  000028ec    00000037     Setup.o (.rodata.str1.9001949646736387360.1)
                  00002923    0000002a     Setup.o (.rodata.str1.16382269418599090647.1)
                  0000294d    00000003     Setup.o (.rodata.str1.13091653946495945604.1)
                  00002950    0000001e     main.o (.rodata.str1.10463263676989057200.4)
                  0000296e    0000001a     Setup.o (.rodata.str1.2115668086275523474.1)
                  00002988    00000019     Setup.o (.rodata.str1.5501928045850708640.1)
                  000029a1    00000017     Setup.o (.rodata.str1.11768439243039719328.1)
                  000029b8    00000017     Setup.o (.rodata.str1.16503322860357400160.1)
                  000029cf    00000011     libc.a : _printfi.c.obj (.rodata.str1.10348868589481759720.1)
                  000029e0    00000011            : _printfi.c.obj (.rodata.str1.15363888844622738466.1)
                  000029f1    00000001     --HOLE-- [fill = 0]
                  000029f2    0000000a     Setup.o (.rodata.setup1.gUART_0Config)
                  000029fc    00000002     Setup.o (.rodata.setup1.gUART_0ClockConfig)
                  000029fe    00000002     --HOLE-- [fill = 0]

.init_array 
*          0    00000000    00000000     UNINITIALIZED

.binit     0    00000000    00000000     

.sysmem    0    20200000    00000800     UNINITIALIZED
                  20200000    00000010     libc.a : memory.c.obj (.sysmem)
                  20200010    000007f0     --HOLE--

.data      0    20200800    00000201     UNINITIALIZED
                  20200800    000000f0     libc.a : defs.c.obj (.data._ftable)
                  202008f0    00000078     libsysbm.a : host_device.c.obj (.data._device)
                  20200968    00000050                : host_device.c.obj (.data._stream)
                  202009b8    0000002c     main.o (.data.main.something)
                  202009e4    00000008     libc.a : exit.c.obj (.data..L_MergedGlobals)
                  202009ec    00000004            : defs.c.obj (.data.__TI_ft_end)
                  202009f0    00000004            : aeabi_portable.c.obj (.data.__aeabi_errno)
                  202009f4    00000004            : _lock.c.obj (.data._lock)
                  202009f8    00000004            : _lock.c.obj (.data._unlock)
                  202009fc    00000004            : rand.c.obj (.data.next)
                  20200a00    00000001            : memory.c.obj (.data.memory_is_initialized)

.bss       0    20200a04    000001cc     UNINITIALIZED
                  20200a04    00000120     libsysbm.a : trgmsg.c.obj (.bss:_CIOBUF_)
                  20200b24    000000a0     libc.a : defs.c.obj (.bss.__TI_tmpnams)
                  20200bc4    00000008     libsysbm.a : hostopen.c.obj (.bss.parmbuf)
                  20200bcc    00000004     libc.a : memory.c.obj (.bss.sys_free)

.stack     0    20207e00    00000200     UNINITIALIZED
                  20207e00    00000004     libc.a : boot_cortex_m.c.obj (.stack)
                  20207e04    000001fc     --HOLE--

__llvm_prf_cnts 
*          0    20200000    00000000     UNINITIALIZED

__llvm_prf_bits 
*          0    20200000    00000000     UNINITIALIZED

MODULE SUMMARY

       Module                         code   ro data   rw data
       ------                         ----   -------   -------
    .\
       Setup.o                        2740   300       0      
       main.o                         108    30        44     
       ti_msp_dl_config.o             136    0         0      
    +--+------------------------------+------+---------+---------+
       Total:                         2984   330       44     
                                                              
    .\freertos\ticlang\
       startup_mspm0g350x_ticlang.o   6      192       0      
    +--+------------------------------+------+---------+---------+
       Total:                         6      192       0      
                                                              
    C:/ti/mspm0_sdk_2_09_00_01/source/ti/driverlib/lib/ticlang/m0p/mspm0g1x0x_g3x0x/driverlib.a
       dl_timer.o                     280    0         0      
       dl_uart.o                      90     0         0      
       dl_common.o                    10     0         0      
    +--+------------------------------+------+---------+---------+
       Total:                         380    0         0      
                                                              
    C:\ti\ccs2020\ccs\tools\compiler\ti-cgt-armllvm_4.0.4.LTS\lib\armv6m-ti-none-eabi/c/libc.a
       _printfi.c.obj                 2166   34        0      
       memory.c.obj                   702    0         5      
       defs.c.obj                     0      0         404    
       aeabi_ctype.S.obj              0      257       0      
       fputs.c.obj                    248    0         0      
       setvbuf.c.obj                  224    0         0      
       getdevice.c.obj                160    0         0      
       fputc.c.obj                    156    0         0      
       memcpy16.S.obj                 154    0         0      
       strcmp-armv6m.S.obj            136    0         0      
       copy_decompress_lzss.c.obj     124    0         0      
       fclose.c.obj                   124    0         0      
       fseek.c.obj                    116    0         0      
       printf.c.obj                   108    0         0      
       _io_perm.c.obj                 100    0         0      
       memset16.S.obj                 98     0         0      
       rand.c.obj                     92     0         4      
       fflush.c.obj                   82     0         0      
       exit.c.obj                     58     0         8      
       atoi.c.obj                     64     0         0      
       autoinit.c.obj                 60     0         0      
       fopen.c.obj                    52     0         0      
       boot_cortex_m.c.obj            40     0         0      
       memccpy.c.obj                  34     0         0      
       copy_zero_init.c.obj           22     0         0      
       copy_decompress_none.c.obj     18     0         0      
       wcslen.c.obj                   16     0         0      
       aeabi_portable.c.obj           8      0         4      
       _lock.c.obj                    2      0         8      
       pre_init.c.obj                 4      0         0      
    +--+------------------------------+------+---------+---------+
       Total:                         5168   291       433    
                                                              
    C:\ti\ccs2020\ccs\tools\compiler\ti-cgt-armllvm_4.0.4.LTS\lib\armv6m-ti-none-eabi/c/libsysbm.a
       trgmsg.c.obj                   104    0         288    
       host_device.c.obj              0      0         200    
       hostrename.c.obj               136    0         0      
       hostlseek.c.obj                108    0         0      
       hostopen.c.obj                 96     0         8      
       hostread.c.obj                 88     0         0      
       hostwrite.c.obj                88     0         0      
       close.c.obj                    80     0         0      
       hostclose.c.obj                72     0         0      
       hostunlink.c.obj               72     0         0      
       unlink.c.obj                   44     0         0      
       lseek.c.obj                    40     0         0      
       write.c.obj                    40     0         0      
       remove.c.obj                   8      0         0      
       hostexit.c.obj                 4      0         0      
    +--+------------------------------+------+---------+---------+
       Total:                         980    0         496    
                                                              
    C:\ti\ccs2020\ccs\tools\compiler\ti-cgt-armllvm_4.0.4.LTS\lib\armv6m-ti-none-eabi/libclang_rt.builtins.a
       udivmoddi4.S.obj               162    0         0      
       aeabi_uidivmod.S.obj           64     0         0      
       muldsi3.S.obj                  58     0         0      
       muldi3.S.obj                   36     0         0      
       ashldi3.S.obj                  30     0         0      
       aeabi_memset.S.obj             26     0         0      
       aeabi_uldivmod.S.obj           20     0         0      
       aeabi_memcpy.S.obj             8      0         0      
       aeabi_div0.c.obj               4      0         0      
    +--+------------------------------+------+---------+---------+
       Total:                         408    0         0      
                                                              
       Heap:                          0      0         2048   
       Stack:                         0      0         512    
       Linker Generated:              0      184       0      
    +--+------------------------------+------+---------+---------+
       Grand Total:                   9926   997       3533   


LINKER GENERATED COPY TABLES

__TI_cinit_table @ 00002aa8 records: 2, size/record: 8, table size: 16
	.data: load addr=00002a00, load size=00000094 bytes, run addr=20200800, run size=00000201 bytes, compression=lzss
	.bss: load addr=00002aa0, load size=00000008 bytes, run addr=20200a04, run size=000001cc bytes, compression=zero_init


LINKER GENERATED HANDLER TABLE

__TI_handler_table @ 00002a94 records: 3, size/record: 4, table size: 12
	index: 0, handler: __TI_decompress_lzss
	index: 1, handler: __TI_decompress_none
	index: 2, handler: __TI_zero_init


GLOBAL SYMBOLS: SORTED ALPHABETICALLY BY Name 

address   name                          
-------   ----                          
0000194f  ADC0_IRQHandler               
0000194f  ADC1_IRQHandler               
0000194f  AES_IRQHandler                
00002782  C$$EXIT                       
00002405  C$$IO$$                       
0000194f  CANFD0_IRQHandler             
0000194f  DAC0_IRQHandler               
00001a87  DL_Common_delayCycles         
00001415  DL_Timer_initTimerMode        
00002629  DL_Timer_setClockConfig       
00002169  DL_UART_init                  
000026a9  DL_UART_setClockConfig        
0000194f  DMA_IRQHandler                
0000194f  Default_Handler               
0000194f  GROUP0_IRQHandler             
0000194f  GROUP1_IRQHandler             
000021b1  HOSTclose                     
00002783  HOSTexit                      
00001c11  HOSTlseek                     
00001f59  HOSTopen                      
00002015  HOSTread                      
00001c7d  HOSTrename                    
000021f9  HOSTunlink                    
0000206d  HOSTwrite                     
0000194f  HardFault_Handler             
0000194f  I2C0_IRQHandler               
0000194f  I2C1_IRQHandler               
0000194f  NMI_Handler                   
0000194f  PendSV_Handler                
0000194f  RTC_IRQHandler                
00002787  Reset_Handler                 
0000194f  SPI0_IRQHandler               
0000194f  SPI1_IRQHandler               
0000194f  SVC_Handler                   
00002475  SYSCFG_DL_GPIO_init           
00002645  SYSCFG_DL_SYSCTL_init         
000026cd  SYSCFG_DL_init                
000024a5  SYSCFG_DL_initPower           
0000194f  SysTick_Handler               
0000194f  TIMA0_IRQHandler              
0000194f  TIMA1_IRQHandler              
0000194f  TIMG0_IRQHandler              
0000194f  TIMG12_IRQHandler             
0000194f  TIMG6_IRQHandler              
0000194f  TIMG7_IRQHandler              
0000194f  TIMG8_IRQHandler              
0000194f  UART0_IRQHandler              
0000194f  UART1_IRQHandler              
0000194f  UART2_IRQHandler              
0000194f  UART3_IRQHandler              
20200a04  _CIOBUF_                      
20200a04  __CIOBUF_                     
20208000  __STACK_END                   
00000200  __STACK_SIZE                  
00000800  __SYSMEM_SIZE                 
00000000  __TI_ATRegion0_region_sz      
00000000  __TI_ATRegion0_src_addr       
00000000  __TI_ATRegion0_trg_addr       
00000000  __TI_ATRegion1_region_sz      
00000000  __TI_ATRegion1_src_addr       
00000000  __TI_ATRegion1_trg_addr       
00000000  __TI_ATRegion2_region_sz      
00000000  __TI_ATRegion2_src_addr       
00000000  __TI_ATRegion2_trg_addr       
00002aa8  __TI_CINIT_Base               
00002ab8  __TI_CINIT_Limit              
00002ab8  __TI_CINIT_Warm               
00002a94  __TI_Handler_Table_Base       
00002aa0  __TI_Handler_Table_Limit      
000022c1  __TI_auto_init_nobinit_nopinit
00002371  __TI_cleanup                  
202009e4  __TI_cleanup_ptr              
00001b19  __TI_closefile                
00001b95  __TI_decompress_lzss          
000026bb  __TI_decompress_none          
000020c5  __TI_doflush                  
202009e8  __TI_dtors_ptr                
202009ec  __TI_ft_end                   
ffffffff  __TI_pprof_out_hndl           
000000c1  __TI_printfi_nofloat          
ffffffff  __TI_prof_data_size           
ffffffff  __TI_prof_data_start          
000023a5  __TI_readmsg                  
00000000  __TI_static_base__            
20200b24  __TI_tmpnams                  
000023d9  __TI_writemsg                 
00001e2d  __TI_wrt_ok                   
0000267d  __TI_zero_init_nomemset       
00002790  __aeabi_ctype_table_          
00002790  __aeabi_ctype_table_C         
202009f0  __aeabi_errno                 
0000274d  __aeabi_errno_addr            
00001f57  __aeabi_idiv0                 
00002117  __aeabi_ldiv0                 
00002609  __aeabi_llsl                  
0000259d  __aeabi_lmul                  
00002735  __aeabi_memclr                
00002735  __aeabi_memclr4               
00002735  __aeabi_memclr8               
00002755  __aeabi_memcpy                
00002755  __aeabi_memcpy4               
00002755  __aeabi_memcpy8               
000026fd  __aeabi_memset                
000026fd  __aeabi_memset4               
000026fd  __aeabi_memset8               
00002241  __aeabi_uidiv                 
00002241  __aeabi_uidivmod              
00002695  __aeabi_uldivmod              
00002609  __ashldi3                     
ffffffff  __binit__                     
UNDEFED   __mpu_init                    
0000259d  __muldi3                      
000022fd  __muldsi3                     
20207e00  __stack                       
20200000  __start___llvm_prf_bits       
20200000  __start___llvm_prf_cnts       
20200000  __stop___llvm_prf_bits        
20200000  __stop___llvm_prf_cnts        
000018ad  __udivmoddi4                  
00002575  _c_int00_noargs               
202008f0  _device                       
20200800  _ftable                       
202009f4  _lock                         
00002337  _nop                          
20200968  _stream                       
20200000  _sys_memory                   
UNDEFED   _system_post_cinit            
0000278b  _system_pre_init              
202009f8  _unlock                       
0000277d  abort                         
00001301  aligned_alloc                 
00002281  atoi                          
ffffffff  binit                         
00002119  close                         
0000240d  exit                          
00002441  finddevice                    
00001951  fputc                         
00001511  fputs                         
00001609  free                          
0000276d  fseek                         
00001ce9  fseeko                        
00000f4d  game_state                    
00001d55  getdevice                     
00000000  interruptVectors              
00002525  lseek                         
00001dc1  main                          
00002741  malloc                        
00001301  memalign                      
000025e5  memccpy                       
000019ed  memcpy                        
00001ef5  memset                        
20200bc4  parmbuf                       
00001fb9  printf                        
00002339  rand                          
00002775  remove                        
000017d1  send_message                  
000010bd  setup1                        
000016f1  setvbuf                       
000025c1  srand                         
00000c49  start_game                    
00001a91  strcmp                        
000011e5  timer_start                   
000024d1  unlink                        
00000929  wait_state                    
000026dd  wcslen                        
0000254d  write                         


GLOBAL SYMBOLS: SORTED BY Symbol Address 

address   name                          
-------   ----                          
00000000  __TI_ATRegion0_region_sz      
00000000  __TI_ATRegion0_src_addr       
00000000  __TI_ATRegion0_trg_addr       
00000000  __TI_ATRegion1_region_sz      
00000000  __TI_ATRegion1_src_addr       
00000000  __TI_ATRegion1_trg_addr       
00000000  __TI_ATRegion2_region_sz      
00000000  __TI_ATRegion2_src_addr       
00000000  __TI_ATRegion2_trg_addr       
00000000  __TI_static_base__            
00000000  interruptVectors              
000000c1  __TI_printfi_nofloat          
00000200  __STACK_SIZE                  
00000800  __SYSMEM_SIZE                 
00000929  wait_state                    
00000c49  start_game                    
00000f4d  game_state                    
000010bd  setup1                        
000011e5  timer_start                   
00001301  aligned_alloc                 
00001301  memalign                      
00001415  DL_Timer_initTimerMode        
00001511  fputs                         
00001609  free                          
000016f1  setvbuf                       
000017d1  send_message                  
000018ad  __udivmoddi4                  
0000194f  ADC0_IRQHandler               
0000194f  ADC1_IRQHandler               
0000194f  AES_IRQHandler                
0000194f  CANFD0_IRQHandler             
0000194f  DAC0_IRQHandler               
0000194f  DMA_IRQHandler                
0000194f  Default_Handler               
0000194f  GROUP0_IRQHandler             
0000194f  GROUP1_IRQHandler             
0000194f  HardFault_Handler             
0000194f  I2C0_IRQHandler               
0000194f  I2C1_IRQHandler               
0000194f  NMI_Handler                   
0000194f  PendSV_Handler                
0000194f  RTC_IRQHandler                
0000194f  SPI0_IRQHandler               
0000194f  SPI1_IRQHandler               
0000194f  SVC_Handler                   
0000194f  SysTick_Handler               
0000194f  TIMA0_IRQHandler              
0000194f  TIMA1_IRQHandler              
0000194f  TIMG0_IRQHandler              
0000194f  TIMG12_IRQHandler             
0000194f  TIMG6_IRQHandler              
0000194f  TIMG7_IRQHandler              
0000194f  TIMG8_IRQHandler              
0000194f  UART0_IRQHandler              
0000194f  UART1_IRQHandler              
0000194f  UART2_IRQHandler              
0000194f  UART3_IRQHandler              
00001951  fputc                         
000019ed  memcpy                        
00001a87  DL_Common_delayCycles         
00001a91  strcmp                        
00001b19  __TI_closefile                
00001b95  __TI_decompress_lzss          
00001c11  HOSTlseek                     
00001c7d  HOSTrename                    
00001ce9  fseeko                        
00001d55  getdevice                     
00001dc1  main                          
00001e2d  __TI_wrt_ok                   
00001ef5  memset                        
00001f57  __aeabi_idiv0                 
00001f59  HOSTopen                      
00001fb9  printf                        
00002015  HOSTread                      
0000206d  HOSTwrite                     
000020c5  __TI_doflush                  
00002117  __aeabi_ldiv0                 
00002119  close                         
00002169  DL_UART_init                  
000021b1  HOSTclose                     
000021f9  HOSTunlink                    
00002241  __aeabi_uidiv                 
00002241  __aeabi_uidivmod              
00002281  atoi                          
000022c1  __TI_auto_init_nobinit_nopinit
000022fd  __muldsi3                     
00002337  _nop                          
00002339  rand                          
00002371  __TI_cleanup                  
000023a5  __TI_readmsg                  
000023d9  __TI_writemsg                 
00002405  C$$IO$$                       
0000240d  exit                          
00002441  finddevice                    
00002475  SYSCFG_DL_GPIO_init           
000024a5  SYSCFG_DL_initPower           
000024d1  unlink                        
00002525  lseek                         
0000254d  write                         
00002575  _c_int00_noargs               
0000259d  __aeabi_lmul                  
0000259d  __muldi3                      
000025c1  srand                         
000025e5  memccpy                       
00002609  __aeabi_llsl                  
00002609  __ashldi3                     
00002629  DL_Timer_setClockConfig       
00002645  SYSCFG_DL_SYSCTL_init         
0000267d  __TI_zero_init_nomemset       
00002695  __aeabi_uldivmod              
000026a9  DL_UART_setClockConfig        
000026bb  __TI_decompress_none          
000026cd  SYSCFG_DL_init                
000026dd  wcslen                        
000026fd  __aeabi_memset                
000026fd  __aeabi_memset4               
000026fd  __aeabi_memset8               
00002735  __aeabi_memclr                
00002735  __aeabi_memclr4               
00002735  __aeabi_memclr8               
00002741  malloc                        
0000274d  __aeabi_errno_addr            
00002755  __aeabi_memcpy                
00002755  __aeabi_memcpy4               
00002755  __aeabi_memcpy8               
0000276d  fseek                         
00002775  remove                        
0000277d  abort                         
00002782  C$$EXIT                       
00002783  HOSTexit                      
00002787  Reset_Handler                 
0000278b  _system_pre_init              
00002790  __aeabi_ctype_table_          
00002790  __aeabi_ctype_table_C         
00002a94  __TI_Handler_Table_Base       
00002aa0  __TI_Handler_Table_Limit      
00002aa8  __TI_CINIT_Base               
00002ab8  __TI_CINIT_Limit              
00002ab8  __TI_CINIT_Warm               
20200000  __start___llvm_prf_bits       
20200000  __start___llvm_prf_cnts       
20200000  __stop___llvm_prf_bits        
20200000  __stop___llvm_prf_cnts        
20200000  _sys_memory                   
20200800  _ftable                       
202008f0  _device                       
20200968  _stream                       
202009e4  __TI_cleanup_ptr              
202009e8  __TI_dtors_ptr                
202009ec  __TI_ft_end                   
202009f0  __aeabi_errno                 
202009f4  _lock                         
202009f8  _unlock                       
20200a04  _CIOBUF_                      
20200a04  __CIOBUF_                     
20200b24  __TI_tmpnams                  
20200bc4  parmbuf                       
20207e00  __stack                       
20208000  __STACK_END                   
ffffffff  __TI_pprof_out_hndl           
ffffffff  __TI_prof_data_size           
ffffffff  __TI_prof_data_start          
ffffffff  __binit__                     
ffffffff  binit                         
UNDEFED   __mpu_init                    
UNDEFED   _system_post_cinit            

[166 symbols]
