******************************************************************************
            TI ARM Clang Linker PC v4.0.4                      
******************************************************************************
>> Linked Mon May 11 20:49:40 2026

OUTPUT FILE NAME:   <CMPE146FinalProject.out>
ENTRY POINT SYMBOL: "_c_int00_noargs"  address: 000009bd


MEMORY CONFIGURATION

         name            origin    length      used     unused   attr    fill
----------------------  --------  ---------  --------  --------  ----  --------
  FLASH                 00000000   00020000  00000b80  0001f480  R  X
  SRAM                  20200000   00008000  0000022c  00007dd4  RW X
  BCR_CONFIG            41c00000   000000ff  00000000  000000ff  R   
  BSL_CONFIG            41c00100   00000080  00000000  00000080  R   


SEGMENT ALLOCATION MAP

run origin  load origin   length   init length attrs members
----------  ----------- ---------- ----------- ----- -------
00000000    00000000    00000b80   00000b80    r-x
  00000000    00000000    000000c0   000000c0    r-- .intvecs
  000000c0    000000c0    000009a0   000009a0    r-x .text
  00000a60    00000a60    000000d8   000000d8    r-- .rodata
  00000b38    00000b38    00000048   00000048    r-- .cinit
20200000    20200000    0000002c   00000000    rw-
  20200000    20200000    0000002c   00000000    rw- .data
20207e00    20207e00    00000200   00000000    rw-
  20207e00    20207e00    00000200   00000000    rw- .stack


SECTION ALLOCATION MAP

 output                                  attributes/
section   page    origin      length       input sections
--------  ----  ----------  ----------   ----------------
.intvecs   0    00000000    000000c0     
                  00000000    000000c0     startup_mspm0g350x_ticlang.o (.intvecs)

.text      0    000000c0    000009a0     
                  000000c0    00000350     Setup.o (.text.start_game)
                  00000410    0000019c     Setup.o (.text.wait_state)
                  000005ac    000000dc     Setup.o (.text.send_message)
                  00000688    000000dc     Setup.o (.text.setup1)
                  00000764    0000009a     libc.a : memcpy16.S.obj (.text:memcpy)
                  000007fe    00000002     startup_mspm0g350x_ticlang.o (.text.Default_Handler)
                  00000800    0000007c     libc.a : copy_decompress_lzss.c.obj (.text:decompress:lzss)
                  0000087c    00000060     main.o (.text.main)
                  000008dc    00000048     driverlib.a : dl_uart.o (.text.DL_UART_init)
                  00000924    0000003c     libc.a : autoinit.c.obj (.text:__TI_auto_init_nobinit_nopinit)
                  00000960    00000030     ti_msp_dl_config.o (.text.SYSCFG_DL_GPIO_init)
                  00000990    0000002c     ti_msp_dl_config.o (.text.SYSCFG_DL_initPower)
                  000009bc    00000028     libc.a : boot_cortex_m.c.obj (.text:_c_int00_noargs)
                  000009e4    0000001c     ti_msp_dl_config.o (.text.SYSCFG_DL_SYSCTL_init)
                  00000a00    00000012     driverlib.a : dl_uart.o (.text.DL_UART_setClockConfig)
                  00000a12    00000012     libc.a : copy_decompress_none.c.obj (.text:decompress:none)
                  00000a24    00000010     ti_msp_dl_config.o (.text.SYSCFG_DL_init)
                  00000a34    0000000a     driverlib.a : dl_common.o (.text.DL_Common_delayCycles)
                  00000a3e    00000002     --HOLE-- [fill = 0]
                  00000a40    00000008     libclang_rt.builtins.a : aeabi_memcpy.S.obj (.text.__aeabi_memcpy)
                  00000a48    00000006     libc.a : exit.c.obj (.text:abort)
                  00000a4e    00000004     libsysbm.a : hostexit.c.obj (.text.HOSTexit)
                  00000a52    00000004     startup_mspm0g350x_ticlang.o (.text.Reset_Handler)
                  00000a56    00000004     libc.a : pre_init.c.obj (.text._system_pre_init)
                  00000a5a    00000006     --HOLE-- [fill = 0]

.cinit     0    00000b38    00000048     
                  00000b38    00000034     (.cinit..data.load) [load image]
                  00000b6c    00000008     (__TI_handler_table)
                  00000b74    00000008     (__TI_cinit_table)
                  00000b7c    00000004     --HOLE-- [fill = 0]

.rodata    0    00000a60    000000d8     
                  00000a60    0000005b     Setup.o (.rodata.str1.10108267561400382571.1)
                  00000abb    00000037     Setup.o (.rodata.str1.9001949646736387360.1)
                  00000af2    00000002     Setup.o (.rodata.setup1.gUART_0ClockConfig)
                  00000af4    0000001e     main.o (.rodata.str1.10463263676989057200.4)
                  00000b12    00000017     Setup.o (.rodata.str1.11768439243039719328.1)
                  00000b29    00000001     --HOLE-- [fill = 0]
                  00000b2a    0000000a     Setup.o (.rodata.setup1.gUART_0Config)
                  00000b34    00000004     --HOLE-- [fill = 0]

.init_array 
*          0    00000000    00000000     UNINITIALIZED

.binit     0    00000000    00000000     

.data      0    20200000    0000002c     UNINITIALIZED
                  20200000    0000002c     main.o (.data.main.something)

.stack     0    20207e00    00000200     UNINITIALIZED
                  20207e00    00000004     libc.a : boot_cortex_m.c.obj (.stack)
                  20207e04    000001fc     --HOLE--

__llvm_prf_cnts 
*          0    20200000    00000000     UNINITIALIZED

__llvm_prf_bits 
*          0    20200000    00000000     UNINITIALIZED

MODULE SUMMARY

       Module                         code   ro data   rw data
       ------                         ----   -------   -------
    .\
       Setup.o                        1700   181       0      
       main.o                         96     30        44     
       ti_msp_dl_config.o             136    0         0      
    +--+------------------------------+------+---------+---------+
       Total:                         1932   211       44     
                                                              
    .\freertos\ticlang\
       startup_mspm0g350x_ticlang.o   6      192       0      
    +--+------------------------------+------+---------+---------+
       Total:                         6      192       0      
                                                              
    C:/ti/mspm0_sdk_2_09_00_01/source/ti/driverlib/lib/ticlang/m0p/mspm0g1x0x_g3x0x/driverlib.a
       dl_uart.o                      90     0         0      
       dl_common.o                    10     0         0      
    +--+------------------------------+------+---------+---------+
       Total:                         100    0         0      
                                                              
    C:\ti\ccs2020\ccs\tools\compiler\ti-cgt-armllvm_4.0.4.LTS\lib\armv6m-ti-none-eabi/c/libc.a
       memcpy16.S.obj                 154    0         0      
       copy_decompress_lzss.c.obj     124    0         0      
       autoinit.c.obj                 60     0         0      
       boot_cortex_m.c.obj            40     0         0      
       copy_decompress_none.c.obj     18     0         0      
       exit.c.obj                     6      0         0      
       pre_init.c.obj                 4      0         0      
    +--+------------------------------+------+---------+---------+
       Total:                         406    0         0      
                                                              
    C:\ti\ccs2020\ccs\tools\compiler\ti-cgt-armllvm_4.0.4.LTS\lib\armv6m-ti-none-eabi/c/libsysbm.a
       hostexit.c.obj                 4      0         0      
    +--+------------------------------+------+---------+---------+
       Total:                         4      0         0      
                                                              
    C:\ti\ccs2020\ccs\tools\compiler\ti-cgt-armllvm_4.0.4.LTS\lib\armv6m-ti-none-eabi/libclang_rt.builtins.a
       aeabi_memcpy.S.obj             8      0         0      
    +--+------------------------------+------+---------+---------+
       Total:                         8      0         0      
                                                              
       Stack:                         0      0         512    
       Linker Generated:              0      68        0      
    +--+------------------------------+------+---------+---------+
       Grand Total:                   2456   471       556    


LINKER GENERATED COPY TABLES

__TI_cinit_table @ 00000b74 records: 1, size/record: 8, table size: 8
	.data: load addr=00000b38, load size=00000034 bytes, run addr=20200000, run size=0000002c bytes, compression=copy


LINKER GENERATED HANDLER TABLE

__TI_handler_table @ 00000b6c records: 2, size/record: 4, table size: 8
	index: 0, handler: __TI_decompress_lzss
	index: 1, handler: __TI_decompress_none


GLOBAL SYMBOLS: SORTED ALPHABETICALLY BY Name 

address   name                          
-------   ----                          
000007ff  ADC0_IRQHandler               
000007ff  ADC1_IRQHandler               
000007ff  AES_IRQHandler                
00000a4e  C$$EXIT                       
000007ff  CANFD0_IRQHandler             
000007ff  DAC0_IRQHandler               
00000a35  DL_Common_delayCycles         
000008dd  DL_UART_init                  
00000a01  DL_UART_setClockConfig        
000007ff  DMA_IRQHandler                
000007ff  Default_Handler               
000007ff  GROUP0_IRQHandler             
000007ff  GROUP1_IRQHandler             
00000a4f  HOSTexit                      
000007ff  HardFault_Handler             
000007ff  I2C0_IRQHandler               
000007ff  I2C1_IRQHandler               
000007ff  NMI_Handler                   
000007ff  PendSV_Handler                
000007ff  RTC_IRQHandler                
00000a53  Reset_Handler                 
000007ff  SPI0_IRQHandler               
000007ff  SPI1_IRQHandler               
000007ff  SVC_Handler                   
00000961  SYSCFG_DL_GPIO_init           
000009e5  SYSCFG_DL_SYSCTL_init         
00000a25  SYSCFG_DL_init                
00000991  SYSCFG_DL_initPower           
000007ff  SysTick_Handler               
000007ff  TIMA0_IRQHandler              
000007ff  TIMA1_IRQHandler              
000007ff  TIMG0_IRQHandler              
000007ff  TIMG12_IRQHandler             
000007ff  TIMG6_IRQHandler              
000007ff  TIMG7_IRQHandler              
000007ff  TIMG8_IRQHandler              
000007ff  UART0_IRQHandler              
000007ff  UART1_IRQHandler              
000007ff  UART2_IRQHandler              
000007ff  UART3_IRQHandler              
20208000  __STACK_END                   
00000200  __STACK_SIZE                  
00000000  __TI_ATRegion0_region_sz      
00000000  __TI_ATRegion0_src_addr       
00000000  __TI_ATRegion0_trg_addr       
00000000  __TI_ATRegion1_region_sz      
00000000  __TI_ATRegion1_src_addr       
00000000  __TI_ATRegion1_trg_addr       
00000000  __TI_ATRegion2_region_sz      
00000000  __TI_ATRegion2_src_addr       
00000000  __TI_ATRegion2_trg_addr       
00000b74  __TI_CINIT_Base               
00000b7c  __TI_CINIT_Limit              
00000b7c  __TI_CINIT_Warm               
00000b6c  __TI_Handler_Table_Base       
00000b74  __TI_Handler_Table_Limit      
00000925  __TI_auto_init_nobinit_nopinit
00000801  __TI_decompress_lzss          
00000a13  __TI_decompress_none          
ffffffff  __TI_pprof_out_hndl           
ffffffff  __TI_prof_data_size           
ffffffff  __TI_prof_data_start          
00000000  __TI_static_base__            
00000a41  __aeabi_memcpy                
00000a41  __aeabi_memcpy4               
00000a41  __aeabi_memcpy8               
ffffffff  __binit__                     
UNDEFED   __mpu_init                    
20207e00  __stack                       
20200000  __start___llvm_prf_bits       
20200000  __start___llvm_prf_cnts       
20200000  __stop___llvm_prf_bits        
20200000  __stop___llvm_prf_cnts        
000009bd  _c_int00_noargs               
UNDEFED   _system_post_cinit            
00000a57  _system_pre_init              
00000a49  abort                         
ffffffff  binit                         
00000000  interruptVectors              
0000087d  main                          
00000765  memcpy                        
000005ad  send_message                  
00000689  setup1                        
000000c1  start_game                    
00000411  wait_state                    


GLOBAL SYMBOLS: SORTED BY Symbol Address 

address   name                          
-------   ----                          
00000000  __TI_ATRegion0_region_sz      
00000000  __TI_ATRegion0_src_addr       
00000000  __TI_ATRegion0_trg_addr       
00000000  __TI_ATRegion1_region_sz      
00000000  __TI_ATRegion1_src_addr       
00000000  __TI_ATRegion1_trg_addr       
00000000  __TI_ATRegion2_region_sz      
00000000  __TI_ATRegion2_src_addr       
00000000  __TI_ATRegion2_trg_addr       
00000000  __TI_static_base__            
00000000  interruptVectors              
000000c1  start_game                    
00000200  __STACK_SIZE                  
00000411  wait_state                    
000005ad  send_message                  
00000689  setup1                        
00000765  memcpy                        
000007ff  ADC0_IRQHandler               
000007ff  ADC1_IRQHandler               
000007ff  AES_IRQHandler                
000007ff  CANFD0_IRQHandler             
000007ff  DAC0_IRQHandler               
000007ff  DMA_IRQHandler                
000007ff  Default_Handler               
000007ff  GROUP0_IRQHandler             
000007ff  GROUP1_IRQHandler             
000007ff  HardFault_Handler             
000007ff  I2C0_IRQHandler               
000007ff  I2C1_IRQHandler               
000007ff  NMI_Handler                   
000007ff  PendSV_Handler                
000007ff  RTC_IRQHandler                
000007ff  SPI0_IRQHandler               
000007ff  SPI1_IRQHandler               
000007ff  SVC_Handler                   
000007ff  SysTick_Handler               
000007ff  TIMA0_IRQHandler              
000007ff  TIMA1_IRQHandler              
000007ff  TIMG0_IRQHandler              
000007ff  TIMG12_IRQHandler             
000007ff  TIMG6_IRQHandler              
000007ff  TIMG7_IRQHandler              
000007ff  TIMG8_IRQHandler              
000007ff  UART0_IRQHandler              
000007ff  UART1_IRQHandler              
000007ff  UART2_IRQHandler              
000007ff  UART3_IRQHandler              
00000801  __TI_decompress_lzss          
0000087d  main                          
000008dd  DL_UART_init                  
00000925  __TI_auto_init_nobinit_nopinit
00000961  SYSCFG_DL_GPIO_init           
00000991  SYSCFG_DL_initPower           
000009bd  _c_int00_noargs               
000009e5  SYSCFG_DL_SYSCTL_init         
00000a01  DL_UART_setClockConfig        
00000a13  __TI_decompress_none          
00000a25  SYSCFG_DL_init                
00000a35  DL_Common_delayCycles         
00000a41  __aeabi_memcpy                
00000a41  __aeabi_memcpy4               
00000a41  __aeabi_memcpy8               
00000a49  abort                         
00000a4e  C$$EXIT                       
00000a4f  HOSTexit                      
00000a53  Reset_Handler                 
00000a57  _system_pre_init              
00000b6c  __TI_Handler_Table_Base       
00000b74  __TI_CINIT_Base               
00000b74  __TI_Handler_Table_Limit      
00000b7c  __TI_CINIT_Limit              
00000b7c  __TI_CINIT_Warm               
20200000  __start___llvm_prf_bits       
20200000  __start___llvm_prf_cnts       
20200000  __stop___llvm_prf_bits        
20200000  __stop___llvm_prf_cnts        
20207e00  __stack                       
20208000  __STACK_END                   
ffffffff  __TI_pprof_out_hndl           
ffffffff  __TI_prof_data_size           
ffffffff  __TI_prof_data_start          
ffffffff  __binit__                     
ffffffff  binit                         
UNDEFED   __mpu_init                    
UNDEFED   _system_post_cinit            

[85 symbols]
